Archive member included because of file (symbol)

c:/altera/13.0sp1/nios2eds/bin/gnu/h-i686-mingw32/bin/../lib/gcc/nios2-elf/4.1.2\libgcc.a(lib2-divmod.o)
                              obj/default/ps2.o (__divsi3)
c:/altera/13.0sp1/nios2eds/bin/gnu/h-i686-mingw32/bin/../lib/gcc/nios2-elf/4.1.2/../../../../nios2-elf/lib\libc.a(lib_a-exit.o)
                              obj/default/audio.o (exit)
c:/altera/13.0sp1/nios2eds/bin/gnu/h-i686-mingw32/bin/../lib/gcc/nios2-elf/4.1.2/../../../../nios2-elf/lib\libc.a(lib_a-impure.o)
                              c:/altera/13.0sp1/nios2eds/bin/gnu/h-i686-mingw32/bin/../lib/gcc/nios2-elf/4.1.2/../../../../nios2-elf/lib\libc.a(lib_a-exit.o) (_global_impure_ptr)
c:/altera/13.0sp1/nios2eds/bin/gnu/h-i686-mingw32/bin/../lib/gcc/nios2-elf/4.1.2/../../../../nios2-elf/lib\libc.a(lib_a-printf.o)
                              obj/default/audio.o (printf)
c:/altera/13.0sp1/nios2eds/bin/gnu/h-i686-mingw32/bin/../lib/gcc/nios2-elf/4.1.2/../../../../nios2-elf/lib\libc.a(lib_a-puts.o)
                              obj/default/audio.o (puts)
c:/altera/13.0sp1/nios2eds/bin/gnu/h-i686-mingw32/bin/../lib/gcc/nios2-elf/4.1.2/../../../../nios2-elf/lib\libc.a(lib_a-rand.o)
                              obj/default/ps2.o (srand)
c:/altera/13.0sp1/nios2eds/bin/gnu/h-i686-mingw32/bin/../lib/gcc/nios2-elf/4.1.2/../../../../nios2-elf/lib\libc.a(lib_a-strlen.o)
                              c:/altera/13.0sp1/nios2eds/bin/gnu/h-i686-mingw32/bin/../lib/gcc/nios2-elf/4.1.2/../../../../nios2-elf/lib\libc.a(lib_a-puts.o) (strlen)
c:/altera/13.0sp1/nios2eds/bin/gnu/h-i686-mingw32/bin/../lib/gcc/nios2-elf/4.1.2/../../../../nios2-elf/lib\libc.a(lib_a-time.o)
                              obj/default/ps2.o (time)
c:/altera/13.0sp1/nios2eds/bin/gnu/h-i686-mingw32/bin/../lib/gcc/nios2-elf/4.1.2/../../../../nios2-elf/lib\libc.a(lib_a-vfprintf.o)
                              c:/altera/13.0sp1/nios2eds/bin/gnu/h-i686-mingw32/bin/../lib/gcc/nios2-elf/4.1.2/../../../../nios2-elf/lib\libc.a(lib_a-printf.o) (___vfprintf_internal_r)
c:/altera/13.0sp1/nios2eds/bin/gnu/h-i686-mingw32/bin/../lib/gcc/nios2-elf/4.1.2/../../../../nios2-elf/lib\libc.a(lib_a-wsetup.o)
                              c:/altera/13.0sp1/nios2eds/bin/gnu/h-i686-mingw32/bin/../lib/gcc/nios2-elf/4.1.2/../../../../nios2-elf/lib\libc.a(lib_a-vfprintf.o) (__swsetup_r)
c:/altera/13.0sp1/nios2eds/bin/gnu/h-i686-mingw32/bin/../lib/gcc/nios2-elf/4.1.2/../../../../nios2-elf/lib\libc.a(lib_a-__call_atexit.o)
                              c:/altera/13.0sp1/nios2eds/bin/gnu/h-i686-mingw32/bin/../lib/gcc/nios2-elf/4.1.2/../../../../nios2-elf/lib\libc.a(lib_a-exit.o) (__call_exitprocs)
c:/altera/13.0sp1/nios2eds/bin/gnu/h-i686-mingw32/bin/../lib/gcc/nios2-elf/4.1.2/../../../../nios2-elf/lib\libc.a(lib_a-dtoa.o)
                              c:/altera/13.0sp1/nios2eds/bin/gnu/h-i686-mingw32/bin/../lib/gcc/nios2-elf/4.1.2/../../../../nios2-elf/lib\libc.a(lib_a-vfprintf.o) (_dtoa_r)
c:/altera/13.0sp1/nios2eds/bin/gnu/h-i686-mingw32/bin/../lib/gcc/nios2-elf/4.1.2/../../../../nios2-elf/lib\libc.a(lib_a-fflush.o)
                              c:/altera/13.0sp1/nios2eds/bin/gnu/h-i686-mingw32/bin/../lib/gcc/nios2-elf/4.1.2/../../../../nios2-elf/lib\libc.a(lib_a-vfprintf.o) (_fflush_r)
c:/altera/13.0sp1/nios2eds/bin/gnu/h-i686-mingw32/bin/../lib/gcc/nios2-elf/4.1.2/../../../../nios2-elf/lib\libc.a(lib_a-findfp.o)
                              c:/altera/13.0sp1/nios2eds/bin/gnu/h-i686-mingw32/bin/../lib/gcc/nios2-elf/4.1.2/../../../../nios2-elf/lib\libc.a(lib_a-vfprintf.o) (__sinit)
c:/altera/13.0sp1/nios2eds/bin/gnu/h-i686-mingw32/bin/../lib/gcc/nios2-elf/4.1.2/../../../../nios2-elf/lib\libc.a(lib_a-freer.o)
                              c:/altera/13.0sp1/nios2eds/bin/gnu/h-i686-mingw32/bin/../lib/gcc/nios2-elf/4.1.2/../../../../nios2-elf/lib\libc.a(lib_a-wsetup.o) (_free_r)
c:/altera/13.0sp1/nios2eds/bin/gnu/h-i686-mingw32/bin/../lib/gcc/nios2-elf/4.1.2/../../../../nios2-elf/lib\libc.a(lib_a-fvwrite.o)
                              c:/altera/13.0sp1/nios2eds/bin/gnu/h-i686-mingw32/bin/../lib/gcc/nios2-elf/4.1.2/../../../../nios2-elf/lib\libc.a(lib_a-puts.o) (__sfvwrite_r)
c:/altera/13.0sp1/nios2eds/bin/gnu/h-i686-mingw32/bin/../lib/gcc/nios2-elf/4.1.2/../../../../nios2-elf/lib\libc.a(lib_a-fwalk.o)
                              c:/altera/13.0sp1/nios2eds/bin/gnu/h-i686-mingw32/bin/../lib/gcc/nios2-elf/4.1.2/../../../../nios2-elf/lib\libc.a(lib_a-fflush.o) (_fwalk_reent)
c:/altera/13.0sp1/nios2eds/bin/gnu/h-i686-mingw32/bin/../lib/gcc/nios2-elf/4.1.2/../../../../nios2-elf/lib\libc.a(lib_a-gettimeofdayr.o)
                              c:/altera/13.0sp1/nios2eds/bin/gnu/h-i686-mingw32/bin/../lib/gcc/nios2-elf/4.1.2/../../../../nios2-elf/lib\libc.a(lib_a-time.o) (_gettimeofday_r)
c:/altera/13.0sp1/nios2eds/bin/gnu/h-i686-mingw32/bin/../lib/gcc/nios2-elf/4.1.2/../../../../nios2-elf/lib\libc.a(lib_a-int_errno.o)
[...]
Memory Configuration

Name             Origin             Length             Attributes
onchip_memory2_0 0x00000000         0x00001000
reset            0x01000000         0x00000020
sdram            0x01000020         0x007fffe0
*default*        0x00000000         0xffffffff

Linker script and memory map

LOAD ../module1_bsp//obj/HAL/src/crt0.o
LOAD obj/default/audio.o
LOAD obj/default/module1.o
LOAD obj/default/ps2.o
LOAD c:/altera/13.0sp1/nios2eds/bin/gnu/h-i686-mingw32/bin/../lib/gcc/nios2-elf/4.1.2/../../../../nios2-elf/lib\libstdc++.a
LOAD c:/altera/13.0sp1/nios2eds/bin/gnu/h-i686-mingw32/bin/../lib/gcc/nios2-elf/4.1.2/../../../../nios2-elf/lib\libm.a
LOAD c:/altera/13.0sp1/nios2eds/bin/gnu/h-i686-mingw32/bin/../lib/gcc/nios2-elf/4.1.2\libgcc.a
START GROUP
LOAD c:/altera/13.0sp1/nios2eds/bin/gnu/h-i686-mingw32/bin/../lib/gcc/nios2-elf/4.1.2/../../../../nios2-elf/lib\libc.a
LOAD c:/altera/13.0sp1/nios2eds/bin/gnu/h-i686-mingw32/bin/../lib/gcc/nios2-elf/4.1.2\libgcc.a
LOAD ../module1_bsp/\libhal_bsp.a
END GROUP
LOAD c:/altera/13.0sp1/nios2eds/bin/gnu/h-i686-mingw32/bin/../lib/gcc/nios2-elf/4.1.2\libgcc.a
                0x00000000                __alt_mem_onchip_memory2_0 = 0x0
                0x01000000                __alt_mem_sdram = 0x1000000

.entry          0x01000000       0x20
 *(.entry)
 .entry         0x01000000       0x20 ../module1_bsp//obj/HAL/src/crt0.o
                0x01000000                __reset

.exceptions     0x01000020      0x198
                0x01000020                PROVIDE (__ram_exceptions_start, ABSOLUTE (.))
                0x01000020                . = ALIGN (0x20)
 *(.irq)
 *(.exceptions.entry.label)
 .exceptions.entry.label
                0x01000020        0x0 ../module1_bsp/\libhal_bsp.a(alt_irq_entry.o)
                0x01000020                alt_irq_entry
 .exceptions.entry.label
                0x01000020        0x0 ../module1_bsp/\libhal_bsp.a(alt_exception_entry.o)
                0x01000020                alt_exception
 *(.exceptions.entry.user)
 *(.exceptions.entry)
 .exceptions.entry
                0x01000020       0x54 ../module1_bsp/\libhal_bsp.a(alt_exception_entry.o)
 *(.exceptions.irqtest.user)
 *(.exceptions.irqtest)
 .exceptions.irqtest
                0x01000074       0x10 ../module1_bsp/\libhal_bsp.a(alt_irq_entry.o)
 *(.exceptions.irqhandler.user)
 *(.exceptions.irqhandler)
 .exceptions.irqhandler
                0x01000084        0x4 ../module1_bsp/\libhal_bsp.a(alt_irq_entry.o)
 *(.exceptions.irqreturn.user)
 *(.exceptions.irqreturn)
 .exceptions.irqreturn
                0x01000088        0x4 ../module1_bsp/\libhal_bsp.a(alt_irq_entry.o)
 *(.exceptions.notirq.label)
 .exceptions.notirq.label
                0x0100008c        0x0 ../module1_bsp/\libhal_bsp.a(alt_irq_entry.o)
 *(.exceptions.notirq.user)
 *(.exceptions.notirq)
 .exceptions.notirq
                0x0100008c        0x8 ../module1_bsp/\libhal_bsp.a(alt_exception_entry.o)
 *(.exceptions.soft.user)
 *(.exceptions.soft)
 *(.exceptions.unknown.user)
 *(.exceptions.unknown)
 .exceptions.unknown
                0x01000094        0x4 ../module1_bsp/\libhal_bsp.a(alt_exception_entry.o)
 *(.exceptions.exit.label)
 .exceptions.exit.label
                0x01000098        0x0 ../module1_bsp/\libhal_bsp.a(alt_irq_entry.o)
 .exceptions.exit.label
                0x01000098        0x0 ../module1_bsp/\libhal_bsp.a(alt_exception_entry.o)
 *(.exceptions.exit.user)
 *(.exceptions.exit)
 .exceptions.exit
                0x01000098       0x54 ../module1_bsp/\libhal_bsp.a(alt_exception_entry.o)
 *(.exceptions)
 .exceptions    0x010000ec       0xcc ../module1_bsp/\libhal_bsp.a(alt_irq_handler.o)
                0x010000ec                alt_irq_handler
                0x010001b8                PROVIDE (__ram_exceptions_end, ABSOLUTE (.))
                0x01000020                PROVIDE (__flash_exceptions_start, LOADADDR (.exceptions))

.text           0x010001b8    0x17ce4
                0x010001b8                PROVIDE (stext, ABSOLUTE (.))
 *(.interp)
 *(.hash)
 *(.dynsym)
 *(.dynstr)
 *(.gnu.version)
 *(.gnu.version_d)
 *(.gnu.version_r)
 *(.rel.init)
 *(.rela.init)
 *(.rel.text .rel.text.* .rel.gnu.linkonce.t.*)
 *(.rela.text .rela.text.* .rela.gnu.linkonce.t.*)
 *(.rel.fini)
 *(.rela.fini)
 *(.rel.rodata .rel.rodata.* .rel.gnu.linkonce.r.*)
 *(.rela.rodata .rela.rodata.* .rela.gnu.linkonce.r.*)
 *(.rel.data .rel.data.* .rel.gnu.linkonce.d.*)
 *(.rela.data .rela.data.* .rela.gnu.linkonce.d.*)
 *(.rel.tdata .rel.tdata.* .rel.gnu.linkonce.td.*)
 *(.rela.tdata .rela.tdata.* .rela.gnu.linkonce.td.*)
 *(.rel.tbss .rel.tbss.* .rel.gnu.linkonce.tb.*)
 *(.rela.tbss .rela.tbss.* .rela.gnu.linkonce.tb.*)
 *(.rel.ctors)
 *(.rela.ctors)
 *(.rel.dtors)
 *(.rela.dtors)
 *(.rel.got)
 *(.rela.got)
 *(.rel.sdata .rel.sdata.* .rel.gnu.linkonce.s.*)
 *(.rela.sdata .rela.sdata.* .rela.gnu.linkonce.s.*)
 *(.rel.sbss .rel.sbss.* .rel.gnu.linkonce.sb.*)
 *(.rela.sbss .rela.sbss.* .rela.gnu.linkonce.sb.*)
 *(.rel.sdata2 .rel.sdata2.* .rel.gnu.linkonce.s2.*)
 *(.rela.sdata2 .rela.sdata2.* .rela.gnu.linkonce.s2.*)
 *(.rel.sbss2 .rel.sbss2.* .rel.gnu.linkonce.sb2.*)
 *(.rela.sbss2 .rela.sbss2.* .rela.gnu.linkonce.sb2.*)
 *(.rel.bss .rel.bss.* .rel.gnu.linkonce.b.*)
 *(.rela.bss .rela.bss.* .rela.gnu.linkonce.b.*)
 *(.rel.plt)
 *(.rela.plt)
 *(.rel.dyn)
 *(.init)
 *(.plt)
 *(.text .stub .text.* .gnu.linkonce.t.*)
 .text          0x010001b8       0x4c ../module1_bsp//obj/HAL/src/crt0.o
                0x010001b8                _start
 .text          0x01000204      0x6e4 obj/default/audio.o
                0x01000204                av_config_setup
                0x01000278                audio_ISR_repeat
                0x0100030c                audio_ISR_once
                0x010003a4                openFileinSD
                0x010004d0                load_song
                0x010007f0                play_songO
                0x0100086c                play_songR
 .text          0x010008e8       0x3c obj/default/module1.o
                0x010008e8                main
 .text          0x01000924     0x148c obj/default/ps2.o
                0x01000924                draw_note
                0x010009f0                ps2
                0x01000b34                DrawGameScreen
                0x01000f64                GenerateGame
                0x010013cc                UpdateHighScore
                0x010014d4                clearScreen
                0x010015bc                UpdateCombo
                0x01001714                ReadySequence
                0x0100183c                FlashBox
                0x01001a98                EndGame
 .text          0x01001db0      0x14c c:/altera/13.0sp1/nios2eds/bin/gnu/h-i686-mingw32/bin/../lib/gcc/nios2-elf/4.1.2\libgcc.a(lib2-divmod.o)
                0x01001e2c                __divsi3
                0x01001e8c                __modsi3
                0x01001eec                __udivsi3
                0x01001ef4                __umodsi3
 .text          0x01001efc       0x38 c:/altera/13.0sp1/nios2eds/bin/gnu/h-i686-mingw32/bin/../lib/gcc/nios2-elf/4.1.2/../../../../nios2-elf/lib\libc.a(lib_a-exit.o)
                0x01001efc                exit
 .text          0x01001f34        0x0 c:/altera/13.0sp1/nios2eds/bin/gnu/h-i686-mingw32/bin/../lib/gcc/nios2-elf/4.1.2/../../../../nios2-elf/lib\libc.a(lib_a-impure.o)
 .text          0x01001f34       0x78 c:/altera/13.0sp1/nios2eds/bin/gnu/h-i686-mingw32/bin/../lib/gcc/nios2-elf/4.1.2/../../../../nios2-elf/lib\libc.a(lib_a-printf.o)
                0x01001f34                printf
                0x01001f78                _printf_r
 .text          0x01001fac       0xb4 c:/altera/13.0sp1/nios2eds/bin/gnu/h-i686-mingw32/bin/../lib/gcc/nios2-elf/4.1.2/../../../../nios2-elf/lib\libc.a(lib_a-puts.o)
                0x01001fac                _puts_r
                0x0100204c                puts
 .text          0x01002060       0x94 c:/altera/13.0sp1/nios2eds/bin/gnu/h-i686-mingw32/bin/../lib/gcc/nios2-elf/4.1.2/../../../../nios2-elf/lib\libc.a(lib_a-rand.o)
                0x01002060                srand
                0x0100207c                rand
 .text          0x010020f4       0x74 c:/altera/13.0sp1/nios2eds/bin/gnu/h-i686-mingw32/bin/../lib/gcc/nios2-elf/4.1.2/../../../../nios2-elf/lib\libc.a(lib_a-strlen.o)
                0x010020f4                strlen
 .text          0x01002168       0x5c c:/altera/13.0sp1/nios2eds/bin/gnu/h-i686-mingw32/bin/../lib/gcc/nios2-elf/4.1.2/../../../../nios2-elf/lib\libc.a(lib_a-time.o)
                0x01002168                time
 .text          0x010021c4     0x1f28 c:/altera/13.0sp1/nios2eds/bin/gnu/h-i686-mingw32/bin/../lib/gcc/nios2-elf/4.1.2/../../../../nios2-elf/lib\libc.a(lib_a-vfprintf.o)
                0x0100221c                ___vfprintf_internal_r
                0x010040c8                __vfprintf_internal
 .text          0x010040ec      0x13c c:/altera/13.0sp1/nios2eds/bin/gnu/h-i686-mingw32/bin/../lib/gcc/nios2-elf/4.1.2/../../../../nios2-elf/lib\libc.a(lib_a-wsetup.o)
                0x010040ec                __swsetup_r
 .text          0x01004228      0x1b4 c:/altera/13.0sp1/nios2eds/bin/gnu/h-i686-mingw32/bin/../lib/gcc/nios2-elf/4.1.2/../../../../nios2-elf/lib\libc.a(lib_a-__call_atexit.o)
                0x0100422c                __call_exitprocs
 .text          0x010043dc     0x17cc c:/altera/13.0sp1/nios2eds/bin/gnu/h-i686-mingw32/bin/../lib/gcc/nios2-elf/4.1.2/../../../../nios2-elf/lib\libc.a(lib_a-dtoa.o)
                0x010045f4                _dtoa_r
 .text          0x01005ba8      0x230 c:/altera/13.0sp1/nios2eds/bin/gnu/h-i686-mingw32/bin/../lib/gcc/nios2-elf/4.1.2/../../../../nios2-elf/lib\libc.a(lib_a-fflush.o)
                0x01005ba8                _fflush_r
                0x01005da4                fflush
 .text          0x01005dd8      0x2c0 c:/altera/13.0sp1/nios2eds/bin/gnu/h-i686-mingw32/bin/../lib/gcc/nios2-elf/4.1.2/../../../../nios2-elf/lib\libc.a(lib_a-findfp.o)
                0x01005e30                __sfp_lock_acquire
                0x01005e34                __sfp_lock_release
                0x01005e38                __sinit_lock_acquire
                0x01005e3c                __sinit_lock_release
                0x01005e40                __sinit
                0x01005ef4                __fp_unlock_all
                0x01005f0c                __fp_lock_all
                0x01005f24                _cleanup_r
                0x01005f30                _cleanup
                0x01005f40                __sfmoreglue
                0x01005fa8                __sfp
 .text          0x01006098      0x440 c:/altera/13.0sp1/nios2eds/bin/gnu/h-i686-mingw32/bin/../lib/gcc/nios2-elf/4.1.2/../../../../nios2-elf/lib\libc.a(lib_a-freer.o)
                0x01006098                _malloc_trim_r
                0x010061c4                _free_r
 .text          0x010064d8      0x49c c:/altera/13.0sp1/nios2eds/bin/gnu/h-i686-mingw32/bin/../lib/gcc/nios2-elf/4.1.2/../../../../nios2-elf/lib\libc.a(lib_a-fvwrite.o)
                0x010064d8                __sfvwrite_r
 .text          0x01006974      0x180 c:/altera/13.0sp1/nios2eds/bin/gnu/h-i686-mingw32/bin/../lib/gcc/nios2-elf/4.1.2/../../../../nios2-elf/lib\libc.a(lib_a-fwalk.o)
                0x01006974                _fwalk_reent
                0x01006a3c                _fwalk
 .text          0x01006af4       0x74 c:/altera/13.0sp1/nios2eds/bin/gnu/h-i686-mingw32/bin/../lib/gcc/nios2-elf/4.1.2/../../../../nios2-elf/lib\libc.a(lib_a-gettimeofdayr.o)
                0x01006af4                _gettimeofday_r
 .text          0x01006b68        0x0 c:/altera/13.0sp1/nios2eds/bin/gnu/h-i686-mingw32/bin/../lib/gcc/nios2-elf/4.1.2/../../../../nios2-elf/lib\libc.a(lib_a-int_errno.o)
 .text          0x01006b68       0xc4 c:/altera/13.0sp1/nios2eds/bin/gnu/h-i686-mingw32/bin/../lib/gcc/nios2-elf/4.1.2/../../../../nios2-elf/lib\libc.a(lib_a-locale.o)
                0x01006b68                __locale_charset
                0x01006b70                _localeconv_r
                0x01006b7c                localeconv
                0x01006b8c                _setlocale_r
                0x01006c10                setlocale
 .text          0x01006c2c      0x194 c:/altera/13.0sp1/nios2eds/bin/gnu/h-i686-mingw32/bin/../lib/gcc/nios2-elf/4.1.2/../../../../nios2-elf/lib\libc.a(lib_a-makebuf.o)
                0x01006c2c                __smakebuf_r
 .text          0x01006dc0      0x740 c:/altera/13.0sp1/nios2eds/bin/gnu/h-i686-mingw32/bin/../lib/gcc/nios2-elf/4.1.2/../../../../nios2-elf/lib\libc.a(lib_a-mallocr.o)
                0x01006dc0                _malloc_r
 .text          0x01007500       0xe4 c:/altera/13.0sp1/nios2eds/bin/gnu/h-i686-mingw32/bin/../lib/gcc/nios2-elf/4.1.2/../../../../nios2-elf/lib\libc.a(lib_a-memchr.o)
                0x01007500                memchr
 .text          0x010075e4       0xa0 c:/altera/13.0sp1/nios2eds/bin/gnu/h-i686-mingw32/bin/../lib/gcc/nios2-elf/4.1.2/../../../../nios2-elf/lib\libc.a(lib_a-memcpy.o)
                0x010075e4                memcpy
 .text          0x01007684       0xe0 c:/altera/13.0sp1/nios2eds/bin/gnu/h-i686-mingw32/bin/../lib/gcc/nios2-elf/4.1.2/../../../../nios2-elf/lib\libc.a(lib_a-memmove.o)
                0x01007684                memmove
 .text          0x01007764       0x98 c:/altera/13.0sp1/nios2eds/bin/gnu/h-i686-mingw32/bin/../lib/gcc/nios2-elf/4.1.2/../../../../nios2-elf/lib\libc.a(lib_a-memset.o)
                0x01007764                memset
 .text          0x010077fc      0xff4 c:/altera/13.0sp1/nios2eds/bin/gnu/h-i686-mingw32/bin/../lib/gcc/nios2-elf/4.1.2/../../../../nios2-elf/lib\libc.a(lib_a-mprec.o)
                0x010077fc                _Bfree
                0x01007824                __hi0bits
                0x01007894                __lo0bits
                0x01007958                __mcmp
                0x010079b8                __ulp
                0x01007a38                __b2d
                0x01007b58                __ratio
                0x01007c08                _mprec_log10
                0x01007c9c                __copybits
                0x01007cf4                __any_on
                0x01007d7c                _Balloc
                0x01007e38                __d2b
                0x01007fb4                __mdiff
                0x01008140                __lshift
                0x0100828c                __multiply
                0x01008474                __i2b
                0x010084b0                __multadd
                0x010085b0                __pow5mult
                0x010086d0                __s2b
 .text          0x010087f0      0x5f4 c:/altera/13.0sp1/nios2eds/bin/gnu/h-i686-mingw32/bin/../lib/gcc/nios2-elf/4.1.2/../../../../nios2-elf/lib\libc.a(lib_a-reallocr.o)
                0x010087f0                _realloc_r
 .text          0x01008de4       0x40 c:/altera/13.0sp1/nios2eds/bin/gnu/h-i686-mingw32/bin/../lib/gcc/nios2-elf/4.1.2/../../../../nios2-elf/lib\libc.a(lib_a-s_isinfd.o)
                0x01008de4                __isinfd
 .text          0x01008e24       0x30 c:/altera/13.0sp1/nios2eds/bin/gnu/h-i686-mingw32/bin/../lib/gcc/nios2-elf/4.1.2/../../../../nios2-elf/lib\libc.a(lib_a-s_isnand.o)
                0x01008e24                __isnand
 .text          0x01008e54       0x70 c:/altera/13.0sp1/nios2eds/bin/gnu/h-i686-mingw32/bin/../lib/gcc/nios2-elf/4.1.2/../../../../nios2-elf/lib\libc.a(lib_a-sbrkr.o)
                0x01008e54                _sbrk_r
 .text          0x01008ec4      0x14c c:/altera/13.0sp1/nios2eds/bin/gnu/h-i686-mingw32/bin/../lib/gcc/nios2-elf/4.1.2/../../../../nios2-elf/lib\libc.a(lib_a-stdio.o)
                0x01008ec4                __sclose
                0x01008ecc                __sseek
                0x01008f34                __swrite
                0x01008fb0                __sread
 .text          0x01009010       0xbc c:/altera/13.0sp1/nios2eds/bin/gnu/h-i686-mingw32/bin/../lib/gcc/nios2-elf/4.1.2/../../../../nios2-elf/lib\libc.a(lib_a-strcmp.o)
                0x01009010                strcmp
 .text          0x010090cc       0x78 c:/altera/13.0sp1/nios2eds/bin/gnu/h-i686-mingw32/bin/../lib/gcc/nios2-elf/4.1.2/../../../../nios2-elf/lib\libc.a(lib_a-writer.o)
                0x010090cc                _write_r
 .text          0x01009144       0xb4 c:/altera/13.0sp1/nios2eds/bin/gnu/h-i686-mingw32/bin/../lib/gcc/nios2-elf/4.1.2/../../../../nios2-elf/lib\libc.a(lib_a-callocr.o)
                0x01009144                _calloc_r
 .text          0x010091f8       0x70 c:/altera/13.0sp1/nios2eds/bin/gnu/h-i686-mingw32/bin/../lib/gcc/nios2-elf/4.1.2/../../../../nios2-elf/lib\libc.a(lib_a-closer.o)
                0x010091f8                _close_r
 .text          0x01009268      0x124 c:/altera/13.0sp1/nios2eds/bin/gnu/h-i686-mingw32/bin/../lib/gcc/nios2-elf/4.1.2/../../../../nios2-elf/lib\libc.a(lib_a-fclose.o)
                0x01009268                _fclose_r
                0x01009378                fclose
 .text          0x0100938c       0x74 c:/altera/13.0sp1/nios2eds/bin/gnu/h-i686-mingw32/bin/../lib/gcc/nios2-elf/4.1.2/../../../../nios2-elf/lib\libc.a(lib_a-fstatr.o)
                0x0100938c                _fstat_r
 .text          0x01009400       0x70 c:/altera/13.0sp1/nios2eds/bin/gnu/h-i686-mingw32/bin/../lib/gcc/nios2-elf/4.1.2/../../../../nios2-elf/lib\libc.a(lib_a-isattyr.o)
                0x01009400                _isatty_r
 .text          0x01009470       0x78 c:/altera/13.0sp1/nios2eds/bin/gnu/h-i686-mingw32/bin/../lib/gcc/nios2-elf/4.1.2/../../../../nios2-elf/lib\libc.a(lib_a-lseekr.o)
                0x01009470                _lseek_r
 .text          0x010094e8       0x78 c:/altera/13.0sp1/nios2eds/bin/gnu/h-i686-mingw32/bin/../lib/gcc/nios2-elf/4.1.2/../../../../nios2-elf/lib\libc.a(lib_a-readr.o)
                0x010094e8                _read_r
 .text          0x01009560       0x98 c:/altera/13.0sp1/nios2eds/bin/gnu/h-i686-mingw32/bin/../lib/gcc/nios2-elf/4.1.2\libgcc.a(_muldi3.o)
                0x01009560                __muldi3
 .text          0x010095f8      0x5dc c:/altera/13.0sp1/nios2eds/bin/gnu/h-i686-mingw32/bin/../lib/gcc/nios2-elf/4.1.2\libgcc.a(_udivdi3.o)
                0x010095f8                __udivdi3
 .text          0x01009bd4      0x5b0 c:/altera/13.0sp1/nios2eds/bin/gnu/h-i686-mingw32/bin/../lib/gcc/nios2-elf/4.1.2\libgcc.a(_umoddi3.o)
                0x01009bd4                __umoddi3
 .text          0x0100a184      0x504 c:/altera/13.0sp1/nios2eds/bin/gnu/h-i686-mingw32/bin/../lib/gcc/nios2-elf/4.1.2\libgcc.a(_addsub_df.o)
                0x0100a594                __subdf3
                0x0100a614                __adddf3
 .text          0x0100a688      0x3c4 c:/altera/13.0sp1/nios2eds/bin/gnu/h-i686-mingw32/bin/../lib/gcc/nios2-elf/4.1.2\libgcc.a(_mul_df.o)
                0x0100a688                __muldf3
 .text          0x0100aa4c      0x258 c:/altera/13.0sp1/nios2eds/bin/gnu/h-i686-mingw32/bin/../lib/gcc/nios2-elf/4.1.2\libgcc.a(_div_df.o)
                0x0100aa4c                __divdf3
 .text          0x0100aca4       0x88 c:/altera/13.0sp1/nios2eds/bin/gnu/h-i686-mingw32/bin/../lib/gcc/nios2-elf/4.1.2\libgcc.a(_eq_df.o)
                0x0100aca4                __eqdf2
 .text          0x0100ad2c       0x88 c:/altera/13.0sp1/nios2eds/bin/gnu/h-i686-mingw32/bin/../lib/gcc/nios2-elf/4.1.2\libgcc.a(_ne_df.o)
                0x0100ad2c                __nedf2
 .text          0x0100adb4       0x88 c:/altera/13.0sp1/nios2eds/bin/gnu/h-i686-mingw32/bin/../lib/gcc/nios2-elf/4.1.2\libgcc.a(_gt_df.o)
                0x0100adb4                __gtdf2
 .text          0x0100ae3c       0x88 c:/altera/13.0sp1/nios2eds/bin/gnu/h-i686-mingw32/bin/../lib/gcc/nios2-elf/4.1.2\libgcc.a(_ge_df.o)
                0x0100ae3c                __gedf2
 .text          0x0100aec4       0x88 c:/altera/13.0sp1/nios2eds/bin/gnu/h-i686-mingw32/bin/../lib/gcc/nios2-elf/4.1.2\libgcc.a(_lt_df.o)
                0x0100aec4                __ltdf2
 .text          0x0100af4c       0xf8 c:/altera/13.0sp1/nios2eds/bin/gnu/h-i686-mingw32/bin/../lib/gcc/nios2-elf/4.1.2\libgcc.a(_si_to_df.o)
                0x0100af4c                __floatsidf
 .text          0x0100b044       0xd8 c:/altera/13.0sp1/nios2eds/bin/gnu/h-i686-mingw32/bin/../lib/gcc/nios2-elf/4.1.2\libgcc.a(_df_to_si.o)
                0x0100b044                __fixdfsi
 .text          0x0100b11c        0x0 c:/altera/13.0sp1/nios2eds/bin/gnu/h-i686-mingw32/bin/../lib/gcc/nios2-elf/4.1.2\libgcc.a(_thenan_df.o)
 .text          0x0100b11c      0x194 c:/altera/13.0sp1/nios2eds/bin/gnu/h-i686-mingw32/bin/../lib/gcc/nios2-elf/4.1.2\libgcc.a(_usi_to_df.o)
                0x0100b11c                __floatunsidf
 .text          0x0100b2b0        0x0 c:/altera/13.0sp1/nios2eds/bin/gnu/h-i686-mingw32/bin/../lib/gcc/nios2-elf/4.1.2\libgcc.a(_clz.o)
 .text          0x0100b2b0       0x80 c:/altera/13.0sp1/nios2eds/bin/gnu/h-i686-mingw32/bin/../lib/gcc/nios2-elf/4.1.2\libgcc.a(_clzsi2.o)
                0x0100b2b0                __clzsi2
 .text          0x0100b330      0x314 c:/altera/13.0sp1/nios2eds/bin/gnu/h-i686-mingw32/bin/../lib/gcc/nios2-elf/4.1.2\libgcc.a(_pack_df.o)
                0x0100b330                __pack_d
 .text          0x0100b644      0x138 c:/altera/13.0sp1/nios2eds/bin/gnu/h-i686-mingw32/bin/../lib/gcc/nios2-elf/4.1.2\libgcc.a(_unpack_df.o)
                0x0100b644                __unpack_d
 .text          0x0100b77c       0xc8 c:/altera/13.0sp1/nios2eds/bin/gnu/h-i686-mingw32/bin/../lib/gcc/nios2-elf/4.1.2\libgcc.a(_fpcmp_parts_df.o)
                0x0100b77c                __fpcmp_parts_d
 .text          0x0100b844      0x15c ../module1_bsp/\libhal_bsp.a(alt_close.o)
                0x0100b844                close
 .text          0x0100b9a0       0x2c ../module1_bsp/\libhal_bsp.a(alt_dev.o)
 .text          0x0100b9cc        0x0 ../module1_bsp/\libhal_bsp.a(alt_errno.o)
 .text          0x0100b9cc       0x60 ../module1_bsp/\libhal_bsp.a(alt_exit.o)
                0x0100ba0c                _exit
 .text          0x0100ba2c      0x134 ../module1_bsp/\libhal_bsp.a(alt_fstat.o)
                0x0100ba2c                fstat
 .text          0x0100bb60      0x21c ../module1_bsp/\libhal_bsp.a(alt_gettod.o)
                0x0100bb60                gettimeofday
 .text          0x0100bd7c      0x1c0 ../module1_bsp/\libhal_bsp.a(alt_irq_register.o)
                0x0100bd7c                alt_irq_register
 .text          0x0100bf3c        0x0 ../module1_bsp/\libhal_bsp.a(alt_irq_vars.o)
 .text          0x0100bf3c      0x120 ../module1_bsp/\libhal_bsp.a(alt_isatty.o)
                0x0100bf3c                isatty
 .text          0x0100c05c       0xec ../module1_bsp/\libhal_bsp.a(alt_load.o)
                0x0100c05c                alt_load
 .text          0x0100c148      0x150 ../module1_bsp/\libhal_bsp.a(alt_lseek.o)
                0x0100c148                lseek
 .text          0x0100c298       0x6c ../module1_bsp/\libhal_bsp.a(alt_main.o)
                0x0100c298                alt_main
 .text          0x0100c304       0x40 ../module1_bsp/\libhal_bsp.a(alt_malloc_lock.o)
                0x0100c304                __malloc_lock
                0x0100c324                __malloc_unlock
 .text          0x0100c344      0x180 ../module1_bsp/\libhal_bsp.a(alt_read.o)
                0x0100c344                read
 .text          0x0100c4c4       0x60 ../module1_bsp/\libhal_bsp.a(alt_release_fd.o)
                0x0100c4c4                alt_release_fd
 .text          0x0100c524       0xbc ../module1_bsp/\libhal_bsp.a(alt_sbrk.o)
                0x0100c524                sbrk
 .text          0x0100c5e0      0x1a4 ../module1_bsp/\libhal_bsp.a(alt_tick.o)
                0x0100c5e0                alt_alarm_stop
                0x0100c678                alt_tick
 .text          0x0100c784       0x30 ../module1_bsp/\libhal_bsp.a(alt_usleep.o)
                0x0100c784                usleep
 .text          0x0100c7b4      0x180 ../module1_bsp/\libhal_bsp.a(alt_write.o)
                0x0100c7b4                write
 .text          0x0100c934      0x3cc ../module1_bsp/\libhal_bsp.a(alt_sys_init.o)
                0x0100c934                alt_irq_init
                0x0100c968                alt_sys_init
 .text          0x0100cd00     0x4604 ../module1_bsp/\libhal_bsp.a(Altera_UP_SD_Card_Avalon_Interface.o)
                0x0100cd00                Write_Sector_Data
                0x0100cdc8                Save_Modified_Sector
                0x0100ce18                Read_Sector_Data
                0x0100cf14                get_cluster_flag
                0x0100cfcc                mark_cluster
                0x0100d0b0                Check_for_Master_Boot_Record
                0x0100d260                Read_File_Record_At_Offset
                0x0100d4e4                Write_File_Record_At_Offset
                0x0100d79c                Check_for_DOS_FAT
                0x0100dde4                Look_for_FAT16
                0x0100dee8                filename_to_upper_case
                0x0100dfb8                check_file_name_for_FAT16_compliance
                0x0100e248                get_dir_divider_location
                0x0100e308                match_file_record_to_name_ext
                0x0100e5f4                get_home_directory_cluster_for_file
                0x0100eb08                find_file_in_directory
                0x0100ef6c                find_first_empty_cluster
                0x0100f110                find_first_empty_record_in_a_subdirectory
                0x0100f35c                find_first_empty_record_in_root_directory
                0x0100f488                convert_filename_to_name_extension
                0x0100f640                create_file
                0x0100f914                copy_file_record_name_to_string
                0x0100fa68                alt_up_sd_card_open_dev
                0x0100fb2c                alt_up_sd_card_is_Present
                0x0100fbf4                alt_up_sd_card_is_FAT16
                0x0100fc68                alt_up_sd_card_find_first
                0x0100fd3c                alt_up_sd_card_find_next
                0x010100ec                alt_up_sd_card_fopen
                0x01010494                alt_up_sd_card_set_attributes
                0x01010524                alt_up_sd_card_get_attributes
                0x010105b0                alt_up_sd_card_read
                0x01010944                alt_up_sd_card_write
                0x01010f80                alt_up_sd_card_fclose
                0x01011178                Read_Sector_Data_CRC
                0x01011274                Read_Sector_Data_Attempt_CRC
 .text          0x01011304      0x148 ../module1_bsp/\libhal_bsp.a(altera_avalon_jtag_uart_fd.o)
                0x01011304                altera_avalon_jtag_uart_read_fd
                0x0101135c                altera_avalon_jtag_uart_write_fd
                0x010113b4                altera_avalon_jtag_uart_close_fd
                0x010113fc                altera_avalon_jtag_uart_ioctl_fd
 .text          0x0101144c      0x408 ../module1_bsp/\libhal_bsp.a(altera_avalon_jtag_uart_init.o)
                0x0101144c                altera_avalon_jtag_uart_init
                0x010117e0                altera_avalon_jtag_uart_close
 .text          0x01011854       0xf4 ../module1_bsp/\libhal_bsp.a(altera_avalon_jtag_uart_ioctl.o)
                0x01011854                altera_avalon_jtag_uart_ioctl
 .text          0x01011948      0x224 ../module1_bsp/\libhal_bsp.a(altera_avalon_jtag_uart_read.o)
                0x01011948                altera_avalon_jtag_uart_read
 .text          0x01011b6c      0x240 ../module1_bsp/\libhal_bsp.a(altera_avalon_jtag_uart_write.o)
                0x01011b6c                altera_avalon_jtag_uart_write
 .text          0x01011dac       0xfc ../module1_bsp/\libhal_bsp.a(altera_avalon_timer_sc.o)
                0x01011e20                alt_avalon_timer_sc_init
 .text          0x01011ea8      0x80c ../module1_bsp/\libhal_bsp.a(altera_up_avalon_audio.o)
                0x01011ea8                alt_up_audio_open_dev
                0x01011ee8                alt_up_audio_enable_read_interrupt
                0x01011f34                alt_up_audio_disable_read_interrupt
                0x01011f84                alt_up_audio_enable_write_interrupt
                0x01011fd0                alt_up_audio_disable_write_interrupt
                0x01012020                alt_up_audio_read_interrupt_pending
                0x0101205c                alt_up_audio_write_interrupt_pending
                0x01012098                alt_up_audio_reset_audio_core
                0x01012120                alt_up_audio_read_fifo_avail
                0x01012190                alt_up_audio_record_r
                0x01012200                alt_up_audio_record_l
                0x01012270                alt_up_audio_write_fifo_space
                0x010122e4                alt_up_audio_play_r
                0x01012354                alt_up_audio_play_l
                0x010123c4                alt_up_audio_read_fifo
                0x010124c8                alt_up_audio_write_fifo
                0x010125f4                alt_up_audio_read_fifo_head
                0x01012654                alt_up_audio_write_fifo_head
 .text          0x010126b4      0x788 ../module1_bsp/\libhal_bsp.a(altera_up_avalon_audio_and_video_config.o)
                0x010126b4                alt_up_av_config_open_dev
                0x01012718                alt_up_av_config_write_data
                0x0101277c                alt_up_av_config_read_data
                0x01012808                alt_up_av_config_reset
                0x01012840                alt_up_av_config_enable_interrupt
                0x01012878                alt_up_av_config_disable_interrupt
                0x010128a8                alt_up_av_config_read_acknowledge
                0x01012910                alt_up_av_config_read_ready
                0x01012948                alt_up_av_config_write_audio_cfg_register
                0x010129f4                alt_up_av_config_read_video_cfg_register
                0x01012aec                alt_up_av_config_write_video_cfg_register
                0x01012be4                alt_up_av_config_read_DC2_cfg_register
                0x01012c48                alt_up_av_config_write_DC2_cfg_register
                0x01012cac                alt_up_av_config_read_D5M_cfg_register
                0x01012d10                alt_up_av_config_write_D5M_cfg_register
                0x01012d74                alt_up_av_config_read_LTM_cfg_register
                0x01012dd8                alt_up_av_config_write_LTM_cfg_register
 .text          0x01012e3c      0x530 ../module1_bsp/\libhal_bsp.a(altera_up_avalon_character_lcd.o)
                0x01012e3c                get_DDRAM_addr
                0x01012eb8                alt_up_character_lcd_send_cmd
                0x01012eec                alt_up_character_lcd_init
                0x01012f20                alt_up_character_lcd_open_dev
                0x01012f60                alt_up_character_lcd_write
                0x01012fd8                alt_up_character_lcd_string
                0x01013050                alt_up_character_lcd_write_fd
                0x0101309c                alt_up_character_lcd_set_cursor_pos
                0x01013114                alt_up_character_lcd_shift_cursor
                0x010131c4                alt_up_character_lcd_shift_display
                0x01013274                alt_up_character_lcd_erase_pos
                0x01013304                alt_up_character_lcd_cursor_off
                0x01013338                alt_up_character_lcd_cursor_blink_on
 .text          0x0101336c      0x700 ../module1_bsp/\libhal_bsp.a(altera_up_avalon_ps2.o)
                0x0101336c                read_RI_bit
                0x010133a0                read_RE_bit
                0x010133d0                read_CE_bit
                0x01013404                read_num_bytes_available
                0x01013438                read_data_valid
                0x0101346c                read_data_byte
                0x01013498                alt_up_ps2_init
                0x01013564                alt_up_ps2_enable_read_interrupt
                0x010135b8                alt_up_ps2_disable_read_interrupt
                0x01013610                alt_up_ps2_write_data_byte
                0x01013688                alt_up_ps2_wait_for_ack
                0x010136f8                alt_up_ps2_write_data_byte_with_ack
                0x01013764                alt_up_ps2_read_data_byte_timeout
                0x01013814                alt_up_ps2_read_data_byte
                0x01013890                alt_up_ps2_clear_fifo
                0x010138e8                alt_up_ps2_read_fd
                0x01013984                alt_up_ps2_write_fd
                0x01013a2c                alt_up_ps2_open_dev
 .text          0x01013a6c      0x304 ../module1_bsp/\libhal_bsp.a(altera_up_avalon_video_character_buffer_with_dma.o)
                0x01013a6c                alt_up_char_buffer_init
                0x01013af0                alt_up_char_buffer_open_dev
                0x01013b30                alt_up_char_buffer_draw
                0x01013c00                alt_up_char_buffer_string
                0x01013d14                alt_up_char_buffer_clear
 .text          0x01013d70     0x156c ../module1_bsp/\libhal_bsp.a(altera_up_avalon_video_pixel_buffer_dma.o)
                0x01013d70                alt_up_pixel_buffer_dma_open_dev
                0x01013db0                alt_up_pixel_buffer_dma_draw
                0x01013f50                alt_up_pixel_buffer_dma_change_back_buffer_address
                0x01013fa8                alt_up_pixel_buffer_dma_swap_buffers
                0x01014000                alt_up_pixel_buffer_dma_check_swap_buffers_status
                0x01014034                alt_up_pixel_buffer_dma_clear_screen
                0x01014198                alt_up_pixel_buffer_dma_draw_box
                0x0101468c                alt_up_pixel_buffer_dma_draw_hline
                0x010149dc                alt_up_pixel_buffer_dma_draw_vline
                0x01014dac                alt_up_pixel_buffer_dma_draw_rectangle
                0x01014e70                helper_plot_pixel
                0x01014f40                alt_up_pixel_buffer_dma_draw_line
 .text          0x010152dc      0x620 ../module1_bsp/\libhal_bsp.a(altera_up_ps2_keyboard.o)
                0x010152dc                get_multi_byte_make_code_index
                0x01015354                get_single_byte_make_code_index
                0x010153cc                get_next_state
                0x01015650                decode_scancode
                0x01015714                set_keyboard_rate
                0x01015774                translate_make_code
                0x0101587c                reset_keyboard
 .text          0x010158fc      0x154 ../module1_bsp/\libhal_bsp.a(alt_alarm_start.o)
                0x010158fc                alt_alarm_start
 .text          0x01015a50      0x14c ../module1_bsp/\libhal_bsp.a(alt_busy_sleep.o)
                0x01015a50                alt_busy_sleep
 .text          0x01015b9c       0x44 ../module1_bsp/\libhal_bsp.a(alt_dcache_flush_all.o)
                0x01015b9c                alt_dcache_flush_all
 .text          0x01015be0      0x114 ../module1_bsp/\libhal_bsp.a(alt_dev_llist_insert.o)
                0x01015be0                alt_dev_llist_insert
 .text          0x01015cf4       0x64 ../module1_bsp/\libhal_bsp.a(alt_do_ctors.o)
                0x01015cf4                _do_ctors
 .text          0x01015d58       0x64 ../module1_bsp/\libhal_bsp.a(alt_do_dtors.o)
                0x01015d58                _do_dtors
 .text          0x01015dbc       0x94 ../module1_bsp/\libhal_bsp.a(alt_find_dev.o)
                0x01015dbc                alt_find_dev
 .text          0x01015e50       0x30 ../module1_bsp/\libhal_bsp.a(alt_icache_flush_all.o)
                0x01015e50                alt_icache_flush_all
 .text          0x01015e80      0x13c ../module1_bsp/\libhal_bsp.a(alt_io_redirect.o)
                0x01015f44                alt_io_redirect
 .text          0x01015fbc        0x0 ../module1_bsp/\libhal_bsp.a(alt_irq_entry.o)
 .text          0x01015fbc        0x0 ../module1_bsp/\libhal_bsp.a(alt_irq_handler.o)
 .text          0x01015fbc      0x2c4 ../module1_bsp/\libhal_bsp.a(alt_open.o)
                0x01016098                open
 .text          0x01016280       0x20 ../module1_bsp/\libhal_bsp.a(altera_nios2_qsys_irq.o)
                0x01016280                altera_nios2_qsys_irq_init
 .text          0x010162a0        0x0 ../module1_bsp/\libhal_bsp.a(alt_exception_entry.o)
 .text          0x010162a0      0x120 ../module1_bsp/\libhal_bsp.a(alt_find_file.o)
                0x010162a0                alt_find_file
 .text          0x010163c0       0xb8 ../module1_bsp/\libhal_bsp.a(alt_get_fd.o)
                0x010163c0                alt_get_fd
 .text          0x01016478       0x90 ../module1_bsp/\libhal_bsp.a(alt_icache_flush.o)
                0x01016478                alt_icache_flush
 .text          0x01016508       0x78 c:/altera/13.0sp1/nios2eds/bin/gnu/h-i686-mingw32/bin/../lib/gcc/nios2-elf/4.1.2/../../../../nios2-elf/lib\libc.a(lib_a-assert.o)
                0x01016508                __assert_func
                0x0101656c                __assert
 .text          0x01016580       0x14 c:/altera/13.0sp1/nios2eds/bin/gnu/h-i686-mingw32/bin/../lib/gcc/nios2-elf/4.1.2/../../../../nios2-elf/lib\libc.a(lib_a-atexit.o)
                0x01016580                atexit
 .text          0x01016594       0x6c c:/altera/13.0sp1/nios2eds/bin/gnu/h-i686-mingw32/bin/../lib/gcc/nios2-elf/4.1.2/../../../../nios2-elf/lib\libc.a(lib_a-fiprintf.o)
                0x01016594                fiprintf
                0x010165d8                _fiprintf_r
 .text          0x01016600       0x74 c:/altera/13.0sp1/nios2eds/bin/gnu/h-i686-mingw32/bin/../lib/gcc/nios2-elf/4.1.2/../../../../nios2-elf/lib\libc.a(lib_a-memcmp.o)
                0x01016600                memcmp
 .text          0x01016674       0x8c c:/altera/13.0sp1/nios2eds/bin/gnu/h-i686-mingw32/bin/../lib/gcc/nios2-elf/4.1.2/../../../../nios2-elf/lib\libc.a(lib_a-strcpy.o)
                0x01016674                strcpy
 .text          0x01016700       0x1c c:/altera/13.0sp1/nios2eds/bin/gnu/h-i686-mingw32/bin/../lib/gcc/nios2-elf/4.1.2/../../../../nios2-elf/lib\libc.a(lib_a-vfiprintfr_1.o)
                0x01016700                _vfiprintf_r
 .text          0x0101671c      0x134 c:/altera/13.0sp1/nios2eds/bin/gnu/h-i686-mingw32/bin/../lib/gcc/nios2-elf/4.1.2/../../../../nios2-elf/lib\libc.a(lib_a-__atexit.o)
                0x0101671c                __register_exitproc
 .text          0x01016850       0x18 c:/altera/13.0sp1/nios2eds/bin/gnu/h-i686-mingw32/bin/../lib/gcc/nios2-elf/4.1.2/../../../../nios2-elf/lib\libc.a(lib_a-abort.o)
                0x01016850                abort
 .text          0x01016868      0x2d8 c:/altera/13.0sp1/nios2eds/bin/gnu/h-i686-mingw32/bin/../lib/gcc/nios2-elf/4.1.2/../../../../nios2-elf/lib\libc.a(lib_a-signal.o)
                0x01016868                _raise_r
                0x01016934                raise
                0x01016948                _init_signal_r
                0x010169ac                _init_signal
                0x010169bc                __sigtramp_r
                0x01016a70                __sigtramp
                0x01016a84                _signal_r
                0x01016b24                signal
 .text          0x01016b40       0x78 c:/altera/13.0sp1/nios2eds/bin/gnu/h-i686-mingw32/bin/../lib/gcc/nios2-elf/4.1.2/../../../../nios2-elf/lib\libc.a(lib_a-signalr.o)
                0x01016b40                _getpid_r
                0x01016b44                _kill_r
 .text          0x01016bb8     0x1120 c:/altera/13.0sp1/nios2eds/bin/gnu/h-i686-mingw32/bin/../lib/gcc/nios2-elf/4.1.2/../../../../nios2-elf/lib\libc.a(lib_a-vfiprintf.o)
                0x01016c10                ___vfiprintf_internal_r
                0x01017cb4                __vfiprintf_internal
 .text          0x01017cd8       0x20 ../module1_bsp/\libhal_bsp.a(alt_getpid.o)
                0x01017cd8                getpid
 .text          0x01017cf8      0x1a0 ../module1_bsp/\libhal_bsp.a(alt_kill.o)
                0x01017cf8                kill
 *(.gnu.warning.*)
 *(.fini)
                0x01017e98                PROVIDE (__etext, ABSOLUTE (.))
                0x01017e98                PROVIDE (_etext, ABSOLUTE (.))
                0x01017e98                PROVIDE (etext, ABSOLUTE (.))
 *(.eh_frame_hdr)
                0x01017e98                . = ALIGN (0x4)
                0x01017e98                PROVIDE (__preinit_array_start, ABSOLUTE (.))
 *(.preinit_array)
                0x01017e98                PROVIDE (__preinit_array_end, ABSOLUTE (.))
                0x01017e98                PROVIDE (__init_array_start, ABSOLUTE (.))
 *(.init_array)
                0x01017e98                PROVIDE (__init_array_end, ABSOLUTE (.))
                0x01017e98                PROVIDE (__fini_array_start, ABSOLUTE (.))
 *(.fini_array)
                0x01017e98                PROVIDE (__fini_array_end, ABSOLUTE (.))
 *(.eh_frame)
 *(.gcc_except_table)
 *(.dynamic)
                0x01017e98                PROVIDE (__CTOR_LIST__, ABSOLUTE (.))
 *(.ctors)
 *(SORT(.ctors.*))
 .ctors.65535   0x01017e98        0x4 c:/altera/13.0sp1/nios2eds/bin/gnu/h-i686-mingw32/bin/../lib/gcc/nios2-elf/4.1.2/../../../../nios2-elf/lib\libc.a(lib_a-__call_atexit.o)
                0x01017e9c                PROVIDE (__CTOR_END__, ABSOLUTE (.))
                0x01017e9c                PROVIDE (__DTOR_LIST__, ABSOLUTE (.))
 *(.dtors)
 *(SORT(.dtors.*))
                0x01017e9c                PROVIDE (__DTOR_END__, ABSOLUTE (.))
 *(.jcr)
                0x01017e9c                . = ALIGN (0x4)

.rodata         0x01017e9c      0xd78
                0x01017e9c                PROVIDE (__ram_rodata_start, ABSOLUTE (.))
                0x01017e9c                . = ALIGN (0x4)
 *(.rodata .rodata.* .gnu.linkonce.r.*)
 .rodata        0x01017e9c      0x220 obj/default/audio.o
 .rodata        0x010180bc        0x8 obj/default/module1.o
 .rodata        0x010180c4      0x44c obj/default/ps2.o
 .rodata.str1.4
                0x01018510        0x2 c:/altera/13.0sp1/nios2eds/bin/gnu/h-i686-mingw32/bin/../lib/gcc/nios2-elf/4.1.2/../../../../nios2-elf/lib\libc.a(lib_a-impure.o)
                                  0x4 (size before relaxing)
 *fill*         0x01018512        0x2 00
 .rodata.str1.4
                0x01018514        0x2 c:/altera/13.0sp1/nios2eds/bin/gnu/h-i686-mingw32/bin/../lib/gcc/nios2-elf/4.1.2/../../../../nios2-elf/lib\libc.a(lib_a-puts.o)
                                  0x4 (size before relaxing)
 *fill*         0x01018516        0x2 00
 .rodata.str1.4
                0x01018518       0x5e c:/altera/13.0sp1/nios2eds/bin/gnu/h-i686-mingw32/bin/../lib/gcc/nios2-elf/4.1.2/../../../../nios2-elf/lib\libc.a(lib_a-vfprintf.o)
                                 0x60 (size before relaxing)
 .rodata        0x01018576       0x20 c:/altera/13.0sp1/nios2eds/bin/gnu/h-i686-mingw32/bin/../lib/gcc/nios2-elf/4.1.2/../../../../nios2-elf/lib\libc.a(lib_a-vfprintf.o)
 *fill*         0x01018596        0x2 00
 .rodata.str1.4
                0x01018598       0x10 c:/altera/13.0sp1/nios2eds/bin/gnu/h-i686-mingw32/bin/../lib/gcc/nios2-elf/4.1.2/../../../../nios2-elf/lib\libc.a(lib_a-dtoa.o)
                                 0x14 (size before relaxing)
 .rodata.str1.4
                0x010185a8        0xf c:/altera/13.0sp1/nios2eds/bin/gnu/h-i686-mingw32/bin/../lib/gcc/nios2-elf/4.1.2/../../../../nios2-elf/lib\libc.a(lib_a-locale.o)
                                 0x18 (size before relaxing)
 *fill*         0x010185b7        0x1 00
 .rodata        0x010185b8       0x30 c:/altera/13.0sp1/nios2eds/bin/gnu/h-i686-mingw32/bin/../lib/gcc/nios2-elf/4.1.2/../../../../nios2-elf/lib\libc.a(lib_a-locale.o)
 .rodata        0x010185e8      0x124 c:/altera/13.0sp1/nios2eds/bin/gnu/h-i686-mingw32/bin/../lib/gcc/nios2-elf/4.1.2/../../../../nios2-elf/lib\libc.a(lib_a-mprec.o)
                0x010185e8                __mprec_tens
                0x010186b0                __mprec_bigtens
                0x010186d8                __mprec_tinytens
 .rodata        0x0101870c       0x14 c:/altera/13.0sp1/nios2eds/bin/gnu/h-i686-mingw32/bin/../lib/gcc/nios2-elf/4.1.2\libgcc.a(_thenan_df.o)
                0x0101870c                __thenan_df
 .rodata        0x01018720      0x100 c:/altera/13.0sp1/nios2eds/bin/gnu/h-i686-mingw32/bin/../lib/gcc/nios2-elf/4.1.2\libgcc.a(_clz.o)
                0x01018720                __clz_tab
 .rodata        0x01018820        0xc ../module1_bsp/\libhal_bsp.a(alt_dev.o)
 .rodata        0x0101882c       0x14 ../module1_bsp/\libhal_bsp.a(alt_main.o)
 .rodata        0x01018840       0xbc ../module1_bsp/\libhal_bsp.a(alt_sys_init.o)
 .rodata        0x010188fc       0x60 ../module1_bsp/\libhal_bsp.a(Altera_UP_SD_Card_Avalon_Interface.o)
 .rodata        0x0101895c       0x1c ../module1_bsp/\libhal_bsp.a(altera_up_avalon_video_character_buffer_with_dma.o)
 .rodata        0x01018978      0x23c ../module1_bsp/\libhal_bsp.a(altera_up_ps2_keyboard.o)
 .rodata.str1.4
                0x01018bb4       0x40 c:/altera/13.0sp1/nios2eds/bin/gnu/h-i686-mingw32/bin/../lib/gcc/nios2-elf/4.1.2/../../../../nios2-elf/lib\libc.a(lib_a-assert.o)
                                 0x44 (size before relaxing)
 .rodata.str1.4
                0x00000000       0x4c c:/altera/13.0sp1/nios2eds/bin/gnu/h-i686-mingw32/bin/../lib/gcc/nios2-elf/4.1.2/../../../../nios2-elf/lib\libc.a(lib_a-vfiprintf.o)
 .rodata        0x01018bf4       0x20 c:/altera/13.0sp1/nios2eds/bin/gnu/h-i686-mingw32/bin/../lib/gcc/nios2-elf/4.1.2/../../../../nios2-elf/lib\libc.a(lib_a-vfiprintf.o)
 *(.rodata1)
                0x01018c14                . = ALIGN (0x4)
                0x01018c14                PROVIDE (__ram_rodata_end, ABSOLUTE (.))
                0x01017e9c                PROVIDE (__flash_rodata_start, LOADADDR (.rodata))

.rwdata         0x01018c14     0x1eb4 load address 0x0101aac8
                0x01018c14                PROVIDE (__ram_rwdata_start, ABSOLUTE (.))
                0x01018c14                . = ALIGN (0x4)
 *(.got.plt)
 *(.got)
 *(.data1)
 *(.data .data.* .gnu.linkonce.d.*)
 .data          0x01018c14        0x0 ../module1_bsp//obj/HAL/src/crt0.o
 .data          0x01018c14        0x0 obj/default/audio.o
 .data          0x01018c14        0x0 obj/default/module1.o
 .data          0x01018c14        0x0 obj/default/ps2.o
 .data          0x01018c14        0x0 c:/altera/13.0sp1/nios2eds/bin/gnu/h-i686-mingw32/bin/../lib/gcc/nios2-elf/4.1.2\libgcc.a(lib2-divmod.o)
 .data          0x01018c14        0x0 c:/altera/13.0sp1/nios2eds/bin/gnu/h-i686-mingw32/bin/../lib/gcc/nios2-elf/4.1.2/../../../../nios2-elf/lib\libc.a(lib_a-exit.o)
 .data          0x01018c14      0x400 c:/altera/13.0sp1/nios2eds/bin/gnu/h-i686-mingw32/bin/../lib/gcc/nios2-elf/4.1.2/../../../../nios2-elf/lib\libc.a(lib_a-impure.o)
 .data          0x01019014        0x0 c:/altera/13.0sp1/nios2eds/bin/gnu/h-i686-mingw32/bin/../lib/gcc/nios2-elf/4.1.2/../../../../nios2-elf/lib\libc.a(lib_a-printf.o)
 .data          0x01019014        0x0 c:/altera/13.0sp1/nios2eds/bin/gnu/h-i686-mingw32/bin/../lib/gcc/nios2-elf/4.1.2/../../../../nios2-elf/lib\libc.a(lib_a-puts.o)
 .data          0x01019014        0x0 c:/altera/13.0sp1/nios2eds/bin/gnu/h-i686-mingw32/bin/../lib/gcc/nios2-elf/4.1.2/../../../../nios2-elf/lib\libc.a(lib_a-rand.o)
 .data          0x01019014        0x0 c:/altera/13.0sp1/nios2eds/bin/gnu/h-i686-mingw32/bin/../lib/gcc/nios2-elf/4.1.2/../../../../nios2-elf/lib\libc.a(lib_a-strlen.o)
 .data          0x01019014        0x0 c:/altera/13.0sp1/nios2eds/bin/gnu/h-i686-mingw32/bin/../lib/gcc/nios2-elf/4.1.2/../../../../nios2-elf/lib\libc.a(lib_a-time.o)
 .data          0x01019014        0x0 c:/altera/13.0sp1/nios2eds/bin/gnu/h-i686-mingw32/bin/../lib/gcc/nios2-elf/4.1.2/../../../../nios2-elf/lib\libc.a(lib_a-vfprintf.o)
 .data          0x01019014        0x0 c:/altera/13.0sp1/nios2eds/bin/gnu/h-i686-mingw32/bin/../lib/gcc/nios2-elf/4.1.2/../../../../nios2-elf/lib\libc.a(lib_a-wsetup.o)
 .data          0x01019014        0x0 c:/altera/13.0sp1/nios2eds/bin/gnu/h-i686-mingw32/bin/../lib/gcc/nios2-elf/4.1.2/../../../../nios2-elf/lib\libc.a(lib_a-__call_atexit.o)
 .data          0x01019014        0x0 c:/altera/13.0sp1/nios2eds/bin/gnu/h-i686-mingw32/bin/../lib/gcc/nios2-elf/4.1.2/../../../../nios2-elf/lib\libc.a(lib_a-dtoa.o)
 .data          0x01019014        0x0 c:/altera/13.0sp1/nios2eds/bin/gnu/h-i686-mingw32/bin/../lib/gcc/nios2-elf/4.1.2/../../../../nios2-elf/lib\libc.a(lib_a-fflush.o)
 .data          0x01019014        0x0 c:/altera/13.0sp1/nios2eds/bin/gnu/h-i686-mingw32/bin/../lib/gcc/nios2-elf/4.1.2/../../../../nios2-elf/lib\libc.a(lib_a-findfp.o)
 .data          0x01019014        0x0 c:/altera/13.0sp1/nios2eds/bin/gnu/h-i686-mingw32/bin/../lib/gcc/nios2-elf/4.1.2/../../../../nios2-elf/lib\libc.a(lib_a-freer.o)
 .data          0x01019014        0x0 c:/altera/13.0sp1/nios2eds/bin/gnu/h-i686-mingw32/bin/../lib/gcc/nios2-elf/4.1.2/../../../../nios2-elf/lib\libc.a(lib_a-fvwrite.o)
 .data          0x01019014        0x0 c:/altera/13.0sp1/nios2eds/bin/gnu/h-i686-mingw32/bin/../lib/gcc/nios2-elf/4.1.2/../../../../nios2-elf/lib\libc.a(lib_a-fwalk.o)
 .data          0x01019014        0x0 c:/altera/13.0sp1/nios2eds/bin/gnu/h-i686-mingw32/bin/../lib/gcc/nios2-elf/4.1.2/../../../../nios2-elf/lib\libc.a(lib_a-gettimeofdayr.o)
 .data          0x01019014        0x0 c:/altera/13.0sp1/nios2eds/bin/gnu/h-i686-mingw32/bin/../lib/gcc/nios2-elf/4.1.2/../../../../nios2-elf/lib\libc.a(lib_a-int_errno.o)
 .data          0x01019014        0xc c:/altera/13.0sp1/nios2eds/bin/gnu/h-i686-mingw32/bin/../lib/gcc/nios2-elf/4.1.2/../../../../nios2-elf/lib\libc.a(lib_a-locale.o)
                0x01019014                __lc_ctype
 .data          0x01019020        0x0 c:/altera/13.0sp1/nios2eds/bin/gnu/h-i686-mingw32/bin/../lib/gcc/nios2-elf/4.1.2/../../../../nios2-elf/lib\libc.a(lib_a-makebuf.o)
 .data          0x01019020      0x408 c:/altera/13.0sp1/nios2eds/bin/gnu/h-i686-mingw32/bin/../lib/gcc/nios2-elf/4.1.2/../../../../nios2-elf/lib\libc.a(lib_a-mallocr.o)
                0x01019020                __malloc_av_
 .data          0x01019428        0x0 c:/altera/13.0sp1/nios2eds/bin/gnu/h-i686-mingw32/bin/../lib/gcc/nios2-elf/4.1.2/../../../../nios2-elf/lib\libc.a(lib_a-memchr.o)
 .data          0x01019428        0x0 c:/altera/13.0sp1/nios2eds/bin/gnu/h-i686-mingw32/bin/../lib/gcc/nios2-elf/4.1.2/../../../../nios2-elf/lib\libc.a(lib_a-memcpy.o)
 .data          0x01019428        0x0 c:/altera/13.0sp1/nios2eds/bin/gnu/h-i686-mingw32/bin/../lib/gcc/nios2-elf/4.1.2/../../../../nios2-elf/lib\libc.a(lib_a-memmove.o)
 .data          0x01019428        0x0 c:/altera/13.0sp1/nios2eds/bin/gnu/h-i686-mingw32/bin/../lib/gcc/nios2-elf/4.1.2/../../../../nios2-elf/lib\libc.a(lib_a-memset.o)
 .data          0x01019428        0x0 c:/altera/13.0sp1/nios2eds/bin/gnu/h-i686-mingw32/bin/../lib/gcc/nios2-elf/4.1.2/../../../../nios2-elf/lib\libc.a(lib_a-mprec.o)
 .data          0x01019428        0x0 c:/altera/13.0sp1/nios2eds/bin/gnu/h-i686-mingw32/bin/../lib/gcc/nios2-elf/4.1.2/../../../../nios2-elf/lib\libc.a(lib_a-reallocr.o)
 .data          0x01019428        0x0 c:/altera/13.0sp1/nios2eds/bin/gnu/h-i686-mingw32/bin/../lib/gcc/nios2-elf/4.1.2/../../../../nios2-elf/lib\libc.a(lib_a-s_isinfd.o)
 .data          0x01019428        0x0 c:/altera/13.0sp1/nios2eds/bin/gnu/h-i686-mingw32/bin/../lib/gcc/nios2-elf/4.1.2/../../../../nios2-elf/lib\libc.a(lib_a-s_isnand.o)
 .data          0x01019428        0x0 c:/altera/13.0sp1/nios2eds/bin/gnu/h-i686-mingw32/bin/../lib/gcc/nios2-elf/4.1.2/../../../../nios2-elf/lib\libc.a(lib_a-sbrkr.o)
 .data          0x01019428        0x0 c:/altera/13.0sp1/nios2eds/bin/gnu/h-i686-mingw32/bin/../lib/gcc/nios2-elf/4.1.2/../../../../nios2-elf/lib\libc.a(lib_a-stdio.o)
 .data          0x01019428        0x0 c:/altera/13.0sp1/nios2eds/bin/gnu/h-i686-mingw32/bin/../lib/gcc/nios2-elf/4.1.2/../../../../nios2-elf/lib\libc.a(lib_a-strcmp.o)
 .data          0x01019428        0x0 c:/altera/13.0sp1/nios2eds/bin/gnu/h-i686-mingw32/bin/../lib/gcc/nios2-elf/4.1.2/../../../../nios2-elf/lib\libc.a(lib_a-writer.o)
 .data          0x01019428        0x0 c:/altera/13.0sp1/nios2eds/bin/gnu/h-i686-mingw32/bin/../lib/gcc/nios2-elf/4.1.2/../../../../nios2-elf/lib\libc.a(lib_a-callocr.o)
 .data          0x01019428        0x0 c:/altera/13.0sp1/nios2eds/bin/gnu/h-i686-mingw32/bin/../lib/gcc/nios2-elf/4.1.2/../../../../nios2-elf/lib\libc.a(lib_a-closer.o)
 .data          0x01019428        0x0 c:/altera/13.0sp1/nios2eds/bin/gnu/h-i686-mingw32/bin/../lib/gcc/nios2-elf/4.1.2/../../../../nios2-elf/lib\libc.a(lib_a-fclose.o)
 .data          0x01019428        0x0 c:/altera/13.0sp1/nios2eds/bin/gnu/h-i686-mingw32/bin/../lib/gcc/nios2-elf/4.1.2/../../../../nios2-elf/lib\libc.a(lib_a-fstatr.o)
 .data          0x01019428        0x0 c:/altera/13.0sp1/nios2eds/bin/gnu/h-i686-mingw32/bin/../lib/gcc/nios2-elf/4.1.2/../../../../nios2-elf/lib\libc.a(lib_a-isattyr.o)
 .data          0x01019428        0x0 c:/altera/13.0sp1/nios2eds/bin/gnu/h-i686-mingw32/bin/../lib/gcc/nios2-elf/4.1.2/../../../../nios2-elf/lib\libc.a(lib_a-lseekr.o)
 .data          0x01019428        0x0 c:/altera/13.0sp1/nios2eds/bin/gnu/h-i686-mingw32/bin/../lib/gcc/nios2-elf/4.1.2/../../../../nios2-elf/lib\libc.a(lib_a-readr.o)
 .data          0x01019428        0x0 c:/altera/13.0sp1/nios2eds/bin/gnu/h-i686-mingw32/bin/../lib/gcc/nios2-elf/4.1.2\libgcc.a(_muldi3.o)
 .data          0x01019428        0x0 c:/altera/13.0sp1/nios2eds/bin/gnu/h-i686-mingw32/bin/../lib/gcc/nios2-elf/4.1.2\libgcc.a(_udivdi3.o)
 .data          0x01019428        0x0 c:/altera/13.0sp1/nios2eds/bin/gnu/h-i686-mingw32/bin/../lib/gcc/nios2-elf/4.1.2\libgcc.a(_umoddi3.o)
 .data          0x01019428        0x0 c:/altera/13.0sp1/nios2eds/bin/gnu/h-i686-mingw32/bin/../lib/gcc/nios2-elf/4.1.2\libgcc.a(_addsub_df.o)
 .data          0x01019428        0x0 c:/altera/13.0sp1/nios2eds/bin/gnu/h-i686-mingw32/bin/../lib/gcc/nios2-elf/4.1.2\libgcc.a(_mul_df.o)
 .data          0x01019428        0x0 c:/altera/13.0sp1/nios2eds/bin/gnu/h-i686-mingw32/bin/../lib/gcc/nios2-elf/4.1.2\libgcc.a(_div_df.o)
 .data          0x01019428        0x0 c:/altera/13.0sp1/nios2eds/bin/gnu/h-i686-mingw32/bin/../lib/gcc/nios2-elf/4.1.2\libgcc.a(_eq_df.o)
 .data          0x01019428        0x0 c:/altera/13.0sp1/nios2eds/bin/gnu/h-i686-mingw32/bin/../lib/gcc/nios2-elf/4.1.2\libgcc.a(_ne_df.o)
 .data          0x01019428        0x0 c:/altera/13.0sp1/nios2eds/bin/gnu/h-i686-mingw32/bin/../lib/gcc/nios2-elf/4.1.2\libgcc.a(_gt_df.o)
 .data          0x01019428        0x0 c:/altera/13.0sp1/nios2eds/bin/gnu/h-i686-mingw32/bin/../lib/gcc/nios2-elf/4.1.2\libgcc.a(_ge_df.o)
 .data          0x01019428        0x0 c:/altera/13.0sp1/nios2eds/bin/gnu/h-i686-mingw32/bin/../lib/gcc/nios2-elf/4.1.2\libgcc.a(_lt_df.o)
 .data          0x01019428        0x0 c:/altera/13.0sp1/nios2eds/bin/gnu/h-i686-mingw32/bin/../lib/gcc/nios2-elf/4.1.2\libgcc.a(_si_to_df.o)
 .data          0x01019428        0x0 c:/altera/13.0sp1/nios2eds/bin/gnu/h-i686-mingw32/bin/../lib/gcc/nios2-elf/4.1.2\libgcc.a(_df_to_si.o)
 .data          0x01019428        0x0 c:/altera/13.0sp1/nios2eds/bin/gnu/h-i686-mingw32/bin/../lib/gcc/nios2-elf/4.1.2\libgcc.a(_thenan_df.o)
 .data          0x01019428        0x0 c:/altera/13.0sp1/nios2eds/bin/gnu/h-i686-mingw32/bin/../lib/gcc/nios2-elf/4.1.2\libgcc.a(_usi_to_df.o)
 .data          0x01019428        0x0 c:/altera/13.0sp1/nios2eds/bin/gnu/h-i686-mingw32/bin/../lib/gcc/nios2-elf/4.1.2\libgcc.a(_clz.o)
 .data          0x01019428        0x0 c:/altera/13.0sp1/nios2eds/bin/gnu/h-i686-mingw32/bin/../lib/gcc/nios2-elf/4.1.2\libgcc.a(_clzsi2.o)
 .data          0x01019428        0x0 c:/altera/13.0sp1/nios2eds/bin/gnu/h-i686-mingw32/bin/../lib/gcc/nios2-elf/4.1.2\libgcc.a(_pack_df.o)
 .data          0x01019428        0x0 c:/altera/13.0sp1/nios2eds/bin/gnu/h-i686-mingw32/bin/../lib/gcc/nios2-elf/4.1.2\libgcc.a(_unpack_df.o)
 .data          0x01019428        0x0 c:/altera/13.0sp1/nios2eds/bin/gnu/h-i686-mingw32/bin/../lib/gcc/nios2-elf/4.1.2\libgcc.a(_fpcmp_parts_df.o)
 .data          0x01019428        0x0 ../module1_bsp/\libhal_bsp.a(alt_close.o)
 .data          0x01019428      0x1a8 ../module1_bsp/\libhal_bsp.a(alt_dev.o)
                0x01019428                alt_dev_null
                0x01019450                alt_fd_list
 .data          0x010195d0        0x0 ../module1_bsp/\libhal_bsp.a(alt_errno.o)
 .data          0x010195d0        0x0 ../module1_bsp/\libhal_bsp.a(alt_exit.o)
 .data          0x010195d0        0x0 ../module1_bsp/\libhal_bsp.a(alt_fstat.o)
 .data          0x010195d0        0x0 ../module1_bsp/\libhal_bsp.a(alt_gettod.o)
 .data          0x010195d0        0x0 ../module1_bsp/\libhal_bsp.a(alt_irq_register.o)
 .data          0x010195d0        0x0 ../module1_bsp/\libhal_bsp.a(alt_irq_vars.o)
 .data          0x010195d0        0x0 ../module1_bsp/\libhal_bsp.a(alt_isatty.o)
 .data          0x010195d0        0x0 ../module1_bsp/\libhal_bsp.a(alt_load.o)
 .data          0x010195d0        0x0 ../module1_bsp/\libhal_bsp.a(alt_lseek.o)
 .data          0x010195d0        0x0 ../module1_bsp/\libhal_bsp.a(alt_main.o)
 .data          0x010195d0        0x0 ../module1_bsp/\libhal_bsp.a(alt_malloc_lock.o)
 .data          0x010195d0        0x0 ../module1_bsp/\libhal_bsp.a(alt_read.o)
 .data          0x010195d0        0x0 ../module1_bsp/\libhal_bsp.a(alt_release_fd.o)
 .data          0x010195d0        0x0 ../module1_bsp/\libhal_bsp.a(alt_sbrk.o)
 .data          0x010195d0        0x0 ../module1_bsp/\libhal_bsp.a(alt_tick.o)
 .data          0x010195d0        0x0 ../module1_bsp/\libhal_bsp.a(alt_usleep.o)
 .data          0x010195d0        0x0 ../module1_bsp/\libhal_bsp.a(alt_write.o)
 .data          0x010195d0     0x11ec ../module1_bsp/\libhal_bsp.a(alt_sys_init.o)
 .data          0x0101a7bc        0x0 ../module1_bsp/\libhal_bsp.a(Altera_UP_SD_Card_Avalon_Interface.o)
 .data          0x0101a7bc        0x0 ../module1_bsp/\libhal_bsp.a(altera_avalon_jtag_uart_fd.o)
 .data          0x0101a7bc        0x0 ../module1_bsp/\libhal_bsp.a(altera_avalon_jtag_uart_init.o)
 .data          0x0101a7bc        0x0 ../module1_bsp/\libhal_bsp.a(altera_avalon_jtag_uart_ioctl.o)
 .data          0x0101a7bc        0x0 ../module1_bsp/\libhal_bsp.a(altera_avalon_jtag_uart_read.o)
 .data          0x0101a7bc        0x0 ../module1_bsp/\libhal_bsp.a(altera_avalon_jtag_uart_write.o)
 .data          0x0101a7bc        0x0 ../module1_bsp/\libhal_bsp.a(altera_avalon_timer_sc.o)
 .data          0x0101a7bc        0x0 ../module1_bsp/\libhal_bsp.a(altera_up_avalon_audio.o)
 .data          0x0101a7bc        0x0 ../module1_bsp/\libhal_bsp.a(altera_up_avalon_audio_and_video_config.o)
 .data          0x0101a7bc        0x0 ../module1_bsp/\libhal_bsp.a(altera_up_avalon_character_lcd.o)
 .data          0x0101a7bc        0x0 ../module1_bsp/\libhal_bsp.a(altera_up_avalon_ps2.o)
 .data          0x0101a7bc        0x0 ../module1_bsp/\libhal_bsp.a(altera_up_avalon_video_character_buffer_with_dma.o)
 .data          0x0101a7bc        0x0 ../module1_bsp/\libhal_bsp.a(altera_up_avalon_video_pixel_buffer_dma.o)
 .data          0x0101a7bc      0x2cc ../module1_bsp/\libhal_bsp.a(altera_up_ps2_keyboard.o)
                0x0101a7bc                key_table
                0x0101a954                ascii_codes
                0x0101a9ba                single_byte_make_code
                0x0101aa20                multi_byte_make_code
 .data          0x0101aa88        0x0 ../module1_bsp/\libhal_bsp.a(alt_alarm_start.o)
 .data          0x0101aa88        0x0 ../module1_bsp/\libhal_bsp.a(alt_busy_sleep.o)
 .data          0x0101aa88        0x0 ../module1_bsp/\libhal_bsp.a(alt_dcache_flush_all.o)
 .data          0x0101aa88        0x0 ../module1_bsp/\libhal_bsp.a(alt_dev_llist_insert.o)
 .data          0x0101aa88        0x0 ../module1_bsp/\libhal_bsp.a(alt_do_ctors.o)
 .data          0x0101aa88        0x0 ../module1_bsp/\libhal_bsp.a(alt_do_dtors.o)
 .data          0x0101aa88        0x0 ../module1_bsp/\libhal_bsp.a(alt_find_dev.o)
 .data          0x0101aa88        0x0 ../module1_bsp/\libhal_bsp.a(alt_icache_flush_all.o)
 .data          0x0101aa88        0x0 ../module1_bsp/\libhal_bsp.a(alt_io_redirect.o)
 .data          0x0101aa88        0x0 ../module1_bsp/\libhal_bsp.a(alt_irq_entry.o)
 .data          0x0101aa88        0x0 ../module1_bsp/\libhal_bsp.a(alt_irq_handler.o)
 .data          0x0101aa88        0x0 ../module1_bsp/\libhal_bsp.a(alt_open.o)
 .data          0x0101aa88        0x0 ../module1_bsp/\libhal_bsp.a(altera_nios2_qsys_irq.o)
 .data          0x0101aa88        0x0 ../module1_bsp/\libhal_bsp.a(alt_exception_entry.o)
 .data          0x0101aa88        0x0 ../module1_bsp/\libhal_bsp.a(alt_find_file.o)
 .data          0x0101aa88        0x0 ../module1_bsp/\libhal_bsp.a(alt_get_fd.o)
 .data          0x0101aa88        0x0 ../module1_bsp/\libhal_bsp.a(alt_icache_flush.o)
 .data          0x0101aa88        0x0 c:/altera/13.0sp1/nios2eds/bin/gnu/h-i686-mingw32/bin/../lib/gcc/nios2-elf/4.1.2/../../../../nios2-elf/lib\libc.a(lib_a-assert.o)
 .data          0x0101aa88        0x0 c:/altera/13.0sp1/nios2eds/bin/gnu/h-i686-mingw32/bin/../lib/gcc/nios2-elf/4.1.2/../../../../nios2-elf/lib\libc.a(lib_a-atexit.o)
 .data          0x0101aa88        0x0 c:/altera/13.0sp1/nios2eds/bin/gnu/h-i686-mingw32/bin/../lib/gcc/nios2-elf/4.1.2/../../../../nios2-elf/lib\libc.a(lib_a-fiprintf.o)
 .data          0x0101aa88        0x0 c:/altera/13.0sp1/nios2eds/bin/gnu/h-i686-mingw32/bin/../lib/gcc/nios2-elf/4.1.2/../../../../nios2-elf/lib\libc.a(lib_a-memcmp.o)
 .data          0x0101aa88        0x0 c:/altera/13.0sp1/nios2eds/bin/gnu/h-i686-mingw32/bin/../lib/gcc/nios2-elf/4.1.2/../../../../nios2-elf/lib\libc.a(lib_a-strcpy.o)
 .data          0x0101aa88        0x0 c:/altera/13.0sp1/nios2eds/bin/gnu/h-i686-mingw32/bin/../lib/gcc/nios2-elf/4.1.2/../../../../nios2-elf/lib\libc.a(lib_a-vfiprintfr_1.o)
 .data          0x0101aa88        0x0 c:/altera/13.0sp1/nios2eds/bin/gnu/h-i686-mingw32/bin/../lib/gcc/nios2-elf/4.1.2/../../../../nios2-elf/lib\libc.a(lib_a-__atexit.o)
 .data          0x0101aa88        0x0 c:/altera/13.0sp1/nios2eds/bin/gnu/h-i686-mingw32/bin/../lib/gcc/nios2-elf/4.1.2/../../../../nios2-elf/lib\libc.a(lib_a-abort.o)
 .data          0x0101aa88        0x0 c:/altera/13.0sp1/nios2eds/bin/gnu/h-i686-mingw32/bin/../lib/gcc/nios2-elf/4.1.2/../../../../nios2-elf/lib\libc.a(lib_a-signal.o)
 .data          0x0101aa88        0x0 c:/altera/13.0sp1/nios2eds/bin/gnu/h-i686-mingw32/bin/../lib/gcc/nios2-elf/4.1.2/../../../../nios2-elf/lib\libc.a(lib_a-signalr.o)
 .data          0x0101aa88        0x0 c:/altera/13.0sp1/nios2eds/bin/gnu/h-i686-mingw32/bin/../lib/gcc/nios2-elf/4.1.2/../../../../nios2-elf/lib\libc.a(lib_a-vfiprintf.o)
 .data          0x0101aa88        0x0 ../module1_bsp/\libhal_bsp.a(alt_getpid.o)
 .data          0x0101aa88        0x0 ../module1_bsp/\libhal_bsp.a(alt_kill.o)
                0x01022a88                _gp = ABSOLUTE ((. + 0x8000))
                0x01022a88                PROVIDE (gp, _gp)
 *(.rwdata .rwdata.*)
 *(.sdata .sdata.* .gnu.linkonce.s.*)
 .sdata         0x0101aa88        0x8 c:/altera/13.0sp1/nios2eds/bin/gnu/h-i686-mingw32/bin/../lib/gcc/nios2-elf/4.1.2/../../../../nios2-elf/lib\libc.a(lib_a-impure.o)
                0x0101aa88                _impure_ptr
                0x0101aa8c                _global_impure_ptr
 .sdata         0x0101aa90        0x8 c:/altera/13.0sp1/nios2eds/bin/gnu/h-i686-mingw32/bin/../lib/gcc/nios2-elf/4.1.2/../../../../nios2-elf/lib\libc.a(lib_a-locale.o)
                0x0101aa90                __mb_cur_max
 .sdata         0x0101aa98        0x8 c:/altera/13.0sp1/nios2eds/bin/gnu/h-i686-mingw32/bin/../lib/gcc/nios2-elf/4.1.2/../../../../nios2-elf/lib\libc.a(lib_a-mallocr.o)
                0x0101aa98                __malloc_trim_threshold
                0x0101aa9c                __malloc_sbrk_base
 .sdata         0x0101aaa0       0x14 ../module1_bsp/\libhal_bsp.a(alt_dev.o)
                0x0101aaa0                alt_fs_list
                0x0101aaa8                alt_dev_list
                0x0101aab0                alt_max_fd
 .sdata         0x0101aab4        0x4 ../module1_bsp/\libhal_bsp.a(alt_errno.o)
                0x0101aab4                alt_errno
 .sdata         0x0101aab8        0x4 ../module1_bsp/\libhal_bsp.a(alt_irq_vars.o)
                0x0101aab8                alt_priority_mask
 .sdata         0x0101aabc        0x4 ../module1_bsp/\libhal_bsp.a(alt_sbrk.o)
 .sdata         0x0101aac0        0x8 ../module1_bsp/\libhal_bsp.a(alt_tick.o)
                0x0101aac0                alt_alarm_list
 *(.sdata2 .sdata2.* .gnu.linkonce.s2.*)
                0x0101aac8                . = ALIGN (0x4)
                0x0101aac8                _edata = ABSOLUTE (.)
                0x0101aac8                PROVIDE (edata, ABSOLUTE (.))
                0x0101aac8                PROVIDE (__ram_rwdata_end, ABSOLUTE (.))
                0x0101aac8                PROVIDE (__flash_rwdata_start, LOADADDR (.rwdata))

.bss            0x0101c97c      0x8b8
                0x0101c97c                __bss_start = ABSOLUTE (.)
                0x0101c97c                PROVIDE (__sbss_start, ABSOLUTE (.))
                0x0101c97c                PROVIDE (___sbss_start, ABSOLUTE (.))
 *(.dynsbss)
 *(.sbss .sbss.* .gnu.linkonce.sb.*)
 .sbss          0x0101c97c        0x4 obj/default/audio.o
                0x0101c97c                sd_card
 .sbss          0x0101c980       0x18 obj/default/audio.o
                0x0101c980                song_size
                0x0101c984                music_file
                0x0101c988                audio
                0x0101c98c                audio_stream
                0x0101c990                stream_position
                0x0101c994                file_size
 .sbss          0x0101c998        0x4 c:/altera/13.0sp1/nios2eds/bin/gnu/h-i686-mingw32/bin/../lib/gcc/nios2-elf/4.1.2/../../../../nios2-elf/lib\libc.a(lib_a-int_errno.o)
                0x0101c998                errno
 .sbss          0x0101c99c        0xc c:/altera/13.0sp1/nios2eds/bin/gnu/h-i686-mingw32/bin/../lib/gcc/nios2-elf/4.1.2/../../../../nios2-elf/lib\libc.a(lib_a-locale.o)
                0x0101c99c                __nlocale_changed
                0x0101c9a0                __mlocale_changed
                0x0101c9a4                _PathLocale
 .sbss          0x0101c9a8        0xc c:/altera/13.0sp1/nios2eds/bin/gnu/h-i686-mingw32/bin/../lib/gcc/nios2-elf/4.1.2/../../../../nios2-elf/lib\libc.a(lib_a-mallocr.o)
                0x0101c9a8                __malloc_top_pad
                0x0101c9ac                __malloc_max_sbrked_mem
                0x0101c9b0                __malloc_max_total_mem
 .sbss          0x0101c9b4       0x10 ../module1_bsp/\libhal_bsp.a(alt_gettod.o)
                0x0101c9b4                alt_timezone
                0x0101c9bc                alt_resettime
 .sbss          0x0101c9c4        0x4 ../module1_bsp/\libhal_bsp.a(alt_irq_vars.o)
                0x0101c9c4                alt_irq_active
 .sbss          0x0101c9c8        0xc ../module1_bsp/\libhal_bsp.a(alt_main.o)
                0x0101c9c8                alt_argc
                0x0101c9cc                alt_argv
                0x0101c9d0                alt_envp
 .sbss          0x0101c9d4        0x8 ../module1_bsp/\libhal_bsp.a(alt_tick.o)
                0x0101c9d4                _alt_tick_rate
                0x0101c9d8                _alt_nticks
 .sbss          0x0101c9dc       0x34 ../module1_bsp/\libhal_bsp.a(Altera_UP_SD_Card_Avalon_Interface.o)
                0x0101c9dc                initialized
                0x0101c9e0                is_sd_card_formated_as_FAT16
                0x0101c9e4                aux_status_register
                0x0101c9e8                status_register
                0x0101c9ec                CSD_register_w0
                0x0101c9f0                command_register
                0x0101c9f4                command_argument_register
                0x0101c9f8                buffer_memory
                0x0101c9fc                fat_partition_offset_in_512_byte_sectors
                0x0101ca00                fat_partition_size_in_512_byte_sectors
                0x0101ca04                device_pointer
                0x0101ca08                current_sector_modified
                0x0101ca0c                current_sector_index
 .sbss          0x0101ca10        0x4 ../module1_bsp/\libhal_bsp.a(altera_up_ps2_keyboard.o)
 *(.sbss2 .sbss2.* .gnu.linkonce.sb2.*)
 *(.scommon)
                0x0101ca14                PROVIDE (__sbss_end, ABSOLUTE (.))
                0x0101ca14                PROVIDE (___sbss_end, ABSOLUTE (.))
 *(.dynbss)
 *(.bss .bss.* .gnu.linkonce.b.*)
 .bss           0x0101ca14        0x0 ../module1_bsp//obj/HAL/src/crt0.o
 .bss           0x0101ca14        0x0 obj/default/audio.o
 .bss           0x0101ca14        0x0 obj/default/module1.o
 .bss           0x0101ca14        0x0 obj/default/ps2.o
 .bss           0x0101ca14        0x0 c:/altera/13.0sp1/nios2eds/bin/gnu/h-i686-mingw32/bin/../lib/gcc/nios2-elf/4.1.2\libgcc.a(lib2-divmod.o)
 .bss           0x0101ca14        0x0 c:/altera/13.0sp1/nios2eds/bin/gnu/h-i686-mingw32/bin/../lib/gcc/nios2-elf/4.1.2/../../../../nios2-elf/lib\libc.a(lib_a-exit.o)
 .bss           0x0101ca14        0x0 c:/altera/13.0sp1/nios2eds/bin/gnu/h-i686-mingw32/bin/../lib/gcc/nios2-elf/4.1.2/../../../../nios2-elf/lib\libc.a(lib_a-impure.o)
 .bss           0x0101ca14        0x0 c:/altera/13.0sp1/nios2eds/bin/gnu/h-i686-mingw32/bin/../lib/gcc/nios2-elf/4.1.2/../../../../nios2-elf/lib\libc.a(lib_a-printf.o)
 .bss           0x0101ca14        0x0 c:/altera/13.0sp1/nios2eds/bin/gnu/h-i686-mingw32/bin/../lib/gcc/nios2-elf/4.1.2/../../../../nios2-elf/lib\libc.a(lib_a-puts.o)
 .bss           0x0101ca14        0x0 c:/altera/13.0sp1/nios2eds/bin/gnu/h-i686-mingw32/bin/../lib/gcc/nios2-elf/4.1.2/../../../../nios2-elf/lib\libc.a(lib_a-rand.o)
 .bss           0x0101ca14        0x0 c:/altera/13.0sp1/nios2eds/bin/gnu/h-i686-mingw32/bin/../lib/gcc/nios2-elf/4.1.2/../../../../nios2-elf/lib\libc.a(lib_a-strlen.o)
 .bss           0x0101ca14        0x0 c:/altera/13.0sp1/nios2eds/bin/gnu/h-i686-mingw32/bin/../lib/gcc/nios2-elf/4.1.2/../../../../nios2-elf/lib\libc.a(lib_a-time.o)
 .bss           0x0101ca14        0x0 c:/altera/13.0sp1/nios2eds/bin/gnu/h-i686-mingw32/bin/../lib/gcc/nios2-elf/4.1.2/../../../../nios2-elf/lib\libc.a(lib_a-vfprintf.o)
 .bss           0x0101ca14        0x0 c:/altera/13.0sp1/nios2eds/bin/gnu/h-i686-mingw32/bin/../lib/gcc/nios2-elf/4.1.2/../../../../nios2-elf/lib\libc.a(lib_a-wsetup.o)
 .bss           0x0101ca14        0x0 c:/altera/13.0sp1/nios2eds/bin/gnu/h-i686-mingw32/bin/../lib/gcc/nios2-elf/4.1.2/../../../../nios2-elf/lib\libc.a(lib_a-__call_atexit.o)
 .bss           0x0101ca14        0x0 c:/altera/13.0sp1/nios2eds/bin/gnu/h-i686-mingw32/bin/../lib/gcc/nios2-elf/4.1.2/../../../../nios2-elf/lib\libc.a(lib_a-dtoa.o)
 .bss           0x0101ca14        0x0 c:/altera/13.0sp1/nios2eds/bin/gnu/h-i686-mingw32/bin/../lib/gcc/nios2-elf/4.1.2/../../../../nios2-elf/lib\libc.a(lib_a-fflush.o)
 .bss           0x0101ca14        0x0 c:/altera/13.0sp1/nios2eds/bin/gnu/h-i686-mingw32/bin/../lib/gcc/nios2-elf/4.1.2/../../../../nios2-elf/lib\libc.a(lib_a-findfp.o)
 .bss           0x0101ca14        0x0 c:/altera/13.0sp1/nios2eds/bin/gnu/h-i686-mingw32/bin/../lib/gcc/nios2-elf/4.1.2/../../../../nios2-elf/lib\libc.a(lib_a-freer.o)
 .bss           0x0101ca14        0x0 c:/altera/13.0sp1/nios2eds/bin/gnu/h-i686-mingw32/bin/../lib/gcc/nios2-elf/4.1.2/../../../../nios2-elf/lib\libc.a(lib_a-fvwrite.o)
 .bss           0x0101ca14        0x0 c:/altera/13.0sp1/nios2eds/bin/gnu/h-i686-mingw32/bin/../lib/gcc/nios2-elf/4.1.2/../../../../nios2-elf/lib\libc.a(lib_a-fwalk.o)
 .bss           0x0101ca14        0x0 c:/altera/13.0sp1/nios2eds/bin/gnu/h-i686-mingw32/bin/../lib/gcc/nios2-elf/4.1.2/../../../../nios2-elf/lib\libc.a(lib_a-gettimeofdayr.o)
 .bss           0x0101ca14        0x0 c:/altera/13.0sp1/nios2eds/bin/gnu/h-i686-mingw32/bin/../lib/gcc/nios2-elf/4.1.2/../../../../nios2-elf/lib\libc.a(lib_a-int_errno.o)
 .bss           0x0101ca14        0x0 c:/altera/13.0sp1/nios2eds/bin/gnu/h-i686-mingw32/bin/../lib/gcc/nios2-elf/4.1.2/../../../../nios2-elf/lib\libc.a(lib_a-locale.o)
 .bss           0x0101ca14        0x0 c:/altera/13.0sp1/nios2eds/bin/gnu/h-i686-mingw32/bin/../lib/gcc/nios2-elf/4.1.2/../../../../nios2-elf/lib\libc.a(lib_a-makebuf.o)
 .bss           0x0101ca14       0x28 c:/altera/13.0sp1/nios2eds/bin/gnu/h-i686-mingw32/bin/../lib/gcc/nios2-elf/4.1.2/../../../../nios2-elf/lib\libc.a(lib_a-mallocr.o)
                0x0101ca14                __malloc_current_mallinfo
 .bss           0x0101ca3c        0x0 c:/altera/13.0sp1/nios2eds/bin/gnu/h-i686-mingw32/bin/../lib/gcc/nios2-elf/4.1.2/../../../../nios2-elf/lib\libc.a(lib_a-memchr.o)
 .bss           0x0101ca3c        0x0 c:/altera/13.0sp1/nios2eds/bin/gnu/h-i686-mingw32/bin/../lib/gcc/nios2-elf/4.1.2/../../../../nios2-elf/lib\libc.a(lib_a-memcpy.o)
 .bss           0x0101ca3c        0x0 c:/altera/13.0sp1/nios2eds/bin/gnu/h-i686-mingw32/bin/../lib/gcc/nios2-elf/4.1.2/../../../../nios2-elf/lib\libc.a(lib_a-memmove.o)
 .bss           0x0101ca3c        0x0 c:/altera/13.0sp1/nios2eds/bin/gnu/h-i686-mingw32/bin/../lib/gcc/nios2-elf/4.1.2/../../../../nios2-elf/lib\libc.a(lib_a-memset.o)
 .bss           0x0101ca3c        0x0 c:/altera/13.0sp1/nios2eds/bin/gnu/h-i686-mingw32/bin/../lib/gcc/nios2-elf/4.1.2/../../../../nios2-elf/lib\libc.a(lib_a-mprec.o)
 .bss           0x0101ca3c        0x0 c:/altera/13.0sp1/nios2eds/bin/gnu/h-i686-mingw32/bin/../lib/gcc/nios2-elf/4.1.2/../../../../nios2-elf/lib\libc.a(lib_a-reallocr.o)
 .bss           0x0101ca3c        0x0 c:/altera/13.0sp1/nios2eds/bin/gnu/h-i686-mingw32/bin/../lib/gcc/nios2-elf/4.1.2/../../../../nios2-elf/lib\libc.a(lib_a-s_isinfd.o)
 .bss           0x0101ca3c        0x0 c:/altera/13.0sp1/nios2eds/bin/gnu/h-i686-mingw32/bin/../lib/gcc/nios2-elf/4.1.2/../../../../nios2-elf/lib\libc.a(lib_a-s_isnand.o)
 .bss           0x0101ca3c        0x0 c:/altera/13.0sp1/nios2eds/bin/gnu/h-i686-mingw32/bin/../lib/gcc/nios2-elf/4.1.2/../../../../nios2-elf/lib\libc.a(lib_a-sbrkr.o)
 .bss           0x0101ca3c        0x0 c:/altera/13.0sp1/nios2eds/bin/gnu/h-i686-mingw32/bin/../lib/gcc/nios2-elf/4.1.2/../../../../nios2-elf/lib\libc.a(lib_a-stdio.o)
 .bss           0x0101ca3c        0x0 c:/altera/13.0sp1/nios2eds/bin/gnu/h-i686-mingw32/bin/../lib/gcc/nios2-elf/4.1.2/../../../../nios2-elf/lib\libc.a(lib_a-strcmp.o)
 .bss           0x0101ca3c        0x0 c:/altera/13.0sp1/nios2eds/bin/gnu/h-i686-mingw32/bin/../lib/gcc/nios2-elf/4.1.2/../../../../nios2-elf/lib\libc.a(lib_a-writer.o)
 .bss           0x0101ca3c        0x0 c:/altera/13.0sp1/nios2eds/bin/gnu/h-i686-mingw32/bin/../lib/gcc/nios2-elf/4.1.2/../../../../nios2-elf/lib\libc.a(lib_a-callocr.o)
 .bss           0x0101ca3c        0x0 c:/altera/13.0sp1/nios2eds/bin/gnu/h-i686-mingw32/bin/../lib/gcc/nios2-elf/4.1.2/../../../../nios2-elf/lib\libc.a(lib_a-closer.o)
 .bss           0x0101ca3c        0x0 c:/altera/13.0sp1/nios2eds/bin/gnu/h-i686-mingw32/bin/../lib/gcc/nios2-elf/4.1.2/../../../../nios2-elf/lib\libc.a(lib_a-fclose.o)
 .bss           0x0101ca3c        0x0 c:/altera/13.0sp1/nios2eds/bin/gnu/h-i686-mingw32/bin/../lib/gcc/nios2-elf/4.1.2/../../../../nios2-elf/lib\libc.a(lib_a-fstatr.o)
 .bss           0x0101ca3c        0x0 c:/altera/13.0sp1/nios2eds/bin/gnu/h-i686-mingw32/bin/../lib/gcc/nios2-elf/4.1.2/../../../../nios2-elf/lib\libc.a(lib_a-isattyr.o)
 .bss           0x0101ca3c        0x0 c:/altera/13.0sp1/nios2eds/bin/gnu/h-i686-mingw32/bin/../lib/gcc/nios2-elf/4.1.2/../../../../nios2-elf/lib\libc.a(lib_a-lseekr.o)
 .bss           0x0101ca3c        0x0 c:/altera/13.0sp1/nios2eds/bin/gnu/h-i686-mingw32/bin/../lib/gcc/nios2-elf/4.1.2/../../../../nios2-elf/lib\libc.a(lib_a-readr.o)
 .bss           0x0101ca3c        0x0 c:/altera/13.0sp1/nios2eds/bin/gnu/h-i686-mingw32/bin/../lib/gcc/nios2-elf/4.1.2\libgcc.a(_muldi3.o)
 .bss           0x0101ca3c        0x0 c:/altera/13.0sp1/nios2eds/bin/gnu/h-i686-mingw32/bin/../lib/gcc/nios2-elf/4.1.2\libgcc.a(_udivdi3.o)
 .bss           0x0101ca3c        0x0 c:/altera/13.0sp1/nios2eds/bin/gnu/h-i686-mingw32/bin/../lib/gcc/nios2-elf/4.1.2\libgcc.a(_umoddi3.o)
 .bss           0x0101ca3c        0x0 c:/altera/13.0sp1/nios2eds/bin/gnu/h-i686-mingw32/bin/../lib/gcc/nios2-elf/4.1.2\libgcc.a(_addsub_df.o)
 .bss           0x0101ca3c        0x0 c:/altera/13.0sp1/nios2eds/bin/gnu/h-i686-mingw32/bin/../lib/gcc/nios2-elf/4.1.2\libgcc.a(_mul_df.o)
 .bss           0x0101ca3c        0x0 c:/altera/13.0sp1/nios2eds/bin/gnu/h-i686-mingw32/bin/../lib/gcc/nios2-elf/4.1.2\libgcc.a(_div_df.o)
 .bss           0x0101ca3c        0x0 c:/altera/13.0sp1/nios2eds/bin/gnu/h-i686-mingw32/bin/../lib/gcc/nios2-elf/4.1.2\libgcc.a(_eq_df.o)
 .bss           0x0101ca3c        0x0 c:/altera/13.0sp1/nios2eds/bin/gnu/h-i686-mingw32/bin/../lib/gcc/nios2-elf/4.1.2\libgcc.a(_ne_df.o)
 .bss           0x0101ca3c        0x0 c:/altera/13.0sp1/nios2eds/bin/gnu/h-i686-mingw32/bin/../lib/gcc/nios2-elf/4.1.2\libgcc.a(_gt_df.o)
 .bss           0x0101ca3c        0x0 c:/altera/13.0sp1/nios2eds/bin/gnu/h-i686-mingw32/bin/../lib/gcc/nios2-elf/4.1.2\libgcc.a(_ge_df.o)
 .bss           0x0101ca3c        0x0 c:/altera/13.0sp1/nios2eds/bin/gnu/h-i686-mingw32/bin/../lib/gcc/nios2-elf/4.1.2\libgcc.a(_lt_df.o)
 .bss           0x0101ca3c        0x0 c:/altera/13.0sp1/nios2eds/bin/gnu/h-i686-mingw32/bin/../lib/gcc/nios2-elf/4.1.2\libgcc.a(_si_to_df.o)
 .bss           0x0101ca3c        0x0 c:/altera/13.0sp1/nios2eds/bin/gnu/h-i686-mingw32/bin/../lib/gcc/nios2-elf/4.1.2\libgcc.a(_df_to_si.o)
 .bss           0x0101ca3c        0x0 c:/altera/13.0sp1/nios2eds/bin/gnu/h-i686-mingw32/bin/../lib/gcc/nios2-elf/4.1.2\libgcc.a(_thenan_df.o)
 .bss           0x0101ca3c        0x0 c:/altera/13.0sp1/nios2eds/bin/gnu/h-i686-mingw32/bin/../lib/gcc/nios2-elf/4.1.2\libgcc.a(_usi_to_df.o)
 .bss           0x0101ca3c        0x0 c:/altera/13.0sp1/nios2eds/bin/gnu/h-i686-mingw32/bin/../lib/gcc/nios2-elf/4.1.2\libgcc.a(_clz.o)
 .bss           0x0101ca3c        0x0 c:/altera/13.0sp1/nios2eds/bin/gnu/h-i686-mingw32/bin/../lib/gcc/nios2-elf/4.1.2\libgcc.a(_clzsi2.o)
 .bss           0x0101ca3c        0x0 c:/altera/13.0sp1/nios2eds/bin/gnu/h-i686-mingw32/bin/../lib/gcc/nios2-elf/4.1.2\libgcc.a(_pack_df.o)
 .bss           0x0101ca3c        0x0 c:/altera/13.0sp1/nios2eds/bin/gnu/h-i686-mingw32/bin/../lib/gcc/nios2-elf/4.1.2\libgcc.a(_unpack_df.o)
 .bss           0x0101ca3c        0x0 c:/altera/13.0sp1/nios2eds/bin/gnu/h-i686-mingw32/bin/../lib/gcc/nios2-elf/4.1.2\libgcc.a(_fpcmp_parts_df.o)
 .bss           0x0101ca3c        0x0 ../module1_bsp/\libhal_bsp.a(alt_close.o)
 .bss           0x0101ca3c        0x0 ../module1_bsp/\libhal_bsp.a(alt_dev.o)
 .bss           0x0101ca3c        0x0 ../module1_bsp/\libhal_bsp.a(alt_errno.o)
 .bss           0x0101ca3c        0x0 ../module1_bsp/\libhal_bsp.a(alt_exit.o)
 .bss           0x0101ca3c        0x0 ../module1_bsp/\libhal_bsp.a(alt_fstat.o)
 .bss           0x0101ca3c        0x0 ../module1_bsp/\libhal_bsp.a(alt_gettod.o)
 .bss           0x0101ca3c        0x0 ../module1_bsp/\libhal_bsp.a(alt_irq_register.o)
 .bss           0x0101ca3c        0x0 ../module1_bsp/\libhal_bsp.a(alt_irq_vars.o)
 .bss           0x0101ca3c        0x0 ../module1_bsp/\libhal_bsp.a(alt_isatty.o)
 .bss           0x0101ca3c        0x0 ../module1_bsp/\libhal_bsp.a(alt_load.o)
 .bss           0x0101ca3c        0x0 ../module1_bsp/\libhal_bsp.a(alt_lseek.o)
 .bss           0x0101ca3c        0x0 ../module1_bsp/\libhal_bsp.a(alt_main.o)
 .bss           0x0101ca3c        0x0 ../module1_bsp/\libhal_bsp.a(alt_malloc_lock.o)
 .bss           0x0101ca3c        0x0 ../module1_bsp/\libhal_bsp.a(alt_read.o)
 .bss           0x0101ca3c        0x0 ../module1_bsp/\libhal_bsp.a(alt_release_fd.o)
 .bss           0x0101ca3c        0x0 ../module1_bsp/\libhal_bsp.a(alt_sbrk.o)
 .bss           0x0101ca3c        0x0 ../module1_bsp/\libhal_bsp.a(alt_tick.o)
 .bss           0x0101ca3c        0x0 ../module1_bsp/\libhal_bsp.a(alt_usleep.o)
 .bss           0x0101ca3c        0x0 ../module1_bsp/\libhal_bsp.a(alt_write.o)
 .bss           0x0101ca3c        0x0 ../module1_bsp/\libhal_bsp.a(alt_sys_init.o)
 .bss           0x0101ca3c        0x0 ../module1_bsp/\libhal_bsp.a(Altera_UP_SD_Card_Avalon_Interface.o)
 .bss           0x0101ca3c        0x0 ../module1_bsp/\libhal_bsp.a(altera_avalon_jtag_uart_fd.o)
 .bss           0x0101ca3c        0x0 ../module1_bsp/\libhal_bsp.a(altera_avalon_jtag_uart_init.o)
 .bss           0x0101ca3c        0x0 ../module1_bsp/\libhal_bsp.a(altera_avalon_jtag_uart_ioctl.o)
 .bss           0x0101ca3c        0x0 ../module1_bsp/\libhal_bsp.a(altera_avalon_jtag_uart_read.o)
 .bss           0x0101ca3c        0x0 ../module1_bsp/\libhal_bsp.a(altera_avalon_jtag_uart_write.o)
 .bss           0x0101ca3c        0x0 ../module1_bsp/\libhal_bsp.a(altera_avalon_timer_sc.o)
 .bss           0x0101ca3c        0x0 ../module1_bsp/\libhal_bsp.a(altera_up_avalon_audio.o)
 .bss           0x0101ca3c        0x0 ../module1_bsp/\libhal_bsp.a(altera_up_avalon_audio_and_video_config.o)
 .bss           0x0101ca3c        0x0 ../module1_bsp/\libhal_bsp.a(altera_up_avalon_character_lcd.o)
 .bss           0x0101ca3c        0x0 ../module1_bsp/\libhal_bsp.a(altera_up_avalon_ps2.o)
 .bss           0x0101ca3c        0x0 ../module1_bsp/\libhal_bsp.a(altera_up_avalon_video_character_buffer_with_dma.o)
 .bss           0x0101ca3c        0x0 ../module1_bsp/\libhal_bsp.a(altera_up_avalon_video_pixel_buffer_dma.o)
 .bss           0x0101ca3c        0x0 ../module1_bsp/\libhal_bsp.a(altera_up_ps2_keyboard.o)
 .bss           0x0101ca3c        0x0 ../module1_bsp/\libhal_bsp.a(alt_alarm_start.o)
 .bss           0x0101ca3c        0x0 ../module1_bsp/\libhal_bsp.a(alt_busy_sleep.o)
 .bss           0x0101ca3c        0x0 ../module1_bsp/\libhal_bsp.a(alt_dcache_flush_all.o)
 .bss           0x0101ca3c        0x0 ../module1_bsp/\libhal_bsp.a(alt_dev_llist_insert.o)
 .bss           0x0101ca3c        0x0 ../module1_bsp/\libhal_bsp.a(alt_do_ctors.o)
 .bss           0x0101ca3c        0x0 ../module1_bsp/\libhal_bsp.a(alt_do_dtors.o)
 .bss           0x0101ca3c        0x0 ../module1_bsp/\libhal_bsp.a(alt_find_dev.o)
 .bss           0x0101ca3c        0x0 ../module1_bsp/\libhal_bsp.a(alt_icache_flush_all.o)
 .bss           0x0101ca3c        0x0 ../module1_bsp/\libhal_bsp.a(alt_io_redirect.o)
 .bss           0x0101ca3c        0x0 ../module1_bsp/\libhal_bsp.a(alt_irq_entry.o)
 .bss           0x0101ca3c        0x0 ../module1_bsp/\libhal_bsp.a(alt_irq_handler.o)
 .bss           0x0101ca3c        0x0 ../module1_bsp/\libhal_bsp.a(alt_open.o)
 .bss           0x0101ca3c        0x0 ../module1_bsp/\libhal_bsp.a(altera_nios2_qsys_irq.o)
 .bss           0x0101ca3c        0x0 ../module1_bsp/\libhal_bsp.a(alt_exception_entry.o)
 .bss           0x0101ca3c        0x0 ../module1_bsp/\libhal_bsp.a(alt_find_file.o)
 .bss           0x0101ca3c        0x0 ../module1_bsp/\libhal_bsp.a(alt_get_fd.o)
 .bss           0x0101ca3c        0x0 ../module1_bsp/\libhal_bsp.a(alt_icache_flush.o)
 .bss           0x0101ca3c        0x0 c:/altera/13.0sp1/nios2eds/bin/gnu/h-i686-mingw32/bin/../lib/gcc/nios2-elf/4.1.2/../../../../nios2-elf/lib\libc.a(lib_a-assert.o)
 .bss           0x0101ca3c        0x0 c:/altera/13.0sp1/nios2eds/bin/gnu/h-i686-mingw32/bin/../lib/gcc/nios2-elf/4.1.2/../../../../nios2-elf/lib\libc.a(lib_a-atexit.o)
 .bss           0x0101ca3c        0x0 c:/altera/13.0sp1/nios2eds/bin/gnu/h-i686-mingw32/bin/../lib/gcc/nios2-elf/4.1.2/../../../../nios2-elf/lib\libc.a(lib_a-fiprintf.o)
 .bss           0x0101ca3c        0x0 c:/altera/13.0sp1/nios2eds/bin/gnu/h-i686-mingw32/bin/../lib/gcc/nios2-elf/4.1.2/../../../../nios2-elf/lib\libc.a(lib_a-memcmp.o)
 .bss           0x0101ca3c        0x0 c:/altera/13.0sp1/nios2eds/bin/gnu/h-i686-mingw32/bin/../lib/gcc/nios2-elf/4.1.2/../../../../nios2-elf/lib\libc.a(lib_a-strcpy.o)
 .bss           0x0101ca3c        0x0 c:/altera/13.0sp1/nios2eds/bin/gnu/h-i686-mingw32/bin/../lib/gcc/nios2-elf/4.1.2/../../../../nios2-elf/lib\libc.a(lib_a-vfiprintfr_1.o)
 .bss           0x0101ca3c        0x0 c:/altera/13.0sp1/nios2eds/bin/gnu/h-i686-mingw32/bin/../lib/gcc/nios2-elf/4.1.2/../../../../nios2-elf/lib\libc.a(lib_a-__atexit.o)
 .bss           0x0101ca3c        0x0 c:/altera/13.0sp1/nios2eds/bin/gnu/h-i686-mingw32/bin/../lib/gcc/nios2-elf/4.1.2/../../../../nios2-elf/lib\libc.a(lib_a-abort.o)
 .bss           0x0101ca3c        0x0 c:/altera/13.0sp1/nios2eds/bin/gnu/h-i686-mingw32/bin/../lib/gcc/nios2-elf/4.1.2/../../../../nios2-elf/lib\libc.a(lib_a-signal.o)
 .bss           0x0101ca3c        0x0 c:/altera/13.0sp1/nios2eds/bin/gnu/h-i686-mingw32/bin/../lib/gcc/nios2-elf/4.1.2/../../../../nios2-elf/lib\libc.a(lib_a-signalr.o)
 .bss           0x0101ca3c        0x0 c:/altera/13.0sp1/nios2eds/bin/gnu/h-i686-mingw32/bin/../lib/gcc/nios2-elf/4.1.2/../../../../nios2-elf/lib\libc.a(lib_a-vfiprintf.o)
 .bss           0x0101ca3c        0x0 ../module1_bsp/\libhal_bsp.a(alt_getpid.o)
 .bss           0x0101ca3c        0x0 ../module1_bsp/\libhal_bsp.a(alt_kill.o)
 *(COMMON)
 COMMON         0x0101ca3c      0x568 ../module1_bsp/\libhal_bsp.a(Altera_UP_SD_Card_Avalon_Interface.o)
                0x0101ca3c                search_data
                0x0101ca50                boot_sector_data
                0x0101caa4                active_files
 COMMON         0x0101cfa4      0x100 ../module1_bsp/\libhal_bsp.a(alt_irq_handler.o)
                0x0101cfa4                alt_irq
 COMMON         0x0101d0a4      0x190 c:/altera/13.0sp1/nios2eds/bin/gnu/h-i686-mingw32/bin/../lib/gcc/nios2-elf/4.1.2/../../../../nios2-elf/lib\libc.a(lib_a-atexit.o)
                0x0101d0a4                _atexit0
                0x0101d234                . = ALIGN (0x4)
                0x0101d234                __bss_end = ABSOLUTE (.)

.onchip_memory2_0
                0x00000000        0x0 load address 0x0101d234
                0x00000000                PROVIDE (_alt_partition_onchip_memory2_0_start, ABSOLUTE (.))
 *(.onchip_memory2_0. onchip_memory2_0.*)
                0x00000000                . = ALIGN (0x4)
                0x00000000                PROVIDE (_alt_partition_onchip_memory2_0_end, ABSOLUTE (.))
                0x0101d234                PROVIDE (_alt_partition_onchip_memory2_0_load_addr, LOADADDR (.onchip_memory2_0))

.sdram          0x0101d234        0x0
                0x0101d234                PROVIDE (_alt_partition_sdram_start, ABSOLUTE (.))
 *(.sdram. sdram.*)
                0x0101d234                . = ALIGN (0x4)
                0x0101d234                PROVIDE (_alt_partition_sdram_end, ABSOLUTE (.))
                0x0101d234                _end = ABSOLUTE (.)
                0x0101d234                end = ABSOLUTE (.)
                0x0101d234                __alt_stack_base = ABSOLUTE (.)
                0x0101d234                PROVIDE (_alt_partition_sdram_load_addr, LOADADDR (.sdram))

.stab
 *(.stab)

.stabstr
 *(.stabstr)

.stab.excl
 *(.stab.excl)

.stab.exclstr
 *(.stab.exclstr)

.stab.index
 *(.stab.index)

.stab.indexstr
 *(.stab.indexstr)

.comment        0x00000000       0x26
 *(.comment)
 .comment       0x00000000       0x26 obj/default/audio.o
                                 0x27 (size before relaxing)
 .comment       0x00000000       0x27 obj/default/module1.o
 .comment       0x00000000       0x27 obj/default/ps2.o
 .comment       0x00000000       0x27 c:/altera/13.0sp1/nios2eds/bin/gnu/h-i686-mingw32/bin/../lib/gcc/nios2-elf/4.1.2\libgcc.a(lib2-divmod.o)
 .comment       0x00000000       0x27 c:/altera/13.0sp1/nios2eds/bin/gnu/h-i686-mingw32/bin/../lib/gcc/nios2-elf/4.1.2/../../../../nios2-elf/lib\libc.a(lib_a-exit.o)
 .comment       0x00000000       0x27 c:/altera/13.0sp1/nios2eds/bin/gnu/h-i686-mingw32/bin/../lib/gcc/nios2-elf/4.1.2/../../../../nios2-elf/lib\libc.a(lib_a-impure.o)
 .comment       0x00000000       0x27 c:/altera/13.0sp1/nios2eds/bin/gnu/h-i686-mingw32/bin/../lib/gcc/nios2-elf/4.1.2/../../../../nios2-elf/lib\libc.a(lib_a-printf.o)
 .comment       0x00000000       0x27 c:/altera/13.0sp1/nios2eds/bin/gnu/h-i686-mingw32/bin/../lib/gcc/nios2-elf/4.1.2/../../../../nios2-elf/lib\libc.a(lib_a-puts.o)
 .comment       0x00000000       0x27 c:/altera/13.0sp1/nios2eds/bin/gnu/h-i686-mingw32/bin/../lib/gcc/nios2-elf/4.1.2/../../../../nios2-elf/lib\libc.a(lib_a-rand.o)
 .comment       0x00000000       0x27 c:/altera/13.0sp1/nios2eds/bin/gnu/h-i686-mingw32/bin/../lib/gcc/nios2-elf/4.1.2/../../../../nios2-elf/lib\libc.a(lib_a-strlen.o)
 .comment       0x00000000       0x27 c:/altera/13.0sp1/nios2eds/bin/gnu/h-i686-mingw32/bin/../lib/gcc/nios2-elf/4.1.2/../../../../nios2-elf/lib\libc.a(lib_a-time.o)
 .comment       0x00000000       0x27 c:/altera/13.0sp1/nios2eds/bin/gnu/h-i686-mingw32/bin/../lib/gcc/nios2-elf/4.1.2/../../../../nios2-elf/lib\libc.a(lib_a-vfprintf.o)
 .comment       0x00000000       0x27 c:/altera/13.0sp1/nios2eds/bin/gnu/h-i686-mingw32/bin/../lib/gcc/nios2-elf/4.1.2/../../../../nios2-elf/lib\libc.a(lib_a-wsetup.o)
 .comment       0x00000000       0x27 c:/altera/13.0sp1/nios2eds/bin/gnu/h-i686-mingw32/bin/../lib/gcc/nios2-elf/4.1.2/../../../../nios2-elf/lib\libc.a(lib_a-__call_atexit.o)
 .comment       0x00000000       0x27 c:/altera/13.0sp1/nios2eds/bin/gnu/h-i686-mingw32/bin/../lib/gcc/nios2-elf/4.1.2/../../../../nios2-elf/lib\libc.a(lib_a-dtoa.o)
 .comment       0x00000000       0x27 c:/altera/13.0sp1/nios2eds/bin/gnu/h-i686-mingw32/bin/../lib/gcc/nios2-elf/4.1.2/../../../../nios2-elf/lib\libc.a(lib_a-fflush.o)
 .comment       0x00000000       0x27 c:/altera/13.0sp1/nios2eds/bin/gnu/h-i686-mingw32/bin/../lib/gcc/nios2-elf/4.1.2/../../../../nios2-elf/lib\libc.a(lib_a-findfp.o)
 .comment       0x00000000       0x27 c:/altera/13.0sp1/nios2eds/bin/gnu/h-i686-mingw32/bin/../lib/gcc/nios2-elf/4.1.2/../../../../nios2-elf/lib\libc.a(lib_a-freer.o)
 .comment       0x00000000       0x27 c:/altera/13.0sp1/nios2eds/bin/gnu/h-i686-mingw32/bin/../lib/gcc/nios2-elf/4.1.2/../../../../nios2-elf/lib\libc.a(lib_a-fvwrite.o)
 .comment       0x00000000       0x27 c:/altera/13.0sp1/nios2eds/bin/gnu/h-i686-mingw32/bin/../lib/gcc/nios2-elf/4.1.2/../../../../nios2-elf/lib\libc.a(lib_a-fwalk.o)
 .comment       0x00000000       0x27 c:/altera/13.0sp1/nios2eds/bin/gnu/h-i686-mingw32/bin/../lib/gcc/nios2-elf/4.1.2/../../../../nios2-elf/lib\libc.a(lib_a-gettimeofdayr.o)
 .comment       0x00000000       0x27 c:/altera/13.0sp1/nios2eds/bin/gnu/h-i686-mingw32/bin/../lib/gcc/nios2-elf/4.1.2/../../../../nios2-elf/lib\libc.a(lib_a-int_errno.o)
 .comment       0x00000000       0x27 c:/altera/13.0sp1/nios2eds/bin/gnu/h-i686-mingw32/bin/../lib/gcc/nios2-elf/4.1.2/../../../../nios2-elf/lib\libc.a(lib_a-locale.o)
 .comment       0x00000000       0x27 c:/altera/13.0sp1/nios2eds/bin/gnu/h-i686-mingw32/bin/../lib/gcc/nios2-elf/4.1.2/../../../../nios2-elf/lib\libc.a(lib_a-makebuf.o)
 .comment       0x00000000       0x27 c:/altera/13.0sp1/nios2eds/bin/gnu/h-i686-mingw32/bin/../lib/gcc/nios2-elf/4.1.2/../../../../nios2-elf/lib\libc.a(lib_a-mallocr.o)
 .comment       0x00000000       0x27 c:/altera/13.0sp1/nios2eds/bin/gnu/h-i686-mingw32/bin/../lib/gcc/nios2-elf/4.1.2/../../../../nios2-elf/lib\libc.a(lib_a-memchr.o)
 .comment       0x00000000       0x27 c:/altera/13.0sp1/nios2eds/bin/gnu/h-i686-mingw32/bin/../lib/gcc/nios2-elf/4.1.2/../../../../nios2-elf/lib\libc.a(lib_a-memcpy.o)
 .comment       0x00000000       0x27 c:/altera/13.0sp1/nios2eds/bin/gnu/h-i686-mingw32/bin/../lib/gcc/nios2-elf/4.1.2/../../../../nios2-elf/lib\libc.a(lib_a-memmove.o)
 .comment       0x00000000       0x27 c:/altera/13.0sp1/nios2eds/bin/gnu/h-i686-mingw32/bin/../lib/gcc/nios2-elf/4.1.2/../../../../nios2-elf/lib\libc.a(lib_a-memset.o)
 .comment       0x00000000       0x27 c:/altera/13.0sp1/nios2eds/bin/gnu/h-i686-mingw32/bin/../lib/gcc/nios2-elf/4.1.2/../../../../nios2-elf/lib\libc.a(lib_a-mprec.o)
 .comment       0x00000000       0x27 c:/altera/13.0sp1/nios2eds/bin/gnu/h-i686-mingw32/bin/../lib/gcc/nios2-elf/4.1.2/../../../../nios2-elf/lib\libc.a(lib_a-reallocr.o)
 .comment       0x00000000       0x27 c:/altera/13.0sp1/nios2eds/bin/gnu/h-i686-mingw32/bin/../lib/gcc/nios2-elf/4.1.2/../../../../nios2-elf/lib\libc.a(lib_a-s_isinfd.o)
 .comment       0x00000000       0x27 c:/altera/13.0sp1/nios2eds/bin/gnu/h-i686-mingw32/bin/../lib/gcc/nios2-elf/4.1.2/../../../../nios2-elf/lib\libc.a(lib_a-s_isnand.o)
 .comment       0x00000000       0x27 c:/altera/13.0sp1/nios2eds/bin/gnu/h-i686-mingw32/bin/../lib/gcc/nios2-elf/4.1.2/../../../../nios2-elf/lib\libc.a(lib_a-sbrkr.o)
 .comment       0x00000000       0x27 c:/altera/13.0sp1/nios2eds/bin/gnu/h-i686-mingw32/bin/../lib/gcc/nios2-elf/4.1.2/../../../../nios2-elf/lib\libc.a(lib_a-stdio.o)
 .comment       0x00000000       0x27 c:/altera/13.0sp1/nios2eds/bin/gnu/h-i686-mingw32/bin/../lib/gcc/nios2-elf/4.1.2/../../../../nios2-elf/lib\libc.a(lib_a-strcmp.o)
 .comment       0x00000000       0x27 c:/altera/13.0sp1/nios2eds/bin/gnu/h-i686-mingw32/bin/../lib/gcc/nios2-elf/4.1.2/../../../../nios2-elf/lib\libc.a(lib_a-writer.o)
 .comment       0x00000000       0x27 c:/altera/13.0sp1/nios2eds/bin/gnu/h-i686-mingw32/bin/../lib/gcc/nios2-elf/4.1.2/../../../../nios2-elf/lib\libc.a(lib_a-callocr.o)
 .comment       0x00000000       0x27 c:/altera/13.0sp1/nios2eds/bin/gnu/h-i686-mingw32/bin/../lib/gcc/nios2-elf/4.1.2/../../../../nios2-elf/lib\libc.a(lib_a-closer.o)
 .comment       0x00000000       0x27 c:/altera/13.0sp1/nios2eds/bin/gnu/h-i686-mingw32/bin/../lib/gcc/nios2-elf/4.1.2/../../../../nios2-elf/lib\libc.a(lib_a-fclose.o)
 .comment       0x00000000       0x27 c:/altera/13.0sp1/nios2eds/bin/gnu/h-i686-mingw32/bin/../lib/gcc/nios2-elf/4.1.2/../../../../nios2-elf/lib\libc.a(lib_a-fstatr.o)