Archive member included because of file (symbol)

c:/altera/13.0sp1/nios2eds/bin/gnu/h-i686-mingw32/bin/../lib/gcc/nios2-elf/4.1.2/../../../../nios2-elf/lib/mno-hw-mul\libc.a(lib_a-puts.o)
                              obj/default/hello_world.o (puts)
c:/altera/13.0sp1/nios2eds/bin/gnu/h-i686-mingw32/bin/../lib/gcc/nios2-elf/4.1.2/../../../../nios2-elf/lib/mno-hw-mul\libc.a(lib_a-strlen.o)
                              c:/altera/13.0sp1/nios2eds/bin/gnu/h-i686-mingw32/bin/../lib/gcc/nios2-elf/4.1.2/../../../../nios2-elf/lib/mno-hw-mul\libc.a(lib_a-puts.o) (strlen)
c:/altera/13.0sp1/nios2eds/bin/gnu/h-i686-mingw32/bin/../lib/gcc/nios2-elf/4.1.2/../../../../nios2-elf/lib/mno-hw-mul\libc.a(lib_a-fvwrite.o)
                              c:/altera/13.0sp1/nios2eds/bin/gnu/h-i686-mingw32/bin/../lib/gcc/nios2-elf/4.1.2/../../../../nios2-elf/lib/mno-hw-mul\libc.a(lib_a-puts.o) (__sfvwrite_r)
c:/altera/13.0sp1/nios2eds/bin/gnu/h-i686-mingw32/bin/../lib/gcc/nios2-elf/4.1.2/../../../../nios2-elf/lib/mno-hw-mul\libc.a(lib_a-impure.o)
                              c:/altera/13.0sp1/nios2eds/bin/gnu/h-i686-mingw32/bin/../lib/gcc/nios2-elf/4.1.2/../../../../nios2-elf/lib/mno-hw-mul\libc.a(lib_a-puts.o) (_impure_ptr)
c:/altera/13.0sp1/nios2eds/bin/gnu/h-i686-mingw32/bin/../lib/gcc/nios2-elf/4.1.2/../../../../nios2-elf/lib/mno-hw-mul\libc.a(lib_a-mallocr.o)
                              c:/altera/13.0sp1/nios2eds/bin/gnu/h-i686-mingw32/bin/../lib/gcc/nios2-elf/4.1.2/../../../../nios2-elf/lib/mno-hw-mul\libc.a(lib_a-fvwrite.o) (_malloc_r)
c:/altera/13.0sp1/nios2eds/bin/gnu/h-i686-mingw32/bin/../lib/gcc/nios2-elf/4.1.2/../../../../nios2-elf/lib/mno-hw-mul\libc.a(lib_a-memchr.o)
                              c:/altera/13.0sp1/nios2eds/bin/gnu/h-i686-mingw32/bin/../lib/gcc/nios2-elf/4.1.2/../../../../nios2-elf/lib/mno-hw-mul\libc.a(lib_a-fvwrite.o) (memchr)
c:/altera/13.0sp1/nios2eds/bin/gnu/h-i686-mingw32/bin/../lib/gcc/nios2-elf/4.1.2/../../../../nios2-elf/lib/mno-hw-mul\libc.a(lib_a-memcpy.o)
                              c:/altera/13.0sp1/nios2eds/bin/gnu/h-i686-mingw32/bin/../lib/gcc/nios2-elf/4.1.2/../../../../nios2-elf/lib/mno-hw-mul\libc.a(lib_a-fvwrite.o) (memcpy)
c:/altera/13.0sp1/nios2eds/bin/gnu/h-i686-mingw32/bin/../lib/gcc/nios2-elf/4.1.2/../../../../nios2-elf/lib/mno-hw-mul\libc.a(lib_a-memmove.o)
                              c:/altera/13.0sp1/nios2eds/bin/gnu/h-i686-mingw32/bin/../lib/gcc/nios2-elf/4.1.2/../../../../nios2-elf/lib/mno-hw-mul\libc.a(lib_a-fvwrite.o) (memmove)
c:/altera/13.0sp1/nios2eds/bin/gnu/h-i686-mingw32/bin/../lib/gcc/nios2-elf/4.1.2/../../../../nios2-elf/lib/mno-hw-mul\libc.a(lib_a-reallocr.o)
                              c:/altera/13.0sp1/nios2eds/bin/gnu/h-i686-mingw32/bin/../lib/gcc/nios2-elf/4.1.2/../../../../nios2-elf/lib/mno-hw-mul\libc.a(lib_a-fvwrite.o) (_realloc_r)
c:/altera/13.0sp1/nios2eds/bin/gnu/h-i686-mingw32/bin/../lib/gcc/nios2-elf/4.1.2/../../../../nios2-elf/lib/mno-hw-mul\libc.a(lib_a-sbrkr.o)
                              c:/altera/13.0sp1/nios2eds/bin/gnu/h-i686-mingw32/bin/../lib/gcc/nios2-elf/4.1.2/../../../../nios2-elf/lib/mno-hw-mul\libc.a(lib_a-mallocr.o) (_sbrk_r)
c:/altera/13.0sp1/nios2eds/bin/gnu/h-i686-mingw32/bin/../lib/gcc/nios2-elf/4.1.2/../../../../nios2-elf/lib/mno-hw-mul\libc.a(lib_a-wsetup.o)
                              c:/altera/13.0sp1/nios2eds/bin/gnu/h-i686-mingw32/bin/../lib/gcc/nios2-elf/4.1.2/../../../../nios2-elf/lib/mno-hw-mul\libc.a(lib_a-fvwrite.o) (__swsetup_r)
c:/altera/13.0sp1/nios2eds/bin/gnu/h-i686-mingw32/bin/../lib/gcc/nios2-elf/4.1.2/../../../../nios2-elf/lib/mno-hw-mul\libc.a(lib_a-fflush.o)
                              c:/altera/13.0sp1/nios2eds/bin/gnu/h-i686-mingw32/bin/../lib/gcc/nios2-elf/4.1.2/../../../../nios2-elf/lib/mno-hw-mul\libc.a(lib_a-fvwrite.o) (_fflush_r)
c:/altera/13.0sp1/nios2eds/bin/gnu/h-i686-mingw32/bin/../lib/gcc/nios2-elf/4.1.2/../../../../nios2-elf/lib/mno-hw-mul\libc.a(lib_a-findfp.o)
                              c:/altera/13.0sp1/nios2eds/bin/gnu/h-i686-mingw32/bin/../lib/gcc/nios2-elf/4.1.2/../../../../nios2-elf/lib/mno-hw-mul\libc.a(lib_a-wsetup.o) (__sinit)
c:/altera/13.0sp1/nios2eds/bin/gnu/h-i686-mingw32/bin/../lib/gcc/nios2-elf/4.1.2/../../../../nios2-elf/lib/mno-hw-mul\libc.a(lib_a-freer.o)
                              c:/altera/13.0sp1/nios2eds/bin/gnu/h-i686-mingw32/bin/../lib/gcc/nios2-elf/4.1.2/../../../../nios2-elf/lib/mno-hw-mul\libc.a(lib_a-fvwrite.o) (_free_r)
c:/altera/13.0sp1/nios2eds/bin/gnu/h-i686-mingw32/bin/../lib/gcc/nios2-elf/4.1.2/../../../../nios2-elf/lib/mno-hw-mul\libc.a(lib_a-fwalk.o)
                              c:/altera/13.0sp1/nios2eds/bin/gnu/h-i686-mingw32/bin/../lib/gcc/nios2-elf/4.1.2/../../../../nios2-elf/lib/mno-hw-mul\libc.a(lib_a-fflush.o) (_fwalk_reent)
c:/altera/13.0sp1/nios2eds/bin/gnu/h-i686-mingw32/bin/../lib/gcc/nios2-elf/4.1.2/../../../../nios2-elf/lib/mno-hw-mul\libc.a(lib_a-int_errno.o)
[...]
Memory Configuration

Name             Origin             Length             Attributes
onchip_memory2_0 0x00000000         0x00001000
reset            0x01000000         0x00000020
sdram            0x01000020         0x007fffe0
*default*        0x00000000         0xffffffff

Linker script and memory map

LOAD ../example3_bsp//obj/HAL/src/crt0.o
LOAD obj/default/hello_world.o
LOAD c:/altera/13.0sp1/nios2eds/bin/gnu/h-i686-mingw32/bin/../lib/gcc/nios2-elf/4.1.2/../../../../nios2-elf/lib/mno-hw-mul\libstdc++.a
LOAD c:/altera/13.0sp1/nios2eds/bin/gnu/h-i686-mingw32/bin/../lib/gcc/nios2-elf/4.1.2/../../../../nios2-elf/lib/mno-hw-mul\libm.a
LOAD c:/altera/13.0sp1/nios2eds/bin/gnu/h-i686-mingw32/bin/../lib/gcc/nios2-elf/4.1.2/mno-hw-mul\libgcc.a
START GROUP
LOAD c:/altera/13.0sp1/nios2eds/bin/gnu/h-i686-mingw32/bin/../lib/gcc/nios2-elf/4.1.2/../../../../nios2-elf/lib/mno-hw-mul\libc.a
LOAD c:/altera/13.0sp1/nios2eds/bin/gnu/h-i686-mingw32/bin/../lib/gcc/nios2-elf/4.1.2/mno-hw-mul\libgcc.a
LOAD ../example3_bsp/\libhal_bsp.a
END GROUP
LOAD c:/altera/13.0sp1/nios2eds/bin/gnu/h-i686-mingw32/bin/../lib/gcc/nios2-elf/4.1.2/mno-hw-mul\libgcc.a
                0x00000000                __alt_mem_onchip_memory2_0 = 0x0
                0x01000000                __alt_mem_sdram = 0x1000000

.entry          0x01000000       0x20
 *(.entry)
 .entry         0x01000000       0x20 ../example3_bsp//obj/HAL/src/crt0.o
                0x01000000                __reset

.exceptions     0x01000020      0x194
                0x01000020                PROVIDE (__ram_exceptions_start, ABSOLUTE (.))
                0x01000020                . = ALIGN (0x20)
 *(.irq)
 *(.exceptions.entry.label)
 .exceptions.entry.label
                0x01000020        0x0 ../example3_bsp/\libhal_bsp.a(alt_irq_entry.o)
                0x01000020                alt_irq_entry
 .exceptions.entry.label
                0x01000020        0x0 ../example3_bsp/\libhal_bsp.a(alt_exception_entry.o)
                0x01000020                alt_exception
 *(.exceptions.entry.user)
 *(.exceptions.entry)
 .exceptions.entry
                0x01000020       0x54 ../example3_bsp/\libhal_bsp.a(alt_exception_entry.o)
 *(.exceptions.irqtest.user)
 *(.exceptions.irqtest)
 .exceptions.irqtest
                0x01000074       0x10 ../example3_bsp/\libhal_bsp.a(alt_irq_entry.o)
 *(.exceptions.irqhandler.user)
 *(.exceptions.irqhandler)
 .exceptions.irqhandler
                0x01000084        0x4 ../example3_bsp/\libhal_bsp.a(alt_irq_entry.o)
 *(.exceptions.irqreturn.user)
 *(.exceptions.irqreturn)
 .exceptions.irqreturn
                0x01000088        0x4 ../example3_bsp/\libhal_bsp.a(alt_irq_entry.o)
 *(.exceptions.notirq.label)
 .exceptions.notirq.label
                0x0100008c        0x0 ../example3_bsp/\libhal_bsp.a(alt_irq_entry.o)
 *(.exceptions.notirq.user)
 *(.exceptions.notirq)
 .exceptions.notirq
                0x0100008c        0x8 ../example3_bsp/\libhal_bsp.a(alt_exception_entry.o)
 *(.exceptions.soft.user)
 *(.exceptions.soft)
 *(.exceptions.unknown.user)
 *(.exceptions.unknown)
 .exceptions.unknown
                0x01000094        0x4 ../example3_bsp/\libhal_bsp.a(alt_exception_entry.o)
 *(.exceptions.exit.label)
 .exceptions.exit.label
                0x01000098        0x0 ../example3_bsp/\libhal_bsp.a(alt_irq_entry.o)
 .exceptions.exit.label
                0x01000098        0x0 ../example3_bsp/\libhal_bsp.a(alt_exception_entry.o)
 *(.exceptions.exit.user)
 *(.exceptions.exit)
 .exceptions.exit
                0x01000098       0x54 ../example3_bsp/\libhal_bsp.a(alt_exception_entry.o)
 *(.exceptions)
 .exceptions    0x010000ec       0xc8 ../example3_bsp/\libhal_bsp.a(alt_irq_handler.o)
                0x010000ec                alt_irq_handler
                0x010001b4                PROVIDE (__ram_exceptions_end, ABSOLUTE (.))
                0x01000020                PROVIDE (__flash_exceptions_start, LOADADDR (.exceptions))

.text           0x010001b4     0x585c
                0x010001b4                PROVIDE (stext, ABSOLUTE (.))
 *(.interp)
 *(.hash)
 *(.dynsym)
 *(.dynstr)
 *(.gnu.version)
 *(.gnu.version_d)
 *(.gnu.version_r)
 *(.rel.init)
 *(.rela.init)
 *(.rel.text .rel.text.* .rel.gnu.linkonce.t.*)
 *(.rela.text .rela.text.* .rela.gnu.linkonce.t.*)
 *(.rel.fini)
 *(.rela.fini)
 *(.rel.rodata .rel.rodata.* .rel.gnu.linkonce.r.*)
 *(.rela.rodata .rela.rodata.* .rela.gnu.linkonce.r.*)
 *(.rel.data .rel.data.* .rel.gnu.linkonce.d.*)
 *(.rela.data .rela.data.* .rela.gnu.linkonce.d.*)
 *(.rel.tdata .rel.tdata.* .rel.gnu.linkonce.td.*)
 *(.rela.tdata .rela.tdata.* .rela.gnu.linkonce.td.*)
 *(.rel.tbss .rel.tbss.* .rel.gnu.linkonce.tb.*)
 *(.rela.tbss .rela.tbss.* .rela.gnu.linkonce.tb.*)
 *(.rel.ctors)
 *(.rela.ctors)
 *(.rel.dtors)
 *(.rela.dtors)
 *(.rel.got)
 *(.rela.got)
 *(.rel.sdata .rel.sdata.* .rel.gnu.linkonce.s.*)
 *(.rela.sdata .rela.sdata.* .rela.gnu.linkonce.s.*)
 *(.rel.sbss .rel.sbss.* .rel.gnu.linkonce.sb.*)
 *(.rela.sbss .rela.sbss.* .rela.gnu.linkonce.sb.*)
 *(.rel.sdata2 .rel.sdata2.* .rel.gnu.linkonce.s2.*)
 *(.rela.sdata2 .rela.sdata2.* .rela.gnu.linkonce.s2.*)
 *(.rel.sbss2 .rel.sbss2.* .rel.gnu.linkonce.sb2.*)
 *(.rela.sbss2 .rela.sbss2.* .rela.gnu.linkonce.sb2.*)
 *(.rel.bss .rel.bss.* .rel.gnu.linkonce.b.*)
 *(.rela.bss .rela.bss.* .rela.gnu.linkonce.b.*)
 *(.rel.plt)
 *(.rela.plt)
 *(.rel.dyn)
 *(.init)
 *(.plt)
 *(.text .stub .text.* .gnu.linkonce.t.*)
 .text          0x010001b4       0x3c ../example3_bsp//obj/HAL/src/crt0.o
                0x010001b4                _start
 .text          0x010001f0       0x34 obj/default/hello_world.o
                0x010001f0                main
 .text          0x01000224       0xb4 c:/altera/13.0sp1/nios2eds/bin/gnu/h-i686-mingw32/bin/../lib/gcc/nios2-elf/4.1.2/../../../../nios2-elf/lib/mno-hw-mul\libc.a(lib_a-puts.o)
                0x01000224                _puts_r
                0x010002c4                puts
 .text          0x010002d8       0x74 c:/altera/13.0sp1/nios2eds/bin/gnu/h-i686-mingw32/bin/../lib/gcc/nios2-elf/4.1.2/../../../../nios2-elf/lib/mno-hw-mul\libc.a(lib_a-strlen.o)
                0x010002d8                strlen
 .text          0x0100034c      0x49c c:/altera/13.0sp1/nios2eds/bin/gnu/h-i686-mingw32/bin/../lib/gcc/nios2-elf/4.1.2/../../../../nios2-elf/lib/mno-hw-mul\libc.a(lib_a-fvwrite.o)
                0x0100034c                __sfvwrite_r
 .text          0x010007e8        0x0 c:/altera/13.0sp1/nios2eds/bin/gnu/h-i686-mingw32/bin/../lib/gcc/nios2-elf/4.1.2/../../../../nios2-elf/lib/mno-hw-mul\libc.a(lib_a-impure.o)
 .text          0x010007e8      0x740 c:/altera/13.0sp1/nios2eds/bin/gnu/h-i686-mingw32/bin/../lib/gcc/nios2-elf/4.1.2/../../../../nios2-elf/lib/mno-hw-mul\libc.a(lib_a-mallocr.o)
                0x010007e8                _malloc_r
 .text          0x01000f28       0xe4 c:/altera/13.0sp1/nios2eds/bin/gnu/h-i686-mingw32/bin/../lib/gcc/nios2-elf/4.1.2/../../../../nios2-elf/lib/mno-hw-mul\libc.a(lib_a-memchr.o)
                0x01000f28                memchr
 .text          0x0100100c       0xa0 c:/altera/13.0sp1/nios2eds/bin/gnu/h-i686-mingw32/bin/../lib/gcc/nios2-elf/4.1.2/../../../../nios2-elf/lib/mno-hw-mul\libc.a(lib_a-memcpy.o)
                0x0100100c                memcpy
 .text          0x010010ac       0xe0 c:/altera/13.0sp1/nios2eds/bin/gnu/h-i686-mingw32/bin/../lib/gcc/nios2-elf/4.1.2/../../../../nios2-elf/lib/mno-hw-mul\libc.a(lib_a-memmove.o)
                0x010010ac                memmove
 .text          0x0100118c      0x5f4 c:/altera/13.0sp1/nios2eds/bin/gnu/h-i686-mingw32/bin/../lib/gcc/nios2-elf/4.1.2/../../../../nios2-elf/lib/mno-hw-mul\libc.a(lib_a-reallocr.o)
                0x0100118c                _realloc_r
 .text          0x01001780       0x70 c:/altera/13.0sp1/nios2eds/bin/gnu/h-i686-mingw32/bin/../lib/gcc/nios2-elf/4.1.2/../../../../nios2-elf/lib/mno-hw-mul\libc.a(lib_a-sbrkr.o)
                0x01001780                _sbrk_r
 .text          0x010017f0      0x13c c:/altera/13.0sp1/nios2eds/bin/gnu/h-i686-mingw32/bin/../lib/gcc/nios2-elf/4.1.2/../../../../nios2-elf/lib/mno-hw-mul\libc.a(lib_a-wsetup.o)
                0x010017f0                __swsetup_r
 .text          0x0100192c      0x230 c:/altera/13.0sp1/nios2eds/bin/gnu/h-i686-mingw32/bin/../lib/gcc/nios2-elf/4.1.2/../../../../nios2-elf/lib/mno-hw-mul\libc.a(lib_a-fflush.o)
                0x0100192c                _fflush_r
                0x01001b28                fflush
 .text          0x01001b5c      0x2f4 c:/altera/13.0sp1/nios2eds/bin/gnu/h-i686-mingw32/bin/../lib/gcc/nios2-elf/4.1.2/../../../../nios2-elf/lib/mno-hw-mul\libc.a(lib_a-findfp.o)
                0x01001bb4                __sfp_lock_acquire
                0x01001bb8                __sfp_lock_release
                0x01001bbc                __sinit_lock_acquire
                0x01001bc0                __sinit_lock_release
                0x01001bc4                __sinit
                0x01001c78                __fp_unlock_all
                0x01001c90                __fp_lock_all
                0x01001ca8                _cleanup_r
                0x01001cb4                _cleanup
                0x01001cc4                __sfmoreglue
                0x01001d60                __sfp
 .text          0x01001e50      0x440 c:/altera/13.0sp1/nios2eds/bin/gnu/h-i686-mingw32/bin/../lib/gcc/nios2-elf/4.1.2/../../../../nios2-elf/lib/mno-hw-mul\libc.a(lib_a-freer.o)
                0x01001e50                _malloc_trim_r
                0x01001f7c                _free_r
 .text          0x01002290      0x180 c:/altera/13.0sp1/nios2eds/bin/gnu/h-i686-mingw32/bin/../lib/gcc/nios2-elf/4.1.2/../../../../nios2-elf/lib/mno-hw-mul\libc.a(lib_a-fwalk.o)
                0x01002290                _fwalk_reent
                0x01002358                _fwalk
 .text          0x01002410        0x0 c:/altera/13.0sp1/nios2eds/bin/gnu/h-i686-mingw32/bin/../lib/gcc/nios2-elf/4.1.2/../../../../nios2-elf/lib/mno-hw-mul\libc.a(lib_a-int_errno.o)
 .text          0x01002410      0x194 c:/altera/13.0sp1/nios2eds/bin/gnu/h-i686-mingw32/bin/../lib/gcc/nios2-elf/4.1.2/../../../../nios2-elf/lib/mno-hw-mul\libc.a(lib_a-makebuf.o)
                0x01002410                __smakebuf_r
 .text          0x010025a4       0x98 c:/altera/13.0sp1/nios2eds/bin/gnu/h-i686-mingw32/bin/../lib/gcc/nios2-elf/4.1.2/../../../../nios2-elf/lib/mno-hw-mul\libc.a(lib_a-memset.o)
                0x010025a4                memset
 .text          0x0100263c      0x14c c:/altera/13.0sp1/nios2eds/bin/gnu/h-i686-mingw32/bin/../lib/gcc/nios2-elf/4.1.2/../../../../nios2-elf/lib/mno-hw-mul\libc.a(lib_a-stdio.o)
                0x0100263c                __sclose
                0x01002644                __sseek
                0x010026ac                __swrite
                0x01002728                __sread
 .text          0x01002788       0x78 c:/altera/13.0sp1/nios2eds/bin/gnu/h-i686-mingw32/bin/../lib/gcc/nios2-elf/4.1.2/../../../../nios2-elf/lib/mno-hw-mul\libc.a(lib_a-writer.o)
                0x01002788                _write_r
 .text          0x01002800       0x70 c:/altera/13.0sp1/nios2eds/bin/gnu/h-i686-mingw32/bin/../lib/gcc/nios2-elf/4.1.2/../../../../nios2-elf/lib/mno-hw-mul\libc.a(lib_a-closer.o)
                0x01002800                _close_r
 .text          0x01002870      0x124 c:/altera/13.0sp1/nios2eds/bin/gnu/h-i686-mingw32/bin/../lib/gcc/nios2-elf/4.1.2/../../../../nios2-elf/lib/mno-hw-mul\libc.a(lib_a-fclose.o)
                0x01002870                _fclose_r
                0x01002980                fclose
 .text          0x01002994       0x74 c:/altera/13.0sp1/nios2eds/bin/gnu/h-i686-mingw32/bin/../lib/gcc/nios2-elf/4.1.2/../../../../nios2-elf/lib/mno-hw-mul\libc.a(lib_a-fstatr.o)
                0x01002994                _fstat_r
 .text          0x01002a08       0x70 c:/altera/13.0sp1/nios2eds/bin/gnu/h-i686-mingw32/bin/../lib/gcc/nios2-elf/4.1.2/../../../../nios2-elf/lib/mno-hw-mul\libc.a(lib_a-isattyr.o)
                0x01002a08                _isatty_r
 .text          0x01002a78       0x78 c:/altera/13.0sp1/nios2eds/bin/gnu/h-i686-mingw32/bin/../lib/gcc/nios2-elf/4.1.2/../../../../nios2-elf/lib/mno-hw-mul\libc.a(lib_a-lseekr.o)
                0x01002a78                _lseek_r
 .text          0x01002af0       0x78 c:/altera/13.0sp1/nios2eds/bin/gnu/h-i686-mingw32/bin/../lib/gcc/nios2-elf/4.1.2/../../../../nios2-elf/lib/mno-hw-mul\libc.a(lib_a-readr.o)
                0x01002af0                _read_r
 .text          0x01002b68       0x38 c:/altera/13.0sp1/nios2eds/bin/gnu/h-i686-mingw32/bin/../lib/gcc/nios2-elf/4.1.2/mno-hw-mul\libgcc.a(lib2-mul.o)
                0x01002b68                __mulsi3
 .text          0x01002ba0      0x160 ../example3_bsp/\libhal_bsp.a(alt_close.o)
                0x01002ba0                close
 .text          0x01002d00       0x2c ../example3_bsp/\libhal_bsp.a(alt_dev.o)
 .text          0x01002d2c        0x0 ../example3_bsp/\libhal_bsp.a(alt_errno.o)
 .text          0x01002d2c      0x138 ../example3_bsp/\libhal_bsp.a(alt_fstat.o)
                0x01002d2c                fstat
 .text          0x01002e64      0x124 ../example3_bsp/\libhal_bsp.a(alt_isatty.o)
                0x01002e64                isatty
 .text          0x01002f88       0xec ../example3_bsp/\libhal_bsp.a(alt_load.o)
                0x01002f88                alt_load
 .text          0x01003074      0x154 ../example3_bsp/\libhal_bsp.a(alt_lseek.o)
                0x01003074                lseek
 .text          0x010031c8       0x6c ../example3_bsp/\libhal_bsp.a(alt_main.o)
                0x010031c8                alt_main
 .text          0x01003234       0x40 ../example3_bsp/\libhal_bsp.a(alt_malloc_lock.o)
                0x01003234                __malloc_lock
                0x01003254                __malloc_unlock
 .text          0x01003274      0x184 ../example3_bsp/\libhal_bsp.a(alt_read.o)
                0x01003274                read
 .text          0x010033f8       0x78 ../example3_bsp/\libhal_bsp.a(alt_release_fd.o)
                0x010033f8                alt_release_fd
 .text          0x01003470       0xbc ../example3_bsp/\libhal_bsp.a(alt_sbrk.o)
                0x01003470                sbrk
 .text          0x0100352c      0x184 ../example3_bsp/\libhal_bsp.a(alt_write.o)
                0x0100352c                write
 .text          0x010036b0       0xc8 ../example3_bsp/\libhal_bsp.a(alt_sys_init.o)
                0x010036b0                alt_irq_init
                0x010036e4                alt_sys_init
 .text          0x01003778      0x148 ../example3_bsp/\libhal_bsp.a(altera_avalon_jtag_uart_fd.o)
                0x01003778                altera_avalon_jtag_uart_read_fd
                0x010037d0                altera_avalon_jtag_uart_write_fd
                0x01003828                altera_avalon_jtag_uart_close_fd
                0x01003870                altera_avalon_jtag_uart_ioctl_fd
 .text          0x010038c0      0x40c ../example3_bsp/\libhal_bsp.a(altera_avalon_jtag_uart_init.o)
                0x010038c0                altera_avalon_jtag_uart_init
                0x01003c58                altera_avalon_jtag_uart_close
 .text          0x01003ccc       0xf4 ../example3_bsp/\libhal_bsp.a(altera_avalon_jtag_uart_ioctl.o)
                0x01003ccc                altera_avalon_jtag_uart_ioctl
 .text          0x01003dc0      0x224 ../example3_bsp/\libhal_bsp.a(altera_avalon_jtag_uart_read.o)
                0x01003dc0                altera_avalon_jtag_uart_read
 .text          0x01003fe4      0x240 ../example3_bsp/\libhal_bsp.a(altera_avalon_jtag_uart_write.o)
                0x01003fe4                altera_avalon_jtag_uart_write
 .text          0x01004224      0x530 ../example3_bsp/\libhal_bsp.a(altera_up_avalon_character_lcd.o)
                0x01004224                get_DDRAM_addr
                0x010042a0                alt_up_character_lcd_send_cmd
                0x010042d4                alt_up_character_lcd_init
                0x01004308                alt_up_character_lcd_open_dev
                0x01004348                alt_up_character_lcd_write
                0x010043c0                alt_up_character_lcd_string
                0x01004438                alt_up_character_lcd_write_fd
                0x01004484                alt_up_character_lcd_set_cursor_pos
                0x010044fc                alt_up_character_lcd_shift_cursor
                0x010045ac                alt_up_character_lcd_shift_display
                0x0100465c                alt_up_character_lcd_erase_pos
                0x010046ec                alt_up_character_lcd_cursor_off
                0x01004720                alt_up_character_lcd_cursor_blink_on
 .text          0x01004754      0x154 ../example3_bsp/\libhal_bsp.a(alt_alarm_start.o)
                0x01004754                alt_alarm_start
 .text          0x010048a8       0x1c ../example3_bsp/\libhal_bsp.a(alt_dcache_flush_all.o)
                0x010048a8                alt_dcache_flush_all
 .text          0x010048c4      0x114 ../example3_bsp/\libhal_bsp.a(alt_dev_llist_insert.o)
                0x010048c4                alt_dev_llist_insert
 .text          0x010049d8       0x64 ../example3_bsp/\libhal_bsp.a(alt_do_ctors.o)
                0x010049d8                _do_ctors
 .text          0x01004a3c       0x64 ../example3_bsp/\libhal_bsp.a(alt_do_dtors.o)
                0x01004a3c                _do_dtors
 .text          0x01004aa0       0x94 ../example3_bsp/\libhal_bsp.a(alt_find_dev.o)
                0x01004aa0                alt_find_dev
 .text          0x01004b34       0x1c ../example3_bsp/\libhal_bsp.a(alt_icache_flush_all.o)
                0x01004b34                alt_icache_flush_all
 .text          0x01004b50      0x1d4 ../example3_bsp/\libhal_bsp.a(alt_iic.o)
                0x01004b50                alt_ic_isr_register
                0x01004ba0                alt_ic_irq_enable
                0x01004c3c                alt_ic_irq_disable
                0x01004cdc                alt_ic_irq_enabled
 .text          0x01004d24       0xf8 ../example3_bsp/\libhal_bsp.a(alt_iic_isr_register.o)
                0x01004d24                alt_iic_isr_register
 .text          0x01004e1c      0x150 ../example3_bsp/\libhal_bsp.a(alt_io_redirect.o)
                0x01004ef4                alt_io_redirect
 .text          0x01004f6c        0x0 ../example3_bsp/\libhal_bsp.a(alt_irq_entry.o)
 .text          0x01004f6c        0x0 ../example3_bsp/\libhal_bsp.a(alt_irq_handler.o)
 .text          0x01004f6c        0x0 ../example3_bsp/\libhal_bsp.a(alt_irq_vars.o)
 .text          0x01004f6c      0x2e4 ../example3_bsp/\libhal_bsp.a(alt_open.o)
                0x01005064                open
 .text          0x01005250      0x1a4 ../example3_bsp/\libhal_bsp.a(alt_tick.o)
                0x01005250                alt_alarm_stop
                0x010052e8                alt_tick
 .text          0x010053f4       0x20 ../example3_bsp/\libhal_bsp.a(altera_nios2_qsys_irq.o)
                0x010053f4                altera_nios2_qsys_irq_init
 .text          0x01005414        0x0 ../example3_bsp/\libhal_bsp.a(alt_exception_entry.o)
 .text          0x01005414      0x120 ../example3_bsp/\libhal_bsp.a(alt_find_file.o)
                0x01005414                alt_find_file
 .text          0x01005534       0xd0 ../example3_bsp/\libhal_bsp.a(alt_get_fd.o)
                0x01005534                alt_get_fd
 .text          0x01005604       0x14 c:/altera/13.0sp1/nios2eds/bin/gnu/h-i686-mingw32/bin/../lib/gcc/nios2-elf/4.1.2/../../../../nios2-elf/lib/mno-hw-mul\libc.a(lib_a-atexit.o)
                0x01005604                atexit
 .text          0x01005618       0x38 c:/altera/13.0sp1/nios2eds/bin/gnu/h-i686-mingw32/bin/../lib/gcc/nios2-elf/4.1.2/../../../../nios2-elf/lib/mno-hw-mul\libc.a(lib_a-exit.o)
                0x01005618                exit
 .text          0x01005650       0x74 c:/altera/13.0sp1/nios2eds/bin/gnu/h-i686-mingw32/bin/../lib/gcc/nios2-elf/4.1.2/../../../../nios2-elf/lib/mno-hw-mul\libc.a(lib_a-memcmp.o)
                0x01005650                memcmp
 .text          0x010056c4      0x134 c:/altera/13.0sp1/nios2eds/bin/gnu/h-i686-mingw32/bin/../lib/gcc/nios2-elf/4.1.2/../../../../nios2-elf/lib/mno-hw-mul\libc.a(lib_a-__atexit.o)
                0x010056c4                __register_exitproc
 .text          0x010057f8      0x1b4 c:/altera/13.0sp1/nios2eds/bin/gnu/h-i686-mingw32/bin/../lib/gcc/nios2-elf/4.1.2/../../../../nios2-elf/lib/mno-hw-mul\libc.a(lib_a-__call_atexit.o)
                0x010057fc                __call_exitprocs
 .text          0x010059ac       0x60 ../example3_bsp/\libhal_bsp.a(alt_exit.o)
                0x010059ec                _exit
 *(.gnu.warning.*)
 *(.fini)
                0x01005a0c                PROVIDE (__etext, ABSOLUTE (.))
                0x01005a0c                PROVIDE (_etext, ABSOLUTE (.))
                0x01005a0c                PROVIDE (etext, ABSOLUTE (.))
 *(.eh_frame_hdr)
                0x01005a0c                . = ALIGN (0x4)
                0x01005a0c                PROVIDE (__preinit_array_start, ABSOLUTE (.))
 *(.preinit_array)
                0x01005a0c                PROVIDE (__preinit_array_end, ABSOLUTE (.))
                0x01005a0c                PROVIDE (__init_array_start, ABSOLUTE (.))
 *(.init_array)
                0x01005a0c                PROVIDE (__init_array_end, ABSOLUTE (.))
                0x01005a0c                PROVIDE (__fini_array_start, ABSOLUTE (.))
 *(.fini_array)
                0x01005a0c                PROVIDE (__fini_array_end, ABSOLUTE (.))
 *(.eh_frame)
 *(.gcc_except_table)
 *(.dynamic)
                0x01005a0c                PROVIDE (__CTOR_LIST__, ABSOLUTE (.))
 *(.ctors)
 *(SORT(.ctors.*))
 .ctors.65535   0x01005a0c        0x4 c:/altera/13.0sp1/nios2eds/bin/gnu/h-i686-mingw32/bin/../lib/gcc/nios2-elf/4.1.2/../../../../nios2-elf/lib/mno-hw-mul\libc.a(lib_a-__call_atexit.o)
                0x01005a10                PROVIDE (__CTOR_END__, ABSOLUTE (.))
                0x01005a10                PROVIDE (__DTOR_LIST__, ABSOLUTE (.))
 *(.dtors)
 *(SORT(.dtors.*))
                0x01005a10                PROVIDE (__DTOR_END__, ABSOLUTE (.))
 *(.jcr)
                0x01005a10                . = ALIGN (0x4)

.rodata         0x01005a10       0x68
                0x01005a10                PROVIDE (__ram_rodata_start, ABSOLUTE (.))
                0x01005a10                . = ALIGN (0x4)
 *(.rodata .rodata.* .gnu.linkonce.r.*)
 .rodata        0x01005a10       0x14 obj/default/hello_world.o
 .rodata.str1.4
                0x01005a24        0x2 c:/altera/13.0sp1/nios2eds/bin/gnu/h-i686-mingw32/bin/../lib/gcc/nios2-elf/4.1.2/../../../../nios2-elf/lib/mno-hw-mul\libc.a(lib_a-puts.o)
                                  0x4 (size before relaxing)
 *fill*         0x01005a26        0x2 00
 .rodata.str1.4
                0x01005a28        0x4 c:/altera/13.0sp1/nios2eds/bin/gnu/h-i686-mingw32/bin/../lib/gcc/nios2-elf/4.1.2/../../../../nios2-elf/lib/mno-hw-mul\libc.a(lib_a-impure.o)
 .rodata        0x01005a2c        0xc ../example3_bsp/\libhal_bsp.a(alt_dev.o)
 .rodata        0x01005a38       0x14 ../example3_bsp/\libhal_bsp.a(alt_main.o)
 .rodata        0x01005a4c       0x2c ../example3_bsp/\libhal_bsp.a(alt_sys_init.o)
 *(.rodata1)
                0x01005a78                . = ALIGN (0x4)
                0x01005a78                PROVIDE (__ram_rodata_end, ABSOLUTE (.))
                0x01005a10                PROVIDE (__flash_rodata_start, LOADADDR (.rodata))

.rwdata         0x01005a78     0x1a74 load address 0x010074ec
                0x01005a78                PROVIDE (__ram_rwdata_start, ABSOLUTE (.))
                0x01005a78                . = ALIGN (0x4)
 *(.got.plt)
 *(.got)
 *(.data1)
 *(.data .data.* .gnu.linkonce.d.*)
 .data          0x01005a78        0x0 ../example3_bsp//obj/HAL/src/crt0.o
 .data          0x01005a78        0x0 obj/default/hello_world.o
 .data          0x01005a78        0x0 c:/altera/13.0sp1/nios2eds/bin/gnu/h-i686-mingw32/bin/../lib/gcc/nios2-elf/4.1.2/../../../../nios2-elf/lib/mno-hw-mul\libc.a(lib_a-puts.o)
 .data          0x01005a78        0x0 c:/altera/13.0sp1/nios2eds/bin/gnu/h-i686-mingw32/bin/../lib/gcc/nios2-elf/4.1.2/../../../../nios2-elf/lib/mno-hw-mul\libc.a(lib_a-strlen.o)
 .data          0x01005a78        0x0 c:/altera/13.0sp1/nios2eds/bin/gnu/h-i686-mingw32/bin/../lib/gcc/nios2-elf/4.1.2/../../../../nios2-elf/lib/mno-hw-mul\libc.a(lib_a-fvwrite.o)
 .data          0x01005a78      0x400 c:/altera/13.0sp1/nios2eds/bin/gnu/h-i686-mingw32/bin/../lib/gcc/nios2-elf/4.1.2/../../../../nios2-elf/lib/mno-hw-mul\libc.a(lib_a-impure.o)
 .data          0x01005e78      0x408 c:/altera/13.0sp1/nios2eds/bin/gnu/h-i686-mingw32/bin/../lib/gcc/nios2-elf/4.1.2/../../../../nios2-elf/lib/mno-hw-mul\libc.a(lib_a-mallocr.o)
                0x01005e78                __malloc_av_
 .data          0x01006280        0x0 c:/altera/13.0sp1/nios2eds/bin/gnu/h-i686-mingw32/bin/../lib/gcc/nios2-elf/4.1.2/../../../../nios2-elf/lib/mno-hw-mul\libc.a(lib_a-memchr.o)
 .data          0x01006280        0x0 c:/altera/13.0sp1/nios2eds/bin/gnu/h-i686-mingw32/bin/../lib/gcc/nios2-elf/4.1.2/../../../../nios2-elf/lib/mno-hw-mul\libc.a(lib_a-memcpy.o)
 .data          0x01006280        0x0 c:/altera/13.0sp1/nios2eds/bin/gnu/h-i686-mingw32/bin/../lib/gcc/nios2-elf/4.1.2/../../../../nios2-elf/lib/mno-hw-mul\libc.a(lib_a-memmove.o)
 .data          0x01006280        0x0 c:/altera/13.0sp1/nios2eds/bin/gnu/h-i686-mingw32/bin/../lib/gcc/nios2-elf/4.1.2/../../../../nios2-elf/lib/mno-hw-mul\libc.a(lib_a-reallocr.o)
 .data          0x01006280        0x0 c:/altera/13.0sp1/nios2eds/bin/gnu/h-i686-mingw32/bin/../lib/gcc/nios2-elf/4.1.2/../../../../nios2-elf/lib/mno-hw-mul\libc.a(lib_a-sbrkr.o)
 .data          0x01006280        0x0 c:/altera/13.0sp1/nios2eds/bin/gnu/h-i686-mingw32/bin/../lib/gcc/nios2-elf/4.1.2/../../../../nios2-elf/lib/mno-hw-mul\libc.a(lib_a-wsetup.o)
 .data          0x01006280        0x0 c:/altera/13.0sp1/nios2eds/bin/gnu/h-i686-mingw32/bin/../lib/gcc/nios2-elf/4.1.2/../../../../nios2-elf/lib/mno-hw-mul\libc.a(lib_a-fflush.o)
 .data          0x01006280        0x0 c:/altera/13.0sp1/nios2eds/bin/gnu/h-i686-mingw32/bin/../lib/gcc/nios2-elf/4.1.2/../../../../nios2-elf/lib/mno-hw-mul\libc.a(lib_a-findfp.o)
 .data          0x01006280        0x0 c:/altera/13.0sp1/nios2eds/bin/gnu/h-i686-mingw32/bin/../lib/gcc/nios2-elf/4.1.2/../../../../nios2-elf/lib/mno-hw-mul\libc.a(lib_a-freer.o)
 .data          0x01006280        0x0 c:/altera/13.0sp1/nios2eds/bin/gnu/h-i686-mingw32/bin/../lib/gcc/nios2-elf/4.1.2/../../../../nios2-elf/lib/mno-hw-mul\libc.a(lib_a-fwalk.o)
 .data          0x01006280        0x0 c:/altera/13.0sp1/nios2eds/bin/gnu/h-i686-mingw32/bin/../lib/gcc/nios2-elf/4.1.2/../../../../nios2-elf/lib/mno-hw-mul\libc.a(lib_a-int_errno.o)
 .data          0x01006280        0x0 c:/altera/13.0sp1/nios2eds/bin/gnu/h-i686-mingw32/bin/../lib/gcc/nios2-elf/4.1.2/../../../../nios2-elf/lib/mno-hw-mul\libc.a(lib_a-makebuf.o)
 .data          0x01006280        0x0 c:/altera/13.0sp1/nios2eds/bin/gnu/h-i686-mingw32/bin/../lib/gcc/nios2-elf/4.1.2/../../../../nios2-elf/lib/mno-hw-mul\libc.a(lib_a-memset.o)
 .data          0x01006280        0x0 c:/altera/13.0sp1/nios2eds/bin/gnu/h-i686-mingw32/bin/../lib/gcc/nios2-elf/4.1.2/../../../../nios2-elf/lib/mno-hw-mul\libc.a(lib_a-stdio.o)
 .data          0x01006280        0x0 c:/altera/13.0sp1/nios2eds/bin/gnu/h-i686-mingw32/bin/../lib/gcc/nios2-elf/4.1.2/../../../../nios2-elf/lib/mno-hw-mul\libc.a(lib_a-writer.o)
 .data          0x01006280        0x0 c:/altera/13.0sp1/nios2eds/bin/gnu/h-i686-mingw32/bin/../lib/gcc/nios2-elf/4.1.2/../../../../nios2-elf/lib/mno-hw-mul\libc.a(lib_a-closer.o)
 .data          0x01006280        0x0 c:/altera/13.0sp1/nios2eds/bin/gnu/h-i686-mingw32/bin/../lib/gcc/nios2-elf/4.1.2/../../../../nios2-elf/lib/mno-hw-mul\libc.a(lib_a-fclose.o)
 .data          0x01006280        0x0 c:/altera/13.0sp1/nios2eds/bin/gnu/h-i686-mingw32/bin/../lib/gcc/nios2-elf/4.1.2/../../../../nios2-elf/lib/mno-hw-mul\libc.a(lib_a-fstatr.o)
 .data          0x01006280        0x0 c:/altera/13.0sp1/nios2eds/bin/gnu/h-i686-mingw32/bin/../lib/gcc/nios2-elf/4.1.2/../../../../nios2-elf/lib/mno-hw-mul\libc.a(lib_a-isattyr.o)
 .data          0x01006280        0x0 c:/altera/13.0sp1/nios2eds/bin/gnu/h-i686-mingw32/bin/../lib/gcc/nios2-elf/4.1.2/../../../../nios2-elf/lib/mno-hw-mul\libc.a(lib_a-lseekr.o)
 .data          0x01006280        0x0 c:/altera/13.0sp1/nios2eds/bin/gnu/h-i686-mingw32/bin/../lib/gcc/nios2-elf/4.1.2/../../../../nios2-elf/lib/mno-hw-mul\libc.a(lib_a-readr.o)
 .data          0x01006280        0x0 c:/altera/13.0sp1/nios2eds/bin/gnu/h-i686-mingw32/bin/../lib/gcc/nios2-elf/4.1.2/mno-hw-mul\libgcc.a(lib2-mul.o)
 .data          0x01006280        0x0 ../example3_bsp/\libhal_bsp.a(alt_close.o)
 .data          0x01006280      0x1a8 ../example3_bsp/\libhal_bsp.a(alt_dev.o)
                0x01006280                alt_dev_null
                0x010062a8                alt_fd_list
 .data          0x01006428        0x0 ../example3_bsp/\libhal_bsp.a(alt_errno.o)
 .data          0x01006428        0x0 ../example3_bsp/\libhal_bsp.a(alt_fstat.o)
 .data          0x01006428        0x0 ../example3_bsp/\libhal_bsp.a(alt_isatty.o)
 .data          0x01006428        0x0 ../example3_bsp/\libhal_bsp.a(alt_load.o)
 .data          0x01006428        0x0 ../example3_bsp/\libhal_bsp.a(alt_lseek.o)
 .data          0x01006428        0x0 ../example3_bsp/\libhal_bsp.a(alt_main.o)
 .data          0x01006428        0x0 ../example3_bsp/\libhal_bsp.a(alt_malloc_lock.o)
 .data          0x01006428        0x0 ../example3_bsp/\libhal_bsp.a(alt_read.o)
 .data          0x01006428        0x0 ../example3_bsp/\libhal_bsp.a(alt_release_fd.o)
 .data          0x01006428        0x0 ../example3_bsp/\libhal_bsp.a(alt_sbrk.o)
 .data          0x01006428        0x0 ../example3_bsp/\libhal_bsp.a(alt_write.o)
 .data          0x01006428     0x108c ../example3_bsp/\libhal_bsp.a(alt_sys_init.o)
 .data          0x010074b4        0x0 ../example3_bsp/\libhal_bsp.a(altera_avalon_jtag_uart_fd.o)
 .data          0x010074b4        0x0 ../example3_bsp/\libhal_bsp.a(altera_avalon_jtag_uart_init.o)
 .data          0x010074b4        0x0 ../example3_bsp/\libhal_bsp.a(altera_avalon_jtag_uart_ioctl.o)
 .data          0x010074b4        0x0 ../example3_bsp/\libhal_bsp.a(altera_avalon_jtag_uart_read.o)
 .data          0x010074b4        0x0 ../example3_bsp/\libhal_bsp.a(altera_avalon_jtag_uart_write.o)
 .data          0x010074b4        0x0 ../example3_bsp/\libhal_bsp.a(altera_up_avalon_character_lcd.o)
 .data          0x010074b4        0x0 ../example3_bsp/\libhal_bsp.a(alt_alarm_start.o)
 .data          0x010074b4        0x0 ../example3_bsp/\libhal_bsp.a(alt_dcache_flush_all.o)
 .data          0x010074b4        0x0 ../example3_bsp/\libhal_bsp.a(alt_dev_llist_insert.o)
 .data          0x010074b4        0x0 ../example3_bsp/\libhal_bsp.a(alt_do_ctors.o)
 .data          0x010074b4        0x0 ../example3_bsp/\libhal_bsp.a(alt_do_dtors.o)
 .data          0x010074b4        0x0 ../example3_bsp/\libhal_bsp.a(alt_find_dev.o)
 .data          0x010074b4        0x0 ../example3_bsp/\libhal_bsp.a(alt_icache_flush_all.o)
 .data          0x010074b4        0x0 ../example3_bsp/\libhal_bsp.a(alt_iic.o)
 .data          0x010074b4        0x0 ../example3_bsp/\libhal_bsp.a(alt_iic_isr_register.o)
 .data          0x010074b4        0x0 ../example3_bsp/\libhal_bsp.a(alt_io_redirect.o)
 .data          0x010074b4        0x0 ../example3_bsp/\libhal_bsp.a(alt_irq_entry.o)
 .data          0x010074b4        0x0 ../example3_bsp/\libhal_bsp.a(alt_irq_handler.o)
 .data          0x010074b4        0x0 ../example3_bsp/\libhal_bsp.a(alt_irq_vars.o)
 .data          0x010074b4        0x0 ../example3_bsp/\libhal_bsp.a(alt_open.o)
 .data          0x010074b4        0x0 ../example3_bsp/\libhal_bsp.a(alt_tick.o)
 .data          0x010074b4        0x0 ../example3_bsp/\libhal_bsp.a(altera_nios2_qsys_irq.o)
 .data          0x010074b4        0x0 ../example3_bsp/\libhal_bsp.a(alt_exception_entry.o)
 .data          0x010074b4        0x0 ../example3_bsp/\libhal_bsp.a(alt_find_file.o)
 .data          0x010074b4        0x0 ../example3_bsp/\libhal_bsp.a(alt_get_fd.o)
 .data          0x010074b4        0x0 c:/altera/13.0sp1/nios2eds/bin/gnu/h-i686-mingw32/bin/../lib/gcc/nios2-elf/4.1.2/../../../../nios2-elf/lib/mno-hw-mul\libc.a(lib_a-atexit.o)
 .data          0x010074b4        0x0 c:/altera/13.0sp1/nios2eds/bin/gnu/h-i686-mingw32/bin/../lib/gcc/nios2-elf/4.1.2/../../../../nios2-elf/lib/mno-hw-mul\libc.a(lib_a-exit.o)
 .data          0x010074b4        0x0 c:/altera/13.0sp1/nios2eds/bin/gnu/h-i686-mingw32/bin/../lib/gcc/nios2-elf/4.1.2/../../../../nios2-elf/lib/mno-hw-mul\libc.a(lib_a-memcmp.o)
 .data          0x010074b4        0x0 c:/altera/13.0sp1/nios2eds/bin/gnu/h-i686-mingw32/bin/../lib/gcc/nios2-elf/4.1.2/../../../../nios2-elf/lib/mno-hw-mul\libc.a(lib_a-__atexit.o)
 .data          0x010074b4        0x0 c:/altera/13.0sp1/nios2eds/bin/gnu/h-i686-mingw32/bin/../lib/gcc/nios2-elf/4.1.2/../../../../nios2-elf/lib/mno-hw-mul\libc.a(lib_a-__call_atexit.o)
 .data          0x010074b4        0x0 ../example3_bsp/\libhal_bsp.a(alt_exit.o)
                0x0100f4b4                _gp = ABSOLUTE ((. + 0x8000))
                0x0100f4b4                PROVIDE (gp, _gp)
 *(.rwdata .rwdata.*)
 *(.sdata .sdata.* .gnu.linkonce.s.*)
 .sdata         0x010074b4        0x8 c:/altera/13.0sp1/nios2eds/bin/gnu/h-i686-mingw32/bin/../lib/gcc/nios2-elf/4.1.2/../../../../nios2-elf/lib/mno-hw-mul\libc.a(lib_a-impure.o)
                0x010074b4                _impure_ptr
                0x010074b8                _global_impure_ptr
 .sdata         0x010074bc        0x8 c:/altera/13.0sp1/nios2eds/bin/gnu/h-i686-mingw32/bin/../lib/gcc/nios2-elf/4.1.2/../../../../nios2-elf/lib/mno-hw-mul\libc.a(lib_a-mallocr.o)
                0x010074bc                __malloc_trim_threshold
                0x010074c0                __malloc_sbrk_base
 .sdata         0x010074c4       0x14 ../example3_bsp/\libhal_bsp.a(alt_dev.o)
                0x010074c4                alt_fs_list
                0x010074cc                alt_dev_list
                0x010074d4                alt_max_fd
 .sdata         0x010074d8        0x4 ../example3_bsp/\libhal_bsp.a(alt_errno.o)
                0x010074d8                alt_errno
 .sdata         0x010074dc        0x4 ../example3_bsp/\libhal_bsp.a(alt_sbrk.o)
 .sdata         0x010074e0        0x4 ../example3_bsp/\libhal_bsp.a(alt_irq_vars.o)
                0x010074e0                alt_priority_mask
 .sdata         0x010074e4        0x8 ../example3_bsp/\libhal_bsp.a(alt_tick.o)
                0x010074e4                alt_alarm_list
 *(.sdata2 .sdata2.* .gnu.linkonce.s2.*)
                0x010074ec                . = ALIGN (0x4)
                0x010074ec                _edata = ABSOLUTE (.)
                0x010074ec                PROVIDE (edata, ABSOLUTE (.))
                0x010074ec                PROVIDE (__ram_rwdata_end, ABSOLUTE (.))
                0x010074ec                PROVIDE (__flash_rwdata_start, LOADADDR (.rwdata))

.bss            0x01008f60      0x2e0
                0x01008f60                __bss_start = ABSOLUTE (.)
                0x01008f60                PROVIDE (__sbss_start, ABSOLUTE (.))
                0x01008f60                PROVIDE (___sbss_start, ABSOLUTE (.))
 *(.dynsbss)
 *(.sbss .sbss.* .gnu.linkonce.sb.*)
 .sbss          0x01008f60        0xc c:/altera/13.0sp1/nios2eds/bin/gnu/h-i686-mingw32/bin/../lib/gcc/nios2-elf/4.1.2/../../../../nios2-elf/lib/mno-hw-mul\libc.a(lib_a-mallocr.o)
                0x01008f60                __malloc_top_pad
                0x01008f64                __malloc_max_sbrked_mem
                0x01008f68                __malloc_max_total_mem
 .sbss          0x01008f6c        0x4 c:/altera/13.0sp1/nios2eds/bin/gnu/h-i686-mingw32/bin/../lib/gcc/nios2-elf/4.1.2/../../../../nios2-elf/lib/mno-hw-mul\libc.a(lib_a-int_errno.o)
                0x01008f6c                errno
 .sbss          0x01008f70        0xc ../example3_bsp/\libhal_bsp.a(alt_main.o)
                0x01008f70                alt_argc
                0x01008f74                alt_argv
                0x01008f78                alt_envp
 .sbss          0x01008f7c        0x4 ../example3_bsp/\libhal_bsp.a(alt_irq_vars.o)
                0x01008f7c                alt_irq_active
 .sbss          0x01008f80        0x8 ../example3_bsp/\libhal_bsp.a(alt_tick.o)
                0x01008f80                _alt_tick_rate
                0x01008f84                _alt_nticks
 *(.sbss2 .sbss2.* .gnu.linkonce.sb2.*)
 *(.scommon)
                0x01008f88                PROVIDE (__sbss_end, ABSOLUTE (.))
                0x01008f88                PROVIDE (___sbss_end, ABSOLUTE (.))
 *(.dynbss)
 *(.bss .bss.* .gnu.linkonce.b.*)
 .bss           0x01008f88        0x0 ../example3_bsp//obj/HAL/src/crt0.o
 .bss           0x01008f88        0x0 obj/default/hello_world.o
 .bss           0x01008f88        0x0 c:/altera/13.0sp1/nios2eds/bin/gnu/h-i686-mingw32/bin/../lib/gcc/nios2-elf/4.1.2/../../../../nios2-elf/lib/mno-hw-mul\libc.a(lib_a-puts.o)
 .bss           0x01008f88        0x0 c:/altera/13.0sp1/nios2eds/bin/gnu/h-i686-mingw32/bin/../lib/gcc/nios2-elf/4.1.2/../../../../nios2-elf/lib/mno-hw-mul\libc.a(lib_a-strlen.o)
 .bss           0x01008f88        0x0 c:/altera/13.0sp1/nios2eds/bin/gnu/h-i686-mingw32/bin/../lib/gcc/nios2-elf/4.1.2/../../../../nios2-elf/lib/mno-hw-mul\libc.a(lib_a-fvwrite.o)
 .bss           0x01008f88        0x0 c:/altera/13.0sp1/nios2eds/bin/gnu/h-i686-mingw32/bin/../lib/gcc/nios2-elf/4.1.2/../../../../nios2-elf/lib/mno-hw-mul\libc.a(lib_a-impure.o)
 .bss           0x01008f88       0x28 c:/altera/13.0sp1/nios2eds/bin/gnu/h-i686-mingw32/bin/../lib/gcc/nios2-elf/4.1.2/../../../../nios2-elf/lib/mno-hw-mul\libc.a(lib_a-mallocr.o)
                0x01008f88                __malloc_current_mallinfo
 .bss           0x01008fb0        0x0 c:/altera/13.0sp1/nios2eds/bin/gnu/h-i686-mingw32/bin/../lib/gcc/nios2-elf/4.1.2/../../../../nios2-elf/lib/mno-hw-mul\libc.a(lib_a-memchr.o)
 .bss           0x01008fb0        0x0 c:/altera/13.0sp1/nios2eds/bin/gnu/h-i686-mingw32/bin/../lib/gcc/nios2-elf/4.1.2/../../../../nios2-elf/lib/mno-hw-mul\libc.a(lib_a-memcpy.o)
 .bss           0x01008fb0        0x0 c:/altera/13.0sp1/nios2eds/bin/gnu/h-i686-mingw32/bin/../lib/gcc/nios2-elf/4.1.2/../../../../nios2-elf/lib/mno-hw-mul\libc.a(lib_a-memmove.o)
 .bss           0x01008fb0        0x0 c:/altera/13.0sp1/nios2eds/bin/gnu/h-i686-mingw32/bin/../lib/gcc/nios2-elf/4.1.2/../../../../nios2-elf/lib/mno-hw-mul\libc.a(lib_a-reallocr.o)
 .bss           0x01008fb0        0x0 c:/altera/13.0sp1/nios2eds/bin/gnu/h-i686-mingw32/bin/../lib/gcc/nios2-elf/4.1.2/../../../../nios2-elf/lib/mno-hw-mul\libc.a(lib_a-sbrkr.o)
 .bss           0x01008fb0        0x0 c:/altera/13.0sp1/nios2eds/bin/gnu/h-i686-mingw32/bin/../lib/gcc/nios2-elf/4.1.2/../../../../nios2-elf/lib/mno-hw-mul\libc.a(lib_a-wsetup.o)
 .bss           0x01008fb0        0x0 c:/altera/13.0sp1/nios2eds/bin/gnu/h-i686-mingw32/bin/../lib/gcc/nios2-elf/4.1.2/../../../../nios2-elf/lib/mno-hw-mul\libc.a(lib_a-fflush.o)
 .bss           0x01008fb0        0x0 c:/altera/13.0sp1/nios2eds/bin/gnu/h-i686-mingw32/bin/../lib/gcc/nios2-elf/4.1.2/../../../../nios2-elf/lib/mno-hw-mul\libc.a(lib_a-findfp.o)
 .bss           0x01008fb0        0x0 c:/altera/13.0sp1/nios2eds/bin/gnu/h-i686-mingw32/bin/../lib/gcc/nios2-elf/4.1.2/../../../../nios2-elf/lib/mno-hw-mul\libc.a(lib_a-freer.o)
 .bss           0x01008fb0        0x0 c:/altera/13.0sp1/nios2eds/bin/gnu/h-i686-mingw32/bin/../lib/gcc/nios2-elf/4.1.2/../../../../nios2-elf/lib/mno-hw-mul\libc.a(lib_a-fwalk.o)
 .bss           0x01008fb0        0x0 c:/altera/13.0sp1/nios2eds/bin/gnu/h-i686-mingw32/bin/../lib/gcc/nios2-elf/4.1.2/../../../../nios2-elf/lib/mno-hw-mul\libc.a(lib_a-int_errno.o)
 .bss           0x01008fb0        0x0 c:/altera/13.0sp1/nios2eds/bin/gnu/h-i686-mingw32/bin/../lib/gcc/nios2-elf/4.1.2/../../../../nios2-elf/lib/mno-hw-mul\libc.a(lib_a-makebuf.o)
 .bss           0x01008fb0        0x0 c:/altera/13.0sp1/nios2eds/bin/gnu/h-i686-mingw32/bin/../lib/gcc/nios2-elf/4.1.2/../../../../nios2-elf/lib/mno-hw-mul\libc.a(lib_a-memset.o)
 .bss           0x01008fb0        0x0 c:/altera/13.0sp1/nios2eds/bin/gnu/h-i686-mingw32/bin/../lib/gcc/nios2-elf/4.1.2/../../../../nios2-elf/lib/mno-hw-mul\libc.a(lib_a-stdio.o)
 .bss           0x01008fb0        0x0 c:/altera/13.0sp1/nios2eds/bin/gnu/h-i686-mingw32/bin/../lib/gcc/nios2-elf/4.1.2/../../../../nios2-elf/lib/mno-hw-mul\libc.a(lib_a-writer.o)
 .bss           0x01008fb0        0x0 c:/altera/13.0sp1/nios2eds/bin/gnu/h-i686-mingw32/bin/../lib/gcc/nios2-elf/4.1.2/../../../../nios2-elf/lib/mno-hw-mul\libc.a(lib_a-closer.o)
 .bss           0x01008fb0        0x0 c:/altera/13.0sp1/nios2eds/bin/gnu/h-i686-mingw32/bin/../lib/gcc/nios2-elf/4.1.2/../../../../nios2-elf/lib/mno-hw-mul\libc.a(lib_a-fclose.o)
 .bss           0x01008fb0        0x0 c:/altera/13.0sp1/nios2eds/bin/gnu/h-i686-mingw32/bin/../lib/gcc/nios2-elf/4.1.2/../../../../nios2-elf/lib/mno-hw-mul\libc.a(lib_a-fstatr.o)
 .bss           0x01008fb0        0x0 c:/altera/13.0sp1/nios2eds/bin/gnu/h-i686-mingw32/bin/../lib/gcc/nios2-elf/4.1.2/../../../../nios2-elf/lib/mno-hw-mul\libc.a(lib_a-isattyr.o)
 .bss           0x01008fb0        0x0 c:/altera/13.0sp1/nios2eds/bin/gnu/h-i686-mingw32/bin/../lib/gcc/nios2-elf/4.1.2/../../../../nios2-elf/lib/mno-hw-mul\libc.a(lib_a-lseekr.o)
 .bss           0x01008fb0        0x0 c:/altera/13.0sp1/nios2eds/bin/gnu/h-i686-mingw32/bin/../lib/gcc/nios2-elf/4.1.2/../../../../nios2-elf/lib/mno-hw-mul\libc.a(lib_a-readr.o)
 .bss           0x01008fb0        0x0 c:/altera/13.0sp1/nios2eds/bin/gnu/h-i686-mingw32/bin/../lib/gcc/nios2-elf/4.1.2/mno-hw-mul\libgcc.a(lib2-mul.o)
 .bss           0x01008fb0        0x0 ../example3_bsp/\libhal_bsp.a(alt_close.o)
 .bss           0x01008fb0        0x0 ../example3_bsp/\libhal_bsp.a(alt_dev.o)
 .bss           0x01008fb0        0x0 ../example3_bsp/\libhal_bsp.a(alt_errno.o)
 .bss           0x01008fb0        0x0 ../example3_bsp/\libhal_bsp.a(alt_fstat.o)
 .bss           0x01008fb0        0x0 ../example3_bsp/\libhal_bsp.a(alt_isatty.o)
 .bss           0x01008fb0        0x0 ../example3_bsp/\libhal_bsp.a(alt_load.o)
 .bss           0x01008fb0        0x0 ../example3_bsp/\libhal_bsp.a(alt_lseek.o)
 .bss           0x01008fb0        0x0 ../example3_bsp/\libhal_bsp.a(alt_main.o)
 .bss           0x01008fb0        0x0 ../example3_bsp/\libhal_bsp.a(alt_malloc_lock.o)
 .bss           0x01008fb0        0x0 ../example3_bsp/\libhal_bsp.a(alt_read.o)
 .bss           0x01008fb0        0x0 ../example3_bsp/\libhal_bsp.a(alt_release_fd.o)
 .bss           0x01008fb0        0x0 ../example3_bsp/\libhal_bsp.a(alt_sbrk.o)
 .bss           0x01008fb0        0x0 ../example3_bsp/\libhal_bsp.a(alt_write.o)
 .bss           0x01008fb0        0x0 ../example3_bsp/\libhal_bsp.a(alt_sys_init.o)
 .bss           0x01008fb0        0x0 ../example3_bsp/\libhal_bsp.a(altera_avalon_jtag_uart_fd.o)
 .bss           0x01008fb0        0x0 ../example3_bsp/\libhal_bsp.a(altera_avalon_jtag_uart_init.o)
 .bss           0x01008fb0        0x0 ../example3_bsp/\libhal_bsp.a(altera_avalon_jtag_uart_ioctl.o)
 .bss           0x01008fb0        0x0 ../example3_bsp/\libhal_bsp.a(altera_avalon_jtag_uart_read.o)
 .bss           0x01008fb0        0x0 ../example3_bsp/\libhal_bsp.a(altera_avalon_jtag_uart_write.o)
 .bss           0x01008fb0        0x0 ../example3_bsp/\libhal_bsp.a(altera_up_avalon_character_lcd.o)
 .bss           0x01008fb0        0x0 ../example3_bsp/\libhal_bsp.a(alt_alarm_start.o)
 .bss           0x01008fb0        0x0 ../example3_bsp/\libhal_bsp.a(alt_dcache_flush_all.o)
 .bss           0x01008fb0        0x0 ../example3_bsp/\libhal_bsp.a(alt_dev_llist_insert.o)
 .bss           0x01008fb0        0x0 ../example3_bsp/\libhal_bsp.a(alt_do_ctors.o)
 .bss           0x01008fb0        0x0 ../example3_bsp/\libhal_bsp.a(alt_do_dtors.o)
 .bss           0x01008fb0        0x0 ../example3_bsp/\libhal_bsp.a(alt_find_dev.o)
 .bss           0x01008fb0        0x0 ../example3_bsp/\libhal_bsp.a(alt_icache_flush_all.o)
 .bss           0x01008fb0        0x0 ../example3_bsp/\libhal_bsp.a(alt_iic.o)
 .bss           0x01008fb0        0x0 ../example3_bsp/\libhal_bsp.a(alt_iic_isr_register.o)
 .bss           0x01008fb0        0x0 ../example3_bsp/\libhal_bsp.a(alt_io_redirect.o)
 .bss           0x01008fb0        0x0 ../example3_bsp/\libhal_bsp.a(alt_irq_entry.o)
 .bss           0x01008fb0        0x0 ../example3_bsp/\libhal_bsp.a(alt_irq_handler.o)
 .bss           0x01008fb0        0x0 ../example3_bsp/\libhal_bsp.a(alt_irq_vars.o)
 .bss           0x01008fb0        0x0 ../example3_bsp/\libhal_bsp.a(alt_open.o)
 .bss           0x01008fb0        0x0 ../example3_bsp/\libhal_bsp.a(alt_tick.o)
 .bss           0x01008fb0        0x0 ../example3_bsp/\libhal_bsp.a(altera_nios2_qsys_irq.o)
 .bss           0x01008fb0        0x0 ../example3_bsp/\libhal_bsp.a(alt_exception_entry.o)
 .bss           0x01008fb0        0x0 ../example3_bsp/\libhal_bsp.a(alt_find_file.o)
 .bss           0x01008fb0        0x0 ../example3_bsp/\libhal_bsp.a(alt_get_fd.o)
 .bss           0x01008fb0        0x0 c:/altera/13.0sp1/nios2eds/bin/gnu/h-i686-mingw32/bin/../lib/gcc/nios2-elf/4.1.2/../../../../nios2-elf/lib/mno-hw-mul\libc.a(lib_a-atexit.o)
 .bss           0x01008fb0        0x0 c:/altera/13.0sp1/nios2eds/bin/gnu/h-i686-mingw32/bin/../lib/gcc/nios2-elf/4.1.2/../../../../nios2-elf/lib/mno-hw-mul\libc.a(lib_a-exit.o)
 .bss           0x01008fb0        0x0 c:/altera/13.0sp1/nios2eds/bin/gnu/h-i686-mingw32/bin/../lib/gcc/nios2-elf/4.1.2/../../../../nios2-elf/lib/mno-hw-mul\libc.a(lib_a-memcmp.o)
 .bss           0x01008fb0        0x0 c:/altera/13.0sp1/nios2eds/bin/gnu/h-i686-mingw32/bin/../lib/gcc/nios2-elf/4.1.2/../../../../nios2-elf/lib/mno-hw-mul\libc.a(lib_a-__atexit.o)
 .bss           0x01008fb0        0x0 c:/altera/13.0sp1/nios2eds/bin/gnu/h-i686-mingw32/bin/../lib/gcc/nios2-elf/4.1.2/../../../../nios2-elf/lib/mno-hw-mul\libc.a(lib_a-__call_atexit.o)
 .bss           0x01008fb0        0x0 ../example3_bsp/\libhal_bsp.a(alt_exit.o)
 *(COMMON)
 COMMON         0x01008fb0      0x100 ../example3_bsp/\libhal_bsp.a(alt_irq_handler.o)
                0x01008fb0                alt_irq
 COMMON         0x010090b0      0x190 c:/altera/13.0sp1/nios2eds/bin/gnu/h-i686-mingw32/bin/../lib/gcc/nios2-elf/4.1.2/../../../../nios2-elf/lib/mno-hw-mul\libc.a(lib_a-atexit.o)
                0x010090b0                _atexit0
                0x01009240                . = ALIGN (0x4)
                0x01009240                __bss_end = ABSOLUTE (.)

.onchip_memory2_0
                0x00000000        0x0 load address 0x01009240
                0x00000000                PROVIDE (_alt_partition_onchip_memory2_0_start, ABSOLUTE (.))
 *(.onchip_memory2_0. onchip_memory2_0.*)
                0x00000000                . = ALIGN (0x4)
                0x00000000                PROVIDE (_alt_partition_onchip_memory2_0_end, ABSOLUTE (.))
                0x01009240                PROVIDE (_alt_partition_onchip_memory2_0_load_addr, LOADADDR (.onchip_memory2_0))

.sdram          0x01009240        0x0
                0x01009240                PROVIDE (_alt_partition_sdram_start, ABSOLUTE (.))
 *(.sdram. sdram.*)
                0x01009240                . = ALIGN (0x4)
                0x01009240                PROVIDE (_alt_partition_sdram_end, ABSOLUTE (.))
                0x01009240                _end = ABSOLUTE (.)
                0x01009240                end = ABSOLUTE (.)
                0x01009240                __alt_stack_base = ABSOLUTE (.)
                0x01009240                PROVIDE (_alt_partition_sdram_load_addr, LOADADDR (.sdram))

.stab
 *(.stab)

.stabstr
 *(.stabstr)

.stab.excl
 *(.stab.excl)

.stab.exclstr
 *(.stab.exclstr)

.stab.index
 *(.stab.index)

.stab.indexstr
 *(.stab.indexstr)

.comment        0x00000000       0x26
 *(.comment)
 .comment       0x00000000       0x26 obj/default/hello_world.o
                                 0x27 (size before relaxing)
 .comment       0x00000000       0x27 c:/altera/13.0sp1/nios2eds/bin/gnu/h-i686-mingw32/bin/../lib/gcc/nios2-elf/4.1.2/../../../../nios2-elf/lib/mno-hw-mul\libc.a(lib_a-puts.o)
 .comment       0x00000000       0x27 c:/altera/13.0sp1/nios2eds/bin/gnu/h-i686-mingw32/bin/../lib/gcc/nios2-elf/4.1.2/../../../../nios2-elf/lib/mno-hw-mul\libc.a(lib_a-strlen.o)
 .comment       0x00000000       0x27 c:/altera/13.0sp1/nios2eds/bin/gnu/h-i686-mingw32/bin/../lib/gcc/nios2-elf/4.1.2/../../../../nios2-elf/lib/mno-hw-mul\libc.a(lib_a-fvwrite.o)
 .comment       0x00000000       0x27 c:/altera/13.0sp1/nios2eds/bin/gnu/h-i686-mingw32/bin/../lib/gcc/nios2-elf/4.1.2/../../../../nios2-elf/lib/mno-hw-mul\libc.a(lib_a-impure.o)
 .comment       0x00000000       0x27 c:/altera/13.0sp1/nios2eds/bin/gnu/h-i686-mingw32/bin/../lib/gcc/nios2-elf/4.1.2/../../../../nios2-elf/lib/mno-hw-mul\libc.a(lib_a-mallocr.o)
 .comment       0x00000000       0x27 c:/altera/13.0sp1/nios2eds/bin/gnu/h-i686-mingw32/bin/../lib/gcc/nios2-elf/4.1.2/../../../../nios2-elf/lib/mno-hw-mul\libc.a(lib_a-memchr.o)
 .comment       0x00000000       0x27 c:/altera/13.0sp1/nios2eds/bin/gnu/h-i686-mingw32/bin/../lib/gcc/nios2-elf/4.1.2/../../../../nios2-elf/lib/mno-hw-mul\libc.a(lib_a-memcpy.o)
 .comment       0x00000000       0x27 c:/altera/13.0sp1/nios2eds/bin/gnu/h-i686-mingw32/bin/../lib/gcc/nios2-elf/4.1.2/../../../../nios2-elf/lib/mno-hw-mul\libc.a(lib_a-memmove.o)
 .comment       0x00000000       0x27 c:/altera/13.0sp1/nios2eds/bin/gnu/h-i686-mingw32/bin/../lib/gcc/nios2-elf/4.1.2/../../../../nios2-elf/lib/mno-hw-mul\libc.a(lib_a-reallocr.o)
 .comment       0x00000000       0x27 c:/altera/13.0sp1/nios2eds/bin/gnu/h-i686-mingw32/bin/../lib/gcc/nios2-elf/4.1.2/../../../../nios2-elf/lib/mno-hw-mul\libc.a(lib_a-sbrkr.o)
 .comment       0x00000000       0x27 c:/altera/13.0sp1/nios2eds/bin/gnu/h-i686-mingw32/bin/../lib/gcc/nios2-elf/4.1.2/../../../../nios2-elf/lib/mno-hw-mul\libc.a(lib_a-wsetup.o)
 .comment       0x00000000       0x27 c:/altera/13.0sp1/nios2eds/bin/gnu/h-i686-mingw32/bin/../lib/gcc/nios2-elf/4.1.2/../../../../nios2-elf/lib/mno-hw-mul\libc.a(lib_a-fflush.o)
 .comment       0x00000000       0x27 c:/altera/13.0sp1/nios2eds/bin/gnu/h-i686-mingw32/bin/../lib/gcc/nios2-elf/4.1.2/../../../../nios2-elf/lib/mno-hw-mul\libc.a(lib_a-findfp.o)
 .comment       0x00000000       0x27 c:/altera/13.0sp1/nios2eds/bin/gnu/h-i686-mingw32/bin/../lib/gcc/nios2-elf/4.1.2/../../../../nios2-elf/lib/mno-hw-mul\libc.a(lib_a-freer.o)
 .comment       0x00000000       0x27 c:/altera/13.0sp1/nios2eds/bin/gnu/h-i686-mingw32/bin/../lib/gcc/nios2-elf/4.1.2/../../../../nios2-elf/lib/mno-hw-mul\libc.a(lib_a-fwalk.o)
 .comment       0x00000000       0x27 c:/altera/13.0sp1/nios2eds/bin/gnu/h-i686-mingw32/bin/../lib/gcc/nios2-elf/4.1.2/../../../../nios2-elf/lib/mno-hw-mul\libc.a(lib_a-int_errno.o)
 .comment       0x00000000       0x27 c:/altera/13.0sp1/nios2eds/bin/gnu/h-i686-mingw32/bin/../lib/gcc/nios2-elf/4.1.2/../../../../nios2-elf/lib/mno-hw-mul\libc.a(lib_a-makebuf.o)
 .comment       0x00000000       0x27 c:/altera/13.0sp1/nios2eds/bin/gnu/h-i686-mingw32/bin/../lib/gcc/nios2-elf/4.1.2/../../../../nios2-elf/lib/mno-hw-mul\libc.a(lib_a-memset.o)
 .comment       0x00000000       0x27 c:/altera/13.0sp1/nios2eds/bin/gnu/h-i686-mingw32/bin/../lib/gcc/nios2-elf/4.1.2/../../../../nios2-elf/lib/mno-hw-mul\libc.a(lib_a-stdio.o)
 .comment       0x00000000       0x27 c:/altera/13.0sp1/nios2eds/bin/gnu/h-i686-mingw32/bin/../lib/gcc/nios2-elf/4.1.2/../../../../nios2-elf/lib/mno-hw-mul\libc.a(lib_a-writer.o)
 .comment       0x00000000       0x27 c:/altera/13.0sp1/nios2eds/bin/gnu/h-i686-mingw32/bin/../lib/gcc/nios2-elf/4.1.2/../../../../nios2-elf/lib/mno-hw-mul\libc.a(lib_a-closer.o)
 .comment       0x00000000       0x27 c:/altera/13.0sp1/nios2eds/bin/gnu/h-i686-mingw32/bin/../lib/gcc/nios2-elf/4.1.2/../../../../nios2-elf/lib/mno-hw-mul\libc.a(lib_a-fclose.o)
 .comment       0x00000000       0x27 c:/altera/13.0sp1/nios2eds/bin/gnu/h-i686-mingw32/bin/../lib/gcc/nios2-elf/4.1.2/../../../../nios2-elf/lib/mno-hw-mul\libc.a(lib_a-fstatr.o)
 .comment       0x00000000       0x27 c:/altera/13.0sp1/nios2eds/bin/gnu/h-i686-mingw32/bin/../lib/gcc/nios2-elf/4.1.2/../../../../nios2-elf/lib/mno-hw-mul\libc.a(lib_a-isattyr.o)
 .comment       0x00000000       0x27 c:/altera/13.0sp1/nios2eds/bin/gnu/h-i686-mingw32/bin/../lib/gcc/nios2-elf/4.1.2/../../../../nios2-elf/lib/mno-hw-mul\libc.a(lib_a-lseekr.o)
 .comment       0x00000000       0x27 c:/altera/13.0sp1/nios2eds/bin/gnu/h-i686-mingw32/bin/../lib/gcc/nios2-elf/4.1.2/../../../../nios2-elf/lib/mno-hw-mul\libc.a(lib_a-readr.o)
 .comment       0x00000000       0x27 c:/altera/13.0sp1/nios2eds/bin/gnu/h-i686-mingw32/bin/../lib/gcc/nios2-elf/4.1.2/mno-hw-mul\libgcc.a(lib2-mul.o)
 .comment       0x00000000       0x27 ../example3_bsp/\libhal_bsp.a(alt_close.o)
 .comment       0x00000000       0x27 ../example3_bsp/\libhal_bsp.a(alt_dev.o)
 .comment       0x00000000       0x27 ../example3_bsp/\libhal_bsp.a(alt_errno.o)
 .comment       0x00000000       0x27 ../example3_bsp/\libhal_bsp.a(alt_fstat.o)
 .comment       0x00000000       0x27 ../example3_bsp/\libhal_bsp.a(alt_isatty.o)
 .comment       0x00000000       0x27 ../example3_bsp/\libhal_bsp.a(alt_load.o)
 .comment       0x00000000       0x27 ../example3_bsp/\libhal_bsp.a(alt_lseek.o)
 .comment       0x00000000       0x27 ../example3_bsp/\libhal_bsp.a(alt_main.o)
 .comment       0x00000000       0x27 ../example3_bsp/\libhal_bsp.a(alt_malloc_lock.o)
 .comment       0x00000000       0x27 ../example3_bsp/\libhal_bsp.a(alt_read.o)
 .comment       0x00000000       0x27 ../example3_bsp/\libhal_bsp.a(alt_release_fd.o)
 .comment       0x00000000       0x27 ../example3_bsp/\libhal_bsp.a(alt_sbrk.o)
 .comment       0x00000000       0x27 ../example3_bsp/\libhal_bsp.a(alt_write.o)
 .comment       0x00000000       0x27 ../example3_bsp/\libhal_bsp.a(alt_sys_init.o)
 .comment       0x00000000       0x27 ../example3_bsp/\libhal_bsp.a(altera_avalon_jtag_uart_fd.o)
 .comment       0x00000000       0x27 ../example3_bsp/\libhal_bsp.a(altera_avalon_jtag_uart_init.o)
 .comment       0x00000000       0x27 ../example3_bsp/\libhal_bsp.a(altera_avalon_jtag_uart_ioctl.o)
 .comment       0x00000000       0x27 ../example3_bsp/\libhal_bsp.a(altera_avalon_jtag_uart_read.o)
 .comment       0x00000000       0x27 ../example3_bsp/\libhal_bsp.a(altera_avalon_jtag_uart_write.o)
 .comment       0x00000000       0x27 ../example3_bsp/\libhal_bsp.a(altera_up_avalon_character_lcd.o)
 .comment       0x00000000       0x27 ../example3_bsp/\libhal_bsp.a(alt_alarm_start.o)
 .comment       0x00000000       0x27 ../example3_bsp/\libhal_bsp.a(alt_dcache_flush_all.o)
 .comment       0x00000000       0x27 ../example3_bsp/\libhal_bsp.a(alt_dev_llist_insert.o)
 .comment       0x00000000       0x27 ../example3_bsp/\libhal_bsp.a(alt_do_ctors.o)
 .comment       0x00000000       0x27 ../example3_bsp/\libhal_bsp.a(alt_do_dtors.o)
 .comment       0x00000000       0x27 ../example3_bsp/\libhal_bsp.a(alt_find_dev.o)
 .comment       0x00000000       0x27 ../example3_bsp/\libhal_bsp.a(alt_icache_flush_all.o)
 .comment       0x00000000       0x27 ../example3_bsp/\libhal_bsp.a(alt_iic.o)
 .comment       0x00000000       0x27 ../example3_bsp/\libhal_bsp.a(alt_iic_isr_register.o)
 .comment       0x00000000       0x27 ../example3_bsp/\libhal_bsp.a(alt_io_redirect.o)
 .comment       0x00000000       0x27 ../example3_bsp/\libhal_bsp.a(alt_irq_handler.o)
 .comment       0x00000000       0x27 ../example3_bsp/\libhal_bsp.a(alt_irq_vars.o)
 .comment       0x00000000       0x27 ../example3_bsp/\libhal_bsp.a(alt_open.o)
 .comment       0x00000000       0x27 ../example3_bsp/\libhal_bsp.a(alt_tick.o)
 .comment       0x00000000       0x27 ../example3_bsp/\libhal_bsp.a(altera_nios2_qsys_irq.o)
 .comment       0x00000000       0x27 ../example3_bsp/\libhal_bsp.a(alt_find_file.o)
 .comment       0x00000000       0x27 ../example3_bsp/\libhal_bsp.a(alt_get_fd.o)
 .comment       0x00000000       0x27 c:/altera/13.0sp1/nios2eds/bin/gnu/h-i686-mingw32/bin/../lib/gcc/nios2-elf/4.1.2/../../../../nios2-elf/lib/mno-hw-mul\libc.a(lib_a-atexit.o)
 .comment       0x00000000       0x27 c:/altera/13.0sp1/nios2eds/bin/gnu/h-i686-mingw32/bin/../lib/gcc/nios2-elf/4.1.2/../../../../nios2-elf/lib/mno-hw-mul\libc.a(lib_a-exit.o)
 .comment       0x00000000       0x27 c:/altera/13.0sp1/nios2eds/bin/gnu/h-i686-mingw32/bin/../lib/gcc/nios2-elf/4.1.2/../../../../nios2-elf/lib/mno-hw-mul\libc.a(lib_a-memcmp.o)
 .comment       0x00000000       0x27 c:/altera/13.0sp1/nios2eds/bin/gnu/h-i686-mingw32/bin/../lib/gcc/nios2-elf/4.1.2/../../../../nios2-elf/lib/mno-hw-mul\libc.a(lib_a-__atexit.o)
 .comment       0x00000000       0x27 c:/altera/13.0sp1/nios2eds/bin/gnu/h-i686-mingw32/bin/../lib/gcc/nios2-elf/4.1.2/../../../../nios2-elf/lib/mno-hw-mul\libc.a(lib_a-__call_atexit.o)
 .comment       0x00000000       0x27 ../example3_bsp/\libhal_bsp.a(alt_exit.o)

.debug
 *(.debug)

.line
 *(.line)

.debug_srcinfo
 *(.debug_srcinfo)

.debug_sfnames
 *(.debug_sfnames)

.debug_aranges  0x00000000      0x8f8
 *(.debug_aranges)
 .debug_aranges
                0x00000000       0x28 ../example3_bsp//obj/HAL/src/crt0.o
 .debug_aranges
                0x00000028       0x20 obj/default/hello_world.o
 .debug_aranges
                0x00000048       0x20 c:/altera/13.0sp1/nios2eds/bin/gnu/h-i686-mingw32/bin/../lib/gcc/nios2-elf/4.1.2/../../../../nios2-elf/lib/mno-hw-mul\libc.a(lib_a-puts.o)
 .debug_aranges
                0x00000068       0x20 c:/altera/13.0sp1/nios2eds/bin/gnu/h-i686-mingw32/bin/../lib/gcc/nios2-elf/4.1.2/../../../../nios2-elf/lib/mno-hw-mul\libc.a(lib_a-strlen.o)
 .debug_aranges
                0x00000088       0x20 c:/altera/13.0sp1/nios2eds/bin/gnu/h-i686-mingw32/bin/../lib/gcc/nios2-elf/4.1.2/../../../../nios2-elf/lib/mno-hw-mul\libc.a(lib_a-fvwrite.o)
 .debug_aranges
                0x000000a8       0x20 c:/altera/13.0sp1/nios2eds/bin/gnu/h-i686-mingw32/bin/../lib/gcc/nios2-elf/4.1.2/../../../../nios2-elf/lib/mno-hw-mul\libc.a(lib_a-mallocr.o)
 .debug_aranges
                0x000000c8       0x20 c:/altera/13.0sp1/nios2eds/bin/gnu/h-i686-mingw32/bin/../lib/gcc/nios2-elf/4.1.2/../../../../nios2-elf/lib/mno-hw-mul\libc.a(lib_a-memchr.o)
 .debug_aranges
                0x000000e8       0x20 c:/altera/13.0sp1/nios2eds/bin/gnu/h-i686-mingw32/bin/../lib/gcc/nios2-elf/4.1.2/../../../../nios2-elf/lib/mno-hw-mul\libc.a(lib_a-memcpy.o)
 .debug_aranges
                0x00000108       0x20 c:/altera/13.0sp1/nios2eds/bin/gnu/h-i686-mingw32/bin/../lib/gcc/nios2-elf/4.1.2/../../../../nios2-elf/lib/mno-hw-mul\libc.a(lib_a-memmove.o)
 .debug_aranges
                0x00000128       0x20 c:/altera/13.0sp1/nios2eds/bin/gnu/h-i686-mingw32/bin/../lib/gcc/nios2-elf/4.1.2/../../../../nios2-elf/lib/mno-hw-mul\libc.a(lib_a-reallocr.o)
 .debug_aranges
                0x00000148       0x20 c:/altera/13.0sp1/nios2eds/bin/gnu/h-i686-mingw32/bin/../lib/gcc/nios2-elf/4.1.2/../../../../nios2-elf/lib/mno-hw-mul\libc.a(lib_a-sbrkr.o)
 .debug_aranges
                0x00000168       0x20 c:/altera/13.0sp1/nios2eds/bin/gnu/h-i686-mingw32/bin/../lib/gcc/nios2-elf/4.1.2/../../../../nios2-elf/lib/mno-hw-mul\libc.a(lib_a-wsetup.o)
 .debug_aranges
                0x00000188       0x20 c:/altera/13.0sp1/nios2eds/bin/gnu/h-i686-mingw32/bin/../lib/gcc/nios2-elf/4.1.2/../../../../nios2-elf/lib/mno-hw-mul\libc.a(lib_a-fflush.o)
 .debug_aranges
                0x000001a8       0x20 c:/altera/13.0sp1/nios2eds/bin/gnu/h-i686-mingw32/bin/../lib/gcc/nios2-elf/4.1.2/../../../../nios2-elf/lib/mno-hw-mul\libc.a(lib_a-findfp.o)
 .debug_aranges
                0x000001c8       0x20 c:/altera/13.0sp1/nios2eds/bin/gnu/h-i686-mingw32/bin/../lib/gcc/nios2-elf/4.1.2/../../../../nios2-elf/lib/mno-hw-mul\libc.a(lib_a-freer.o)
 .debug_aranges
                0x000001e8       0x20 c:/altera/13.0sp1/nios2eds/bin/gnu/h-i686-mingw32/bin/../lib/gcc/nios2-elf/4.1.2/../../../../nios2-elf/lib/mno-hw-mul\libc.a(lib_a-fwalk.o)
 .debug_aranges
                0x00000208       0x20 c:/altera/13.0sp1/nios2eds/bin/gnu/h-i686-mingw32/bin/../lib/gcc/nios2-elf/4.1.2/../../../../nios2-elf/lib/mno-hw-mul\libc.a(lib_a-makebuf.o)
 .debug_aranges
                0x00000228       0x20 c:/altera/13.0sp1/nios2eds/bin/gnu/h-i686-mingw32/bin/../lib/gcc/nios2-elf/4.1.2/../../../../nios2-elf/lib/mno-hw-mul\libc.a(lib_a-memset.o)
 .debug_aranges
                0x00000248       0x20 c:/altera/13.0sp1/nios2eds/bin/gnu/h-i686-mingw32/bin/../lib/gcc/nios2-elf/4.1.2/../../../../nios2-elf/lib/mno-hw-mul\libc.a(lib_a-stdio.o)
 .debug_aranges
                0x00000268       0x20 c:/altera/13.0sp1/nios2eds/bin/gnu/h-i686-mingw32/bin/../lib/gcc/nios2-elf/4.1.2/../../../../nios2-elf/lib/mno-hw-mul\libc.a(lib_a-writer.o)
 .debug_aranges
                0x00000288       0x20 c:/altera/13.0sp1/nios2eds/bin/gnu/h-i686-mingw32/bin/../lib/gcc/nios2-elf/4.1.2/../../../../nios2-elf/lib/mno-hw-mul\libc.a(lib_a-closer.o)
 .debug_aranges
                0x000002a8       0x20 c:/altera/13.0sp1/nios2eds/bin/gnu/h-i686-mingw32/bin/../lib/gcc/nios2-elf/4.1.2/../../../../nios2-elf/lib/mno-hw-mul\libc.a(lib_a-fclose.o)
 .debug_aranges
                0x000002c8       0x20 c:/altera/13.0sp1/nios2eds/bin/gnu/h-i686-mingw32/bin/../lib/gcc/nios2-elf/4.1.2/../../../../nios2-elf/lib/mno-hw-mul\libc.a(lib_a-fstatr.o)
 .debug_aranges
                0x000002e8       0x20 c:/altera/13.0sp1/nios2eds/bin/gnu/h-i686-mingw32/bin/../lib/gcc/nios2-elf/4.1.2/../../../../nios2-elf/lib/mno-hw-mul\libc.a(lib_a-isattyr.o)
 .debug_aranges
                0x00000308       0x20 c:/altera/13.0sp1/nios2eds/bin/gnu/h-i686-mingw32/bin/../lib/gcc/nios2-elf/4.1.2/../../../../nios2-elf/lib/mno-hw-mul\libc.a(lib_a-lseekr.o)
 .debug_aranges
                0x00000328       0x20 c:/altera/13.0sp1/nios2eds/bin/gnu/h-i686-mingw32/bin/../lib/gcc/nios2-elf/4.1.2/../../../../nios2-elf/lib/mno-hw-mul\libc.a(lib_a-readr.o)
 .debug_aranges
                0x00000348       0x20 c:/altera/13.0sp1/nios2eds/bin/gnu/h-i686-mingw32/bin/../lib/gcc/nios2-elf/4.1.2/mno-hw-mul\libgcc.a(lib2-mul.o)
 .debug_aranges
                0x00000368       0x20 ../example3_bsp/\libhal_bsp.a(alt_close.o)
 .debug_aranges
                0x00000388       0x20 ../example3_bsp/\libhal_bsp.a(alt_dev.o)
 .debug_aranges
                0x000003a8       0x20 ../example3_bsp/\libhal_bsp.a(alt_fstat.o)
 .debug_aranges
                0x000003c8       0x20 ../example3_bsp/\libhal_bsp.a(alt_isatty.o)
 .debug_aranges
                0x000003e8       0x20 ../example3_bsp/\libhal_bsp.a(alt_load.o)
 .debug_aranges
                0x00000408       0x20 ../example3_bsp/\libhal_bsp.a(alt_lseek.o)
 .debug_aranges
                0x00000428       0x20 ../example3_bsp/\libhal_bsp.a(alt_main.o)
 .debug_aranges
                0x00000448       0x20 ../example3_bsp/\libhal_bsp.a(alt_malloc_lock.o)
 .debug_aranges
                0x00000468       0x20 ../example3_bsp/\libhal_bsp.a(alt_read.o)
 .debug_aranges
                0x00000488       0x20 ../example3_bsp/\libhal_bsp.a(alt_release_fd.o)
 .debug_aranges
                0x000004a8       0x20 ../example3_bsp/\libhal_bsp.a(alt_sbrk.o)
 .debug_aranges
                0x000004c8       0x20 ../example3_bsp/\libhal_bsp.a(alt_write.o)
 .debug_aranges
                0x000004e8       0x20 ../example3_bsp/\libhal_bsp.a(alt_sys_init.o)
 .debug_aranges
                0x00000508       0x20 ../example3_bsp/\libhal_bsp.a(altera_avalon_jtag_uart_fd.o)
 .debug_aranges
                0x00000528       0x20 ../example3_bsp/\libhal_bsp.a(altera_avalon_jtag_uart_init.o)
 .debug_aranges
                0x00000548       0x20 ../example3_bsp/\libhal_bsp.a(altera_avalon_jtag_uart_ioctl.o)
 .debug_aranges
                0x00000568       0x20 ../example3_bsp/\libhal_bsp.a(altera_avalon_jtag_uart_read.o)
 .debug_aranges
                0x00000588       0x20 ../example3_bsp/\libhal_bsp.a(altera_avalon_jtag_uart_write.o)
 .debug_aranges
                0x000005a8       0x20 ../example3_bsp/\libhal_bsp.a(altera_up_avalon_character_lcd.o)
 .debug_aranges
                0x000005c8       0x20 ../example3_bsp/\libhal_bsp.a(alt_alarm_start.o)
 .debug_aranges
                0x000005e8       0x20 ../example3_bsp/\libhal_bsp.a(alt_dcache_flush_all.o)
 .debug_aranges
                0x00000608       0x20 ../example3_bsp/\libhal_bsp.a(alt_dev_llist_insert.o)
 .debug_aranges
                0x00000628       0x20 ../example3_bsp/\libhal_bsp.a(alt_do_ctors.o)
 .debug_aranges
                0x00000648       0x20 ../example3_bsp/\libhal_bsp.a(alt_do_dtors.o)
 .debug_aranges
                0x00000668       0x20 ../example3_bsp/\libhal_bsp.a(alt_find_dev.o)
 .debug_aranges
                0x00000688       0x20 ../example3_bsp/\libhal_bsp.a(alt_icache_flush_all.o)
 .debug_aranges
                0x000006a8       0x20 ../example3_bsp/\libhal_bsp.a(alt_iic.o)
 .debug_aranges
                0x000006c8       0x20 ../example3_bsp/\libhal_bsp.a(alt_iic_isr_register.o)
 .debug_aranges
                0x000006e8       0x20 ../example3_bsp/\libhal_bsp.a(alt_io_redirect.o)
 .debug_aranges
                0x00000708       0x30 ../example3_bsp/\libhal_bsp.a(alt_irq_entry.o)
 .debug_aranges
                0x00000738       0x28 ../example3_bsp/\libhal_bsp.a(alt_irq_handler.o)
 .debug_aranges
                0x00000760       0x20 ../example3_bsp/\libhal_bsp.a(alt_open.o)
 .debug_aranges
                0x00000780       0x20 ../example3_bsp/\libhal_bsp.a(alt_tick.o)
 .debug_aranges
                0x000007a0       0x20 ../example3_bsp/\libhal_bsp.a(altera_nios2_qsys_irq.o)
 .debug_aranges
                0x000007c0       0x38 ../example3_bsp/\libhal_bsp.a(alt_exception_entry.o)
 .debug_aranges
                0x000007f8       0x20 ../example3_bsp/\libhal_bsp.a(alt_find_file.o)
 .debug_aranges
                0x00000818       0x20 ../example3_bsp/\libhal_bsp.a(alt_get_fd.o)
 .debug_aranges
                0x00000838       0x20 c:/altera/13.0sp1/nios2eds/bin/gnu/h-i686-mingw32/bin/../lib/gcc/nios2-elf/4.1.2/../../../../nios2-elf/lib/mno-hw-mul\libc.a(lib_a-atexit.o)
 .debug_aranges
                0x00000858       0x20 c:/altera/13.0sp1/nios2eds/bin/gnu/h-i686-mingw32/bin/../lib/gcc/nios2-elf/4.1.2/../../../../nios2-elf/lib/mno-hw-mul\libc.a(lib_a-exit.o)
 .debug_aranges
                0x00000878       0x20 c:/altera/13.0sp1/nios2eds/bin/gnu/h-i686-mingw32/bin/../lib/gcc/nios2-elf/4.1.2/../../../../nios2-elf/lib/mno-hw-mul\libc.a(lib_a-memcmp.o)
 .debug_aranges
                0x00000898       0x20 c:/altera/13.0sp1/nios2eds/bin/gnu/h-i686-mingw32/bin/../lib/gcc/nios2-elf/4.1.2/../../../../nios2-elf/lib/mno-hw-mul\libc.a(lib_a-__atexit.o)
 .debug_aranges
                0x000008b8       0x20 c:/altera/13.0sp1/nios2eds/bin/gnu/h-i686-mingw32/bin/../lib/gcc/nios2-elf/4.1.2/../../../../nios2-elf/lib/mno-hw-mul\libc.a(lib_a-__call_atexit.o)
 .debug_aranges
                0x000008d8       0x20 ../example3_bsp/\libhal_bsp.a(alt_exit.o)

.debug_pubnames
                0x00000000      0xee7
 *(.debug_pubnames)
 .debug_pubnames
                0x00000000       0x1b obj/default/hello_world.o
 .debug_pubnames
                0x0000001b       0x27 c:/altera/13.0sp1/nios2eds/bin/gnu/h-i686-mingw32/bin/../lib/gcc/nios2-elf/4.1.2/../../../../nios2-elf/lib/mno-hw-mul\libc.a(lib_a-puts.o)
 .debug_pubnames
                0x00000042       0x1d c:/altera/13.0sp1/nios2eds/bin/gnu/h-i686-mingw32/bin/../lib/gcc/nios2-elf/4.1.2/../../../../nios2-elf/lib/mno-hw-mul\libc.a(lib_a-strlen.o)
 .debug_pubnames
                0x0000005f       0x23 c:/altera/13.0sp1/nios2eds/bin/gnu/h-i686-mingw32/bin/../lib/gcc/nios2-elf/4.1.2/../../../../nios2-elf/lib/mno-hw-mul\libc.a(lib_a-fvwrite.o)
 .debug_pubnames
                0x00000082       0x39 c:/altera/13.0sp1/nios2eds/bin/gnu/h-i686-mingw32/bin/../lib/gcc/nios2-elf/4.1.2/../../../../nios2-elf/lib/mno-hw-mul\libc.a(lib_a-impure.o)
 .debug_pubnames
                0x000000bb       0xce c:/altera/13.0sp1/nios2eds/bin/gnu/h-i686-mingw32/bin/../lib/gcc/nios2-elf/4.1.2/../../../../nios2-elf/lib/mno-hw-mul\libc.a(lib_a-mallocr.o)
 .debug_pubnames
                0x00000189       0x1d c:/altera/13.0sp1/nios2eds/bin/gnu/h-i686-mingw32/bin/../lib/gcc/nios2-elf/4.1.2/../../../../nios2-elf/lib/mno-hw-mul\libc.a(lib_a-memchr.o)
 .debug_pubnames
                0x000001a6       0x1d c:/altera/13.0sp1/nios2eds/bin/gnu/h-i686-mingw32/bin/../lib/gcc/nios2-elf/4.1.2/../../../../nios2-elf/lib/mno-hw-mul\libc.a(lib_a-memcpy.o)
 .debug_pubnames
                0x000001c3       0x1e c:/altera/13.0sp1/nios2eds/bin/gnu/h-i686-mingw32/bin/../lib/gcc/nios2-elf/4.1.2/../../../../nios2-elf/lib/mno-hw-mul\libc.a(lib_a-memmove.o)
 .debug_pubnames
                0x000001e1       0x21 c:/altera/13.0sp1/nios2eds/bin/gnu/h-i686-mingw32/bin/../lib/gcc/nios2-elf/4.1.2/../../../../nios2-elf/lib/mno-hw-mul\libc.a(lib_a-reallocr.o)
 .debug_pubnames
                0x00000202       0x1e c:/altera/13.0sp1/nios2eds/bin/gnu/h-i686-mingw32/bin/../lib/gcc/nios2-elf/4.1.2/../../../../nios2-elf/lib/mno-hw-mul\libc.a(lib_a-sbrkr.o)
 .debug_pubnames
                0x00000220       0x22 c:/altera/13.0sp1/nios2eds/bin/gnu/h-i686-mingw32/bin/../lib/gcc/nios2-elf/4.1.2/../../../../nios2-elf/lib/mno-hw-mul\libc.a(lib_a-wsetup.o)
 .debug_pubnames
                0x00000242       0x2b c:/altera/13.0sp1/nios2eds/bin/gnu/h-i686-mingw32/bin/../lib/gcc/nios2-elf/4.1.2/../../../../nios2-elf/lib/mno-hw-mul\libc.a(lib_a-fflush.o)
 .debug_pubnames
                0x0000026d       0xdb c:/altera/13.0sp1/nios2eds/bin/gnu/h-i686-mingw32/bin/../lib/gcc/nios2-elf/4.1.2/../../../../nios2-elf/lib/mno-hw-mul\libc.a(lib_a-findfp.o)
 .debug_pubnames
                0x00000348       0x31 c:/altera/13.0sp1/nios2eds/bin/gnu/h-i686-mingw32/bin/../lib/gcc/nios2-elf/4.1.2/../../../../nios2-elf/lib/mno-hw-mul\libc.a(lib_a-freer.o)
 .debug_pubnames
                0x00000379       0x2e c:/altera/13.0sp1/nios2eds/bin/gnu/h-i686-mingw32/bin/../lib/gcc/nios2-elf/4.1.2/../../../../nios2-elf/lib/mno-hw-mul\libc.a(lib_a-fwalk.o)
 .debug_pubnames
                0x000003a7       0x1c c:/altera/13.0sp1/nios2eds/bin/gnu/h-i686-mingw32/bin/../lib/gcc/nios2-elf/4.1.2/../../../../nios2-elf/lib/mno-hw-mul\libc.a(lib_a-int_errno.o)
 .debug_pubnames
                0x000003c3       0x23 c:/altera/13.0sp1/nios2eds/bin/gnu/h-i686-mingw32/bin/../lib/gcc/nios2-elf/4.1.2/../../../../nios2-elf/lib/mno-hw-mul\libc.a(lib_a-makebuf.o)
 .debug_pubnames
                0x000003e6       0x1d c:/altera/13.0sp1/nios2eds/bin/gnu/h-i686-mingw32/bin/../lib/gcc/nios2-elf/4.1.2/../../../../nios2-elf/lib/mno-hw-mul\libc.a(lib_a-memset.o)
 .debug_pubnames
                0x00000403       0x44 c:/altera/13.0sp1/nios2eds/bin/gnu/h-i686-mingw32/bin/../lib/gcc/nios2-elf/4.1.2/../../../../nios2-elf/lib/mno-hw-mul\libc.a(lib_a-stdio.o)
 .debug_pubnames
                0x00000447       0x1f c:/altera/13.0sp1/nios2eds/bin/gnu/h-i686-mingw32/bin/../lib/gcc/nios2-elf/4.1.2/../../../../nios2-elf/lib/mno-hw-mul\libc.a(lib_a-writer.o)
 .debug_pubnames
                0x00000466       0x1f c:/altera/13.0sp1/nios2eds/bin/gnu/h-i686-mingw32/bin/../lib/gcc/nios2-elf/4.1.2/../../../../nios2-elf/lib/mno-hw-mul\libc.a(lib_a-closer.o)
 .debug_pubnames
                0x00000485       0x2b c:/altera/13.0sp1/nios2eds/bin/gnu/h-i686-mingw32/bin/../lib/gcc/nios2-elf/4.1.2/../../../../nios2-elf/lib/mno-hw-mul\libc.a(lib_a-fclose.o)
 .debug_pubnames
                0x000004b0       0x1f c:/altera/13.0sp1/nios2eds/bin/gnu/h-i686-mingw32/bin/../lib/gcc/nios2-elf/4.1.2/../../../../nios2-elf/lib/mno-hw-mul\libc.a(lib_a-fstatr.o)
 .debug_pubnames
                0x000004cf       0x20 c:/altera/13.0sp1/nios2eds/bin/gnu/h-i686-mingw32/bin/../lib/gcc/nios2-elf/4.1.2/../../../../nios2-elf/lib/mno-hw-mul\libc.a(lib_a-isattyr.o)
 .debug_pubnames
                0x000004ef       0x1f c:/altera/13.0sp1/nios2eds/bin/gnu/h-i686-mingw32/bin/../lib/gcc/nios2-elf/4.1.2/../../../../nios2-elf/lib/mno-hw-mul\libc.a(lib_a-lseekr.o)
 .debug_pubnames
                0x0000050e       0x1e c:/altera/13.0sp1/nios2eds/bin/gnu/h-i686-mingw32/bin/../lib/gcc/nios2-elf/4.1.2/../../../../nios2-elf/lib/mno-hw-mul\libc.a(lib_a-readr.o)
 .debug_pubnames
                0x0000052c       0x1f c:/altera/13.0sp1/nios2eds/bin/gnu/h-i686-mingw32/bin/../lib/gcc/nios2-elf/4.1.2/mno-hw-mul\libgcc.a(lib2-mul.o)
 .debug_pubnames
                0x0000054b       0x1c ../example3_bsp/\libhal_bsp.a(alt_close.o)
 .debug_pubnames
                0x00000567       0x63 ../example3_bsp/\libhal_bsp.a(alt_dev.o)
 .debug_pubnames
                0x000005ca       0x20 ../example3_bsp/\libhal_bsp.a(alt_errno.o)
 .debug_pubnames
                0x000005ea       0x1c ../example3_bsp/\libhal_bsp.a(alt_fstat.o)
 .debug_pubnames
                0x00000606       0x1d ../example3_bsp/\libhal_bsp.a(alt_isatty.o)
 .debug_pubnames
                0x00000623       0x1f ../example3_bsp/\libhal_bsp.a(alt_load.o)
 .debug_pubnames
                0x00000642       0x1c ../example3_bsp/\libhal_bsp.a(alt_lseek.o)
 .debug_pubnames
                0x0000065e       0x46 ../example3_bsp/\libhal_bsp.a(alt_main.o)
 .debug_pubnames
                0x000006a4       0x38 ../example3_bsp/\libhal_bsp.a(alt_malloc_lock.o)
 .debug_pubnames
                0x000006dc       0x1b ../example3_bsp/\libhal_bsp.a(alt_read.o)
 .debug_pubnames
                0x000006f7       0x25 ../example3_bsp/\libhal_bsp.a(alt_release_fd.o)
 .debug_pubnames
                0x0000071c       0x1b ../example3_bsp/\libhal_bsp.a(alt_sbrk.o)
 .debug_pubnames
                0x00000737       0x1c ../example3_bsp/\libhal_bsp.a(alt_write.o)
 .debug_pubnames
                0x00000753       0x34 ../example3_bsp/\libhal_bsp.a(alt_sys_init.o)
 .debug_pubnames
                0x00000787       0xa5 ../example3_bsp/\libhal_bsp.a(altera_avalon_jtag_uart_fd.o)
 .debug_pubnames
                0x0000082c       0x55 ../example3_bsp/\libhal_bsp.a(altera_avalon_jtag_uart_init.o)
 .debug_pubnames
                0x00000881       0x34 ../example3_bsp/\libhal_bsp.a(altera_avalon_jtag_uart_ioctl.o)
 .debug_pubnames
                0x000008b5       0x33 ../example3_bsp/\libhal_bsp.a(altera_avalon_jtag_uart_read.o)
 .debug_pubnames
                0x000008e8       0x34 ../example3_bsp/\libhal_bsp.a(altera_avalon_jtag_uart_write.o)
 .debug_pubnames
                0x0000091c      0x1cd ../example3_bsp/\libhal_bsp.a(altera_up_avalon_character_lcd.o)
 .debug_pubnames
                0x00000ae9       0x26 ../example3_bsp/\libhal_bsp.a(alt_alarm_start.o)
 .debug_pubnames
                0x00000b0f       0x2b ../example3_bsp/\libhal_bsp.a(alt_dcache_flush_all.o)
 .debug_pubnames
                0x00000b3a       0x2b ../example3_bsp/\libhal_bsp.a(alt_dev_llist_insert.o)
 .debug_pubnames
                0x00000b65       0x20 ../example3_bsp/\libhal_bsp.a(alt_do_ctors.o)
 .debug_pubnames
                0x00000b85       0x20 ../example3_bsp/\libhal_bsp.a(alt_do_dtors.o)
 .debug_pubnames
                0x00000ba5       0x23 ../example3_bsp/\libhal_bsp.a(alt_find_dev.o)
 .debug_pubnames
                0x00000bc8       0x2b ../example3_bsp/\libhal_bsp.a(alt_icache_flush_all.o)
 .debug_pubnames
                0x00000bf3       0x6e ../example3_bsp/\libhal_bsp.a(alt_iic.o)
 .debug_pubnames
                0x00000c61       0x2b ../example3_bsp/\libhal_bsp.a(alt_iic_isr_register.o)
 .debug_pubnames
                0x00000c8c       0x26 ../example3_bsp/\libhal_bsp.a(alt_io_redirect.o)
 .debug_pubnames
                0x00000cb2       0x32 ../example3_bsp/\libhal_bsp.a(alt_irq_handler.o)
 .debug_pubnames
                0x00000ce4       0x3b ../example3_bsp/\libhal_bsp.a(alt_irq_vars.o)
 .debug_pubnames
                0x00000d1f       0x1b ../example3_bsp/\libhal_bsp.a(alt_open.o)
 .debug_pubnames
                0x00000d3a       0x68 ../example3_bsp/\libhal_bsp.a(alt_tick.o)
 .debug_pubnames
                0x00000da2       0x31 ../example3_bsp/\libhal_bsp.a(altera_nios2_qsys_irq.o)
 .debug_pubnames
                0x00000dd3       0x24 ../example3_bsp/\libhal_bsp.a(alt_find_file.o)
 .debug_pubnames
                0x00000df7       0x21 ../example3_bsp/\libhal_bsp.a(alt_get_fd.o)
 .debug_pubnames
                0x00000e18       0x2a c:/altera/13.0sp1/nios2eds/bin/gnu/h-i686-mingw32/bin/../lib/gcc/nios2-elf/4.1.2/../../../../nios2-elf/lib/mno-hw-mul\libc.a(lib_a-atexit.o)
 .debug_pubnames
                0x00000e42       0x1b c:/altera/13.0sp1/nios2eds/bin/gnu/h-i686-mingw32/bin/../lib/gcc/nios2-elf/4.1.2/../../../../nios2-elf/lib/mno-hw-mul\libc.a(lib_a-exit.o)
 .debug_pubnames
                0x00000e5d       0x1d c:/altera/13.0sp1/nios2eds/bin/gnu/h-i686-mingw32/bin/../lib/gcc/nios2-elf/4.1.2/../../../../nios2-elf/lib/mno-hw-mul\libc.a(lib_a-memcmp.o)
 .debug_pubnames
                0x00000e7a       0x2a c:/altera/13.0sp1/nios2eds/bin/gnu/h-i686-mingw32/bin/../lib/gcc/nios2-elf/4.1.2/../../../../nios2-elf/lib/mno-hw-mul\libc.a(lib_a-__atexit.o)
 .debug_pubnames
                0x00000ea4       0x27 c:/altera/13.0sp1/nios2eds/bin/gnu/h-i686-mingw32/bin/../lib/gcc/nios2-elf/4.1.2/../../../../nios2-elf/lib/mno-hw-mul\libc.a(lib_a-__call_atexit.o)
 .debug_pubnames
                0x00000ecb       0x1c ../example3_bsp/\libhal_bsp.a(alt_exit.o)

.debug_info     0x00000000    0x19d45
 *(.debug_info .gnu.linkonce.wi.*)
 .debug_info    0x00000000       0x79 ../example3_bsp//obj/HAL/src/crt0.o
 .debug_info    0x00000079      0x138 obj/default/hello_world.o
 .debug_info    0x000001b1      0xa25 c:/altera/13.0sp1/nios2eds/bin/gnu/h-i686-mingw32/bin/../lib/gcc/nios2-elf/4.1.2/../../../../nios2-elf/lib/mno-hw-mul\libc.a(lib_a-puts.o)
 .debug_info    0x00000bd6       0xdb c:/altera/13.0sp1/nios2eds/bin/gnu/h-i686-mingw32/bin/../lib/gcc/nios2-elf/4.1.2/../../../../nios2-elf/lib/mno-hw-mul\libc.a(lib_a-strlen.o)
 .debug_info    0x00000cb1      0xa88 c:/altera/13.0sp1/nios2eds/bin/gnu/h-i686-mingw32/bin/../lib/gcc/nios2-elf/4.1.2/../../../../nios2-elf/lib/mno-hw-mul\libc.a(lib_a-fvwrite.o)
 .debug_info    0x00001739      0x93d c:/altera/13.0sp1/nios2eds/bin/gnu/h-i686-mingw32/bin/../lib/gcc/nios2-elf/4.1.2/../../../../nios2-elf/lib/mno-hw-mul\libc.a(lib_a-impure.o)
 .debug_info    0x00002076      0xcd0 c:/altera/13.0sp1/nios2eds/bin/gnu/h-i686-mingw32/bin/../lib/gcc/nios2-elf/4.1.2/../../../../nios2-elf/lib/mno-hw-mul\libc.a(lib_a-mallocr.o)
 .debug_info    0x00002d46      0x138 c:/altera/13.0sp1/nios2eds/bin/gnu/h-i686-mingw32/bin/../lib/gcc/nios2-elf/4.1.2/../../../../nios2-elf/lib/mno-hw-mul\libc.a(lib_a-memchr.o)
 .debug_info    0x00002e7e      0x106 c:/altera/13.0sp1/nios2eds/bin/gnu/h-i686-mingw32/bin/../lib/gcc/nios2-elf/4.1.2/../../../../nios2-elf/lib/mno-hw-mul\libc.a(lib_a-memcpy.o)
 .debug_info    0x00002f84      0x13e c:/altera/13.0sp1/nios2eds/bin/gnu/h-i686-mingw32/bin/../lib/gcc/nios2-elf/4.1.2/../../../../nios2-elf/lib/mno-hw-mul\libc.a(lib_a-memmove.o)
 .debug_info    0x000030c2      0xbd7 c:/altera/13.0sp1/nios2eds/bin/gnu/h-i686-mingw32/bin/../lib/gcc/nios2-elf/4.1.2/../../../../nios2-elf/lib/mno-hw-mul\libc.a(lib_a-reallocr.o)
 .debug_info    0x00003c99      0x962 c:/altera/13.0sp1/nios2eds/bin/gnu/h-i686-mingw32/bin/../lib/gcc/nios2-elf/4.1.2/../../../../nios2-elf/lib/mno-hw-mul\libc.a(lib_a-sbrkr.o)
 .debug_info    0x000045fb      0x95d c:/altera/13.0sp1/nios2eds/bin/gnu/h-i686-mingw32/bin/../lib/gcc/nios2-elf/4.1.2/../../../../nios2-elf/lib/mno-hw-mul\libc.a(lib_a-wsetup.o)
 .debug_info    0x00004f58      0x9fe c:/altera/13.0sp1/nios2eds/bin/gnu/h-i686-mingw32/bin/../lib/gcc/nios2-elf/4.1.2/../../../../nios2-elf/lib/mno-hw-mul\libc.a(lib_a-fflush.o)
 .debug_info    0x00005956      0xb72 c:/altera/13.0sp1/nios2eds/bin/gnu/h-i686-mingw32/bin/../lib/gcc/nios2-elf/4.1.2/../../../../nios2-elf/lib/mno-hw-mul\libc.a(lib_a-findfp.o)
 .debug_info    0x000064c8      0xbc9 c:/altera/13.0sp1/nios2eds/bin/gnu/h-i686-mingw32/bin/../lib/gcc/nios2-elf/4.1.2/../../../../nios2-elf/lib/mno-hw-mul\libc.a(lib_a-freer.o)
 .debug_info    0x00007091      0xaed c:/altera/13.0sp1/nios2eds/bin/gnu/h-i686-mingw32/bin/../lib/gcc/nios2-elf/4.1.2/../../../../nios2-elf/lib/mno-hw-mul\libc.a(lib_a-fwalk.o)
 .debug_info    0x00007b7e       0x8c c:/altera/13.0sp1/nios2eds/bin/gnu/h-i686-mingw32/bin/../lib/gcc/nios2-elf/4.1.2/../../../../nios2-elf/lib/mno-hw-mul\libc.a(lib_a-int_errno.o)
 .debug_info    0x00007c0a      0xb1a c:/altera/13.0sp1/nios2eds/bin/gnu/h-i686-mingw32/bin/../lib/gcc/nios2-elf/4.1.2/../../../../nios2-elf/lib/mno-hw-mul\libc.a(lib_a-makebuf.o)
 .debug_info    0x00008724      0x113 c:/altera/13.0sp1/nios2eds/bin/gnu/h-i686-mingw32/bin/../lib/gcc/nios2-elf/4.1.2/../../../../nios2-elf/lib/mno-hw-mul\libc.a(lib_a-memset.o)
 .debug_info    0x00008837      0xaac c:/altera/13.0sp1/nios2eds/bin/gnu/h-i686-mingw32/bin/../lib/gcc/nios2-elf/4.1.2/../../../../nios2-elf/lib/mno-hw-mul\libc.a(lib_a-stdio.o)
 .debug_info    0x000092e3      0x993 c:/altera/13.0sp1/nios2eds/bin/gnu/h-i686-mingw32/bin/../lib/gcc/nios2-elf/4.1.2/../../../../nios2-elf/lib/mno-hw-mul\libc.a(lib_a-writer.o)
 .debug_info    0x00009c76      0x958 c:/altera/13.0sp1/nios2eds/bin/gnu/h-i686-mingw32/bin/../lib/gcc/nios2-elf/4.1.2/../../../../nios2-elf/lib/mno-hw-mul\libc.a(lib_a-closer.o)
 .debug_info    0x0000a5ce      0x994 c:/altera/13.0sp1/nios2eds/bin/gnu/h-i686-mingw32/bin/../lib/gcc/nios2-elf/4.1.2/../../../../nios2-elf/lib/mno-hw-mul\libc.a(lib_a-fclose.o)
 .debug_info    0x0000af62      0xafc c:/altera/13.0sp1/nios2eds/bin/gnu/h-i686-mingw32/bin/../lib/gcc/nios2-elf/4.1.2/../../../../nios2-elf/lib/mno-hw-mul\libc.a(lib_a-fstatr.o)
 .debug_info    0x0000ba5e      0x958 c:/altera/13.0sp1/nios2eds/bin/gnu/h-i686-mingw32/bin/../lib/gcc/nios2-elf/4.1.2/../../../../nios2-elf/lib/mno-hw-mul\libc.a(lib_a-isattyr.o)
 .debug_info    0x0000c3b6      0x981 c:/altera/13.0sp1/nios2eds/bin/gnu/h-i686-mingw32/bin/../lib/gcc/nios2-elf/4.1.2/../../../../nios2-elf/lib/mno-hw-mul\libc.a(lib_a-lseekr.o)
 .debug_info    0x0000cd37      0x98c c:/altera/13.0sp1/nios2eds/bin/gnu/h-i686-mingw32/bin/../lib/gcc/nios2-elf/4.1.2/../../../../nios2-elf/lib/mno-hw-mul\libc.a(lib_a-readr.o)
 .debug_info    0x0000d6c3       0xf3 c:/altera/13.0sp1/nios2eds/bin/gnu/h-i686-mingw32/bin/../lib/gcc/nios2-elf/4.1.2/mno-hw-mul\libgcc.a(lib2-mul.o)
 .debug_info    0x0000d7b6      0x465 ../example3_bsp/\libhal_bsp.a(alt_close.o)
 .debug_info    0x0000dc1b      0x67d ../example3_bsp/\libhal_bsp.a(alt_dev.o)
 .debug_info    0x0000e298      0x162 ../example3_bsp/\libhal_bsp.a(alt_errno.o)
 .debug_info    0x0000e3fa      0x65e ../example3_bsp/\libhal_bsp.a(alt_fstat.o)
 .debug_info    0x0000ea58      0x664 ../example3_bsp/\libhal_bsp.a(alt_isatty.o)
 .debug_info    0x0000f0bc      0x28b ../example3_bsp/\libhal_bsp.a(alt_load.o)
 .debug_info    0x0000f347      0x498 ../example3_bsp/\libhal_bsp.a(alt_lseek.o)
 .debug_info    0x0000f7df      0x223 ../example3_bsp/\libhal_bsp.a(alt_main.o)
 .debug_info    0x0000fa02      0xc16 ../example3_bsp/\libhal_bsp.a(alt_malloc_lock.o)
 .debug_info    0x00010618      0x688 ../example3_bsp/\libhal_bsp.a(alt_read.o)
 .debug_info    0x00010ca0      0x3f0 ../example3_bsp/\libhal_bsp.a(alt_release_fd.o)
 .debug_info    0x00011090      0x2b5 ../example3_bsp/\libhal_bsp.a(alt_sbrk.o)
 .debug_info    0x00011345      0x691 ../example3_bsp/\libhal_bsp.a(alt_write.o)
 .debug_info    0x000119d6      0x728 ../example3_bsp/\libhal_bsp.a(alt_sys_init.o)
 .debug_info    0x000120fe      0x7d7 ../example3_bsp/\libhal_bsp.a(altera_avalon_jtag_uart_fd.o)
 .debug_info    0x000128d5      0x5ff ../example3_bsp/\libhal_bsp.a(altera_avalon_jtag_uart_init.o)
 .debug_info    0x00012ed4      0x441 ../example3_bsp/\libhal_bsp.a(altera_avalon_jtag_uart_ioctl.o)
 .debug_info    0x00013315      0x544 ../example3_bsp/\libhal_bsp.a(altera_avalon_jtag_uart_read.o)
 .debug_info    0x00013859      0x53c ../example3_bsp/\libhal_bsp.a(altera_avalon_jtag_uart_write.o)
 .debug_info    0x00013d95      0x8e7 ../example3_bsp/\libhal_bsp.a(altera_up_avalon_character_lcd.o)
 .debug_info    0x0001467c      0x440 ../example3_bsp/\libhal_bsp.a(alt_alarm_start.o)
 .debug_info    0x00014abc      0x15a ../example3_bsp/\libhal_bsp.a(alt_dcache_flush_all.o)
 .debug_info    0x00014c16      0x2b5 ../example3_bsp/\libhal_bsp.a(alt_dev_llist_insert.o)
 .debug_info    0x00014ecb      0x10d ../example3_bsp/\libhal_bsp.a(alt_do_ctors.o)
 .debug_info    0x00014fd8      0x10c ../example3_bsp/\libhal_bsp.a(alt_do_dtors.o)
 .debug_info    0x000150e4      0x416 ../example3_bsp/\libhal_bsp.a(alt_find_dev.o)
 .debug_info    0x000154fa      0x15a ../example3_bsp/\libhal_bsp.a(alt_icache_flush_all.o)
 .debug_info    0x00015654      0x491 ../example3_bsp/\libhal_bsp.a(alt_iic.o)
 .debug_info    0x00015ae5      0x312 ../example3_bsp/\libhal_bsp.a(alt_iic_isr_register.o)
 .debug_info    0x00015df7      0x693 ../example3_bsp/\libhal_bsp.a(alt_io_redirect.o)
 .debug_info    0x0001648a       0x82 ../example3_bsp/\libhal_bsp.a(alt_irq_entry.o)
 .debug_info    0x0001650c      0x273 ../example3_bsp/\libhal_bsp.a(alt_irq_handler.o)
 .debug_info    0x0001677f      0x165 ../example3_bsp/\libhal_bsp.a(alt_irq_vars.o)
 .debug_info    0x000168e4      0x523 ../example3_bsp/\libhal_bsp.a(alt_open.o)
 .debug_info    0x00016e07      0x3fc ../example3_bsp/\libhal_bsp.a(alt_tick.o)
 .debug_info    0x00017203      0x161 ../example3_bsp/\libhal_bsp.a(altera_nios2_qsys_irq.o)
 .debug_info    0x00017364       0x88 ../example3_bsp/\libhal_bsp.a(alt_exception_entry.o)
 .debug_info    0x000173ec      0x41d ../example3_bsp/\libhal_bsp.a(alt_find_file.o)
 .debug_info    0x00017809      0x45e ../example3_bsp/\libhal_bsp.a(alt_get_fd.o)
 .debug_info    0x00017c67      0x181 c:/altera/13.0sp1/nios2eds/bin/gnu/h-i686-mingw32/bin/../lib/gcc/nios2-elf/4.1.2/../../../../nios2-elf/lib/mno-hw-mul\libc.a(lib_a-atexit.o)
 .debug_info    0x00017de8      0x93f c:/altera/13.0sp1/nios2eds/bin/gnu/h-i686-mingw32/bin/../lib/gcc/nios2-elf/4.1.2/../../../../nios2-elf/lib/mno-hw-mul\libc.a(lib_a-exit.o)
 .debug_info    0x00018727      0x115 c:/altera/13.0sp1/nios2eds/bin/gnu/h-i686-mingw32/bin/../lib/gcc/nios2-elf/4.1.2/../../../../nios2-elf/lib/mno-hw-mul\libc.a(lib_a-memcmp.o)
 .debug_info    0x0001883c      0x99c c:/altera/13.0sp1/nios2eds/bin/gnu/h-i686-mingw32/bin/../lib/gcc/nios2-elf/4.1.2/../../../../nios2-elf/lib/mno-hw-mul\libc.a(lib_a-__atexit.o)
 .debug_info    0x000191d8      0x9e2 c:/altera/13.0sp1/nios2eds/bin/gnu/h-i686-mingw32/bin/../lib/gcc/nios2-elf/4.1.2/../../../../nios2-elf/lib/mno-hw-mul\libc.a(lib_a-__call_atexit.o)
 .debug_info    0x00019bba      0x18b ../example3_bsp/\libhal_bsp.a(alt_exit.o)

.debug_abbrev   0x00000000     0x4f0f
 *(.debug_abbrev)
 .debug_abbrev  0x00000000       0x12 ../example3_bsp//obj/HAL/src/crt0.o
 .debug_abbrev  0x00000012       0x3f obj/default/hello_world.o
 .debug_abbrev  0x00000051      0x1ac c:/altera/13.0sp1/nios2eds/bin/gnu/h-i686-mingw32/bin/../lib/gcc/nios2-elf/4.1.2/../../../../nios2-elf/lib/mno-hw-mul\libc.a(lib_a-puts.o)
 .debug_abbrev  0x000001fd       0x8b c:/altera/13.0sp1/nios2eds/bin/gnu/h-i686-mingw32/bin/../lib/gcc/nios2-elf/4.1.2/../../../../nios2-elf/lib/mno-hw-mul\libc.a(lib_a-strlen.o)
 .debug_abbrev  0x00000288      0x1a3 c:/altera/13.0sp1/nios2eds/bin/gnu/h-i686-mingw32/bin/../lib/gcc/nios2-elf/4.1.2/../../../../nios2-elf/lib/mno-hw-mul\libc.a(lib_a-fvwrite.o)
 .debug_abbrev  0x0000042b      0x157 c:/altera/13.0sp1/nios2eds/bin/gnu/h-i686-mingw32/bin/../lib/gcc/nios2-elf/4.1.2/../../../../nios2-elf/lib/mno-hw-mul\libc.a(lib_a-impure.o)
 .debug_abbrev  0x00000582      0x216 c:/altera/13.0sp1/nios2eds/bin/gnu/h-i686-mingw32/bin/../lib/gcc/nios2-elf/4.1.2/../../../../nios2-elf/lib/mno-hw-mul\libc.a(lib_a-mallocr.o)
 .debug_abbrev  0x00000798       0xb5 c:/altera/13.0sp1/nios2eds/bin/gnu/h-i686-mingw32/bin/../lib/gcc/nios2-elf/4.1.2/../../../../nios2-elf/lib/mno-hw-mul\libc.a(lib_a-memchr.o)
 .debug_abbrev  0x0000084d       0xb5 c:/altera/13.0sp1/nios2eds/bin/gnu/h-i686-mingw32/bin/../lib/gcc/nios2-elf/4.1.2/../../../../nios2-elf/lib/mno-hw-mul\libc.a(lib_a-memcpy.o)
 .debug_abbrev  0x00000902       0xb5 c:/altera/13.0sp1/nios2eds/bin/gnu/h-i686-mingw32/bin/../lib/gcc/nios2-elf/4.1.2/../../../../nios2-elf/lib/mno-hw-mul\libc.a(lib_a-memmove.o)
 .debug_abbrev  0x000009b7      0x1c3 c:/altera/13.0sp1/nios2eds/bin/gnu/h-i686-mingw32/bin/../lib/gcc/nios2-elf/4.1.2/../../../../nios2-elf/lib/mno-hw-mul\libc.a(lib_a-reallocr.o)
 .debug_abbrev  0x00000b7a      0x18c c:/altera/13.0sp1/nios2eds/bin/gnu/h-i686-mingw32/bin/../lib/gcc/nios2-elf/4.1.2/../../../../nios2-elf/lib/mno-hw-mul\libc.a(lib_a-sbrkr.o)
 .debug_abbrev  0x00000d06      0x170 c:/altera/13.0sp1/nios2eds/bin/gnu/h-i686-mingw32/bin/../lib/gcc/nios2-elf/4.1.2/../../../../nios2-elf/lib/mno-hw-mul\libc.a(lib_a-wsetup.o)
 .debug_abbrev  0x00000e76      0x1c6 c:/altera/13.0sp1/nios2eds/bin/gnu/h-i686-mingw32/bin/../lib/gcc/nios2-elf/4.1.2/../../../../nios2-elf/lib/mno-hw-mul\libc.a(lib_a-fflush.o)
 .debug_abbrev  0x0000103c      0x24c c:/altera/13.0sp1/nios2eds/bin/gnu/h-i686-mingw32/bin/../lib/gcc/nios2-elf/4.1.2/../../../../nios2-elf/lib/mno-hw-mul\libc.a(lib_a-findfp.o)
 .debug_abbrev  0x00001288      0x1d9 c:/altera/13.0sp1/nios2eds/bin/gnu/h-i686-mingw32/bin/../lib/gcc/nios2-elf/4.1.2/../../../../nios2-elf/lib/mno-hw-mul\libc.a(lib_a-freer.o)
 .debug_abbrev  0x00001461      0x1e3 c:/altera/13.0sp1/nios2eds/bin/gnu/h-i686-mingw32/bin/../lib/gcc/nios2-elf/4.1.2/../../../../nios2-elf/lib/mno-hw-mul\libc.a(lib_a-fwalk.o)
 .debug_abbrev  0x00001644       0x3b c:/altera/13.0sp1/nios2eds/bin/gnu/h-i686-mingw32/bin/../lib/gcc/nios2-elf/4.1.2/../../../../nios2-elf/lib/mno-hw-mul\libc.a(lib_a-int_errno.o)
 .debug_abbrev  0x0000167f      0x197 c:/altera/13.0sp1/nios2eds/bin/gnu/h-i686-mingw32/bin/../lib/gcc/nios2-elf/4.1.2/../../../../nios2-elf/lib/mno-hw-mul\libc.a(lib_a-makebuf.o)
 .debug_abbrev  0x00001816       0xb8 c:/altera/13.0sp1/nios2eds/bin/gnu/h-i686-mingw32/bin/../lib/gcc/nios2-elf/4.1.2/../../../../nios2-elf/lib/mno-hw-mul\libc.a(lib_a-memset.o)
 .debug_abbrev  0x000018ce      0x1c9 c:/altera/13.0sp1/nios2eds/bin/gnu/h-i686-mingw32/bin/../lib/gcc/nios2-elf/4.1.2/../../../../nios2-elf/lib/mno-hw-mul\libc.a(lib_a-stdio.o)
 .debug_abbrev  0x00001a97      0x184 c:/altera/13.0sp1/nios2eds/bin/gnu/h-i686-mingw32/bin/../lib/gcc/nios2-elf/4.1.2/../../../../nios2-elf/lib/mno-hw-mul\libc.a(lib_a-writer.o)
 .debug_abbrev  0x00001c1b      0x17f c:/altera/13.0sp1/nios2eds/bin/gnu/h-i686-mingw32/bin/../lib/gcc/nios2-elf/4.1.2/../../../../nios2-elf/lib/mno-hw-mul\libc.a(lib_a-closer.o)
 .debug_abbrev  0x00001d9a      0x1a7 c:/altera/13.0sp1/nios2eds/bin/gnu/h-i686-mingw32/bin/../lib/gcc/nios2-elf/4.1.2/../../../../nios2-elf/lib/mno-hw-mul\libc.a(lib_a-fclose.o)
 .debug_abbrev  0x00001f41      0x18e c:/altera/13.0sp1/nios2eds/bin/gnu/h-i686-mingw32/bin/../lib/gcc/nios2-elf/4.1.2/../../../../nios2-elf/lib/mno-hw-mul\libc.a(lib_a-fstatr.o)
 .debug_abbrev  0x000020cf      0x17f c:/altera/13.0sp1/nios2eds/bin/gnu/h-i686-mingw32/bin/../lib/gcc/nios2-elf/4.1.2/../../../../nios2-elf/lib/mno-hw-mul\libc.a(lib_a-isattyr.o)
 .debug_abbrev  0x0000224e      0x18e c:/altera/13.0sp1/nios2eds/bin/gnu/h-i686-mingw32/bin/../lib/gcc/nios2-elf/4.1.2/../../../../nios2-elf/lib/mno-hw-mul\libc.a(lib_a-lseekr.o)
 .debug_abbrev  0x000023dc      0x17f c:/altera/13.0sp1/nios2eds/bin/gnu/h-i686-mingw32/bin/../lib/gcc/nios2-elf/4.1.2/../../../../nios2-elf/lib/mno-hw-mul\libc.a(lib_a-readr.o)
 .debug_abbrev  0x0000255b       0x7b c:/altera/13.0sp1/nios2eds/bin/gnu/h-i686-mingw32/bin/../lib/gcc/nios2-elf/4.1.2/mno-hw-mul\libgcc.a(lib2-mul.o)
 .debug_abbrev  0x000025d6       0xfb ../example3_bsp/\libhal_bsp.a(alt_close.o)
 .debug_abbrev  0x000026d1       0xc7 ../example3_bsp/\libhal_bsp.a(alt_dev.o)
 .debug_abbrev  0x00002798       0x5e ../example3_bsp/\libhal_bsp.a(alt_errno.o)
 .debug_abbrev  0x000027f6       0xfb ../example3_bsp/\libhal_bsp.a(alt_fstat.o)
 .debug_abbrev  0x000028f1       0xfb ../example3_bsp/\libhal_bsp.a(alt_isatty.o)
 .debug_abbrev  0x000029ec       0x88 ../example3_bsp/\libhal_bsp.a(alt_load.o)
 .debug_abbrev  0x00002a74       0xfb ../example3_bsp/\libhal_bsp.a(alt_lseek.o)
 .debug_abbrev  0x00002b6f       0xb7 ../example3_bsp/\libhal_bsp.a(alt_main.o)
 .debug_abbrev  0x00002c26      0x181 ../example3_bsp/\libhal_bsp.a(alt_malloc_lock.o)
 .debug_abbrev  0x00002da7       0xfb ../example3_bsp/\libhal_bsp.a(alt_read.o)
 .debug_abbrev  0x00002ea2       0xc1 ../example3_bsp/\libhal_bsp.a(alt_release_fd.o)
 .debug_abbrev  0x00002f63      0x115 ../example3_bsp/\libhal_bsp.a(alt_sbrk.o)
 .debug_abbrev  0x00003078      0x100 ../example3_bsp/\libhal_bsp.a(alt_write.o)
 .debug_abbrev  0x00003178      0x15e ../example3_bsp/\libhal_bsp.a(alt_sys_init.o)
 .debug_abbrev  0x000032d6       0xf7 ../example3_bsp/\libhal_bsp.a(altera_avalon_jtag_uart_fd.o)
 .debug_abbrev  0x000033cd      0x17c ../example3_bsp/\libhal_bsp.a(altera_avalon_jtag_uart_init.o)
 .debug_abbrev  0x00003549       0xf0 ../example3_bsp/\libhal_bsp.a(altera_avalon_jtag_uart_ioctl.o)
 .debug_abbrev  0x00003639      0x191 ../example3_bsp/\libhal_bsp.a(altera_avalon_jtag_uart_read.o)
 .debug_abbrev  0x000037ca      0x18d ../example3_bsp/\libhal_bsp.a(altera_avalon_jtag_uart_write.o)
 .debug_abbrev  0x00003957      0x127 ../example3_bsp/\libhal_bsp.a(altera_up_avalon_character_lcd.o)
 .debug_abbrev  0x00003a7e      0x172 ../example3_bsp/\libhal_bsp.a(alt_alarm_start.o)
 .debug_abbrev  0x00003bf0       0x3f ../example3_bsp/\libhal_bsp.a(alt_dcache_flush_all.o)
 .debug_abbrev  0x00003c2f       0xf6 ../example3_bsp/\libhal_bsp.a(alt_dev_llist_insert.o)
 .debug_abbrev  0x00003d25       0x76 ../example3_bsp/\libhal_bsp.a(alt_do_ctors.o)
 .debug_abbrev  0x00003d9b       0x76 ../example3_bsp/\libhal_bsp.a(alt_do_dtors.o)
 .debug_abbrev  0x00003e11       0xcf ../example3_bsp/\libhal_bsp.a(alt_find_dev.o)
 .debug_abbrev  0x00003ee0       0x3f ../example3_bsp/\libhal_bsp.a(alt_icache_flush_all.o)
 .debug_abbrev  0x00003f1f      0x134 ../example3_bsp/\libhal_bsp.a(alt_iic.o)
 .debug_abbrev  0x00004053      0x14e ../example3_bsp/\libhal_bsp.a(alt_iic_isr_register.o)
 .debug_abbrev  0x000041a1       0xf0 ../example3_bsp/\libhal_bsp.a(alt_io_redirect.o)
 .debug_abbrev  0x00004291       0x12 ../example3_bsp/\libhal_bsp.a(alt_irq_entry.o)