Archive member included because of file (symbol)

c:/altera/13.0sp1/nios2eds/bin/gnu/h-i686-mingw32/bin/../lib/gcc/nios2-elf/4.1.2/mno-hw-mul\libgcc.a(lib2-divmod.o)
                              obj/default/hello_world.o (__modsi3)
c:/altera/13.0sp1/nios2eds/bin/gnu/h-i686-mingw32/bin/../lib/gcc/nios2-elf/4.1.2/../../../../nios2-elf/lib/mno-hw-mul\libc.a(lib_a-puts.o)
                              obj/default/hello_world.o (puts)
c:/altera/13.0sp1/nios2eds/bin/gnu/h-i686-mingw32/bin/../lib/gcc/nios2-elf/4.1.2/../../../../nios2-elf/lib/mno-hw-mul\libc.a(lib_a-rand.o)
                              obj/default/hello_world.o (srand)
c:/altera/13.0sp1/nios2eds/bin/gnu/h-i686-mingw32/bin/../lib/gcc/nios2-elf/4.1.2/../../../../nios2-elf/lib/mno-hw-mul\libc.a(lib_a-strlen.o)
                              c:/altera/13.0sp1/nios2eds/bin/gnu/h-i686-mingw32/bin/../lib/gcc/nios2-elf/4.1.2/../../../../nios2-elf/lib/mno-hw-mul\libc.a(lib_a-puts.o) (strlen)
c:/altera/13.0sp1/nios2eds/bin/gnu/h-i686-mingw32/bin/../lib/gcc/nios2-elf/4.1.2/../../../../nios2-elf/lib/mno-hw-mul\libc.a(lib_a-time.o)
                              obj/default/hello_world.o (time)
c:/altera/13.0sp1/nios2eds/bin/gnu/h-i686-mingw32/bin/../lib/gcc/nios2-elf/4.1.2/../../../../nios2-elf/lib/mno-hw-mul\libc.a(lib_a-fvwrite.o)
                              c:/altera/13.0sp1/nios2eds/bin/gnu/h-i686-mingw32/bin/../lib/gcc/nios2-elf/4.1.2/../../../../nios2-elf/lib/mno-hw-mul\libc.a(lib_a-puts.o) (__sfvwrite_r)
c:/altera/13.0sp1/nios2eds/bin/gnu/h-i686-mingw32/bin/../lib/gcc/nios2-elf/4.1.2/../../../../nios2-elf/lib/mno-hw-mul\libc.a(lib_a-gettimeofdayr.o)
                              c:/altera/13.0sp1/nios2eds/bin/gnu/h-i686-mingw32/bin/../lib/gcc/nios2-elf/4.1.2/../../../../nios2-elf/lib/mno-hw-mul\libc.a(lib_a-time.o) (_gettimeofday_r)
c:/altera/13.0sp1/nios2eds/bin/gnu/h-i686-mingw32/bin/../lib/gcc/nios2-elf/4.1.2/../../../../nios2-elf/lib/mno-hw-mul\libc.a(lib_a-impure.o)
                              c:/altera/13.0sp1/nios2eds/bin/gnu/h-i686-mingw32/bin/../lib/gcc/nios2-elf/4.1.2/../../../../nios2-elf/lib/mno-hw-mul\libc.a(lib_a-puts.o) (_impure_ptr)
c:/altera/13.0sp1/nios2eds/bin/gnu/h-i686-mingw32/bin/../lib/gcc/nios2-elf/4.1.2/../../../../nios2-elf/lib/mno-hw-mul\libc.a(lib_a-int_errno.o)
                              c:/altera/13.0sp1/nios2eds/bin/gnu/h-i686-mingw32/bin/../lib/gcc/nios2-elf/4.1.2/../../../../nios2-elf/lib/mno-hw-mul\libc.a(lib_a-gettimeofdayr.o) (errno)
c:/altera/13.0sp1/nios2eds/bin/gnu/h-i686-mingw32/bin/../lib/gcc/nios2-elf/4.1.2/../../../../nios2-elf/lib/mno-hw-mul\libc.a(lib_a-mallocr.o)
                              c:/altera/13.0sp1/nios2eds/bin/gnu/h-i686-mingw32/bin/../lib/gcc/nios2-elf/4.1.2/../../../../nios2-elf/lib/mno-hw-mul\libc.a(lib_a-fvwrite.o) (_malloc_r)
c:/altera/13.0sp1/nios2eds/bin/gnu/h-i686-mingw32/bin/../lib/gcc/nios2-elf/4.1.2/../../../../nios2-elf/lib/mno-hw-mul\libc.a(lib_a-memchr.o)
                              c:/altera/13.0sp1/nios2eds/bin/gnu/h-i686-mingw32/bin/../lib/gcc/nios2-elf/4.1.2/../../../../nios2-elf/lib/mno-hw-mul\libc.a(lib_a-fvwrite.o) (memchr)
c:/altera/13.0sp1/nios2eds/bin/gnu/h-i686-mingw32/bin/../lib/gcc/nios2-elf/4.1.2/../../../../nios2-elf/lib/mno-hw-mul\libc.a(lib_a-memcpy.o)
                              c:/altera/13.0sp1/nios2eds/bin/gnu/h-i686-mingw32/bin/../lib/gcc/nios2-elf/4.1.2/../../../../nios2-elf/lib/mno-hw-mul\libc.a(lib_a-fvwrite.o) (memcpy)
c:/altera/13.0sp1/nios2eds/bin/gnu/h-i686-mingw32/bin/../lib/gcc/nios2-elf/4.1.2/../../../../nios2-elf/lib/mno-hw-mul\libc.a(lib_a-memmove.o)
                              c:/altera/13.0sp1/nios2eds/bin/gnu/h-i686-mingw32/bin/../lib/gcc/nios2-elf/4.1.2/../../../../nios2-elf/lib/mno-hw-mul\libc.a(lib_a-fvwrite.o) (memmove)
c:/altera/13.0sp1/nios2eds/bin/gnu/h-i686-mingw32/bin/../lib/gcc/nios2-elf/4.1.2/../../../../nios2-elf/lib/mno-hw-mul\libc.a(lib_a-reallocr.o)
                              c:/altera/13.0sp1/nios2eds/bin/gnu/h-i686-mingw32/bin/../lib/gcc/nios2-elf/4.1.2/../../../../nios2-elf/lib/mno-hw-mul\libc.a(lib_a-fvwrite.o) (_realloc_r)
c:/altera/13.0sp1/nios2eds/bin/gnu/h-i686-mingw32/bin/../lib/gcc/nios2-elf/4.1.2/../../../../nios2-elf/lib/mno-hw-mul\libc.a(lib_a-sbrkr.o)
                              c:/altera/13.0sp1/nios2eds/bin/gnu/h-i686-mingw32/bin/../lib/gcc/nios2-elf/4.1.2/../../../../nios2-elf/lib/mno-hw-mul\libc.a(lib_a-mallocr.o) (_sbrk_r)
c:/altera/13.0sp1/nios2eds/bin/gnu/h-i686-mingw32/bin/../lib/gcc/nios2-elf/4.1.2/../../../../nios2-elf/lib/mno-hw-mul\libc.a(lib_a-wsetup.o)
                              c:/altera/13.0sp1/nios2eds/bin/gnu/h-i686-mingw32/bin/../lib/gcc/nios2-elf/4.1.2/../../../../nios2-elf/lib/mno-hw-mul\libc.a(lib_a-fvwrite.o) (__swsetup_r)
c:/altera/13.0sp1/nios2eds/bin/gnu/h-i686-mingw32/bin/../lib/gcc/nios2-elf/4.1.2/../../../../nios2-elf/lib/mno-hw-mul\libc.a(lib_a-fflush.o)
[...]
Memory Configuration

Name             Origin             Length             Attributes
onchip_memory2_0 0x00000000         0x00001000
reset            0x01000000         0x00000020
sdram            0x01000020         0x007fffe0
*default*        0x00000000         0xffffffff

Linker script and memory map

LOAD ../exercise_5_bsp//obj/HAL/src/crt0.o
LOAD obj/default/hello_world.o
LOAD c:/altera/13.0sp1/nios2eds/bin/gnu/h-i686-mingw32/bin/../lib/gcc/nios2-elf/4.1.2/../../../../nios2-elf/lib/mno-hw-mul\libstdc++.a
LOAD c:/altera/13.0sp1/nios2eds/bin/gnu/h-i686-mingw32/bin/../lib/gcc/nios2-elf/4.1.2/../../../../nios2-elf/lib/mno-hw-mul\libm.a
LOAD c:/altera/13.0sp1/nios2eds/bin/gnu/h-i686-mingw32/bin/../lib/gcc/nios2-elf/4.1.2/mno-hw-mul\libgcc.a
START GROUP
LOAD c:/altera/13.0sp1/nios2eds/bin/gnu/h-i686-mingw32/bin/../lib/gcc/nios2-elf/4.1.2/../../../../nios2-elf/lib/mno-hw-mul\libc.a
LOAD c:/altera/13.0sp1/nios2eds/bin/gnu/h-i686-mingw32/bin/../lib/gcc/nios2-elf/4.1.2/mno-hw-mul\libgcc.a
LOAD ../exercise_5_bsp/\libhal_bsp.a
END GROUP
LOAD c:/altera/13.0sp1/nios2eds/bin/gnu/h-i686-mingw32/bin/../lib/gcc/nios2-elf/4.1.2/mno-hw-mul\libgcc.a
                0x00000000                __alt_mem_onchip_memory2_0 = 0x0
                0x01000000                __alt_mem_sdram = 0x1000000

.entry          0x01000000       0x20
 *(.entry)
 .entry         0x01000000       0x20 ../exercise_5_bsp//obj/HAL/src/crt0.o
                0x01000000                __reset

.exceptions     0x01000020      0x194
                0x01000020                PROVIDE (__ram_exceptions_start, ABSOLUTE (.))
                0x01000020                . = ALIGN (0x20)
 *(.irq)
 *(.exceptions.entry.label)
 .exceptions.entry.label
                0x01000020        0x0 ../exercise_5_bsp/\libhal_bsp.a(alt_irq_entry.o)
                0x01000020                alt_irq_entry
 .exceptions.entry.label
                0x01000020        0x0 ../exercise_5_bsp/\libhal_bsp.a(alt_exception_entry.o)
                0x01000020                alt_exception
 *(.exceptions.entry.user)
 *(.exceptions.entry)
 .exceptions.entry
                0x01000020       0x54 ../exercise_5_bsp/\libhal_bsp.a(alt_exception_entry.o)
 *(.exceptions.irqtest.user)
 *(.exceptions.irqtest)
 .exceptions.irqtest
                0x01000074       0x10 ../exercise_5_bsp/\libhal_bsp.a(alt_irq_entry.o)
 *(.exceptions.irqhandler.user)
 *(.exceptions.irqhandler)
 .exceptions.irqhandler
                0x01000084        0x4 ../exercise_5_bsp/\libhal_bsp.a(alt_irq_entry.o)
 *(.exceptions.irqreturn.user)
 *(.exceptions.irqreturn)
 .exceptions.irqreturn
                0x01000088        0x4 ../exercise_5_bsp/\libhal_bsp.a(alt_irq_entry.o)
 *(.exceptions.notirq.label)
 .exceptions.notirq.label
                0x0100008c        0x0 ../exercise_5_bsp/\libhal_bsp.a(alt_irq_entry.o)
 *(.exceptions.notirq.user)
 *(.exceptions.notirq)
 .exceptions.notirq
                0x0100008c        0x8 ../exercise_5_bsp/\libhal_bsp.a(alt_exception_entry.o)
 *(.exceptions.soft.user)
 *(.exceptions.soft)
 *(.exceptions.unknown.user)
 *(.exceptions.unknown)
 .exceptions.unknown
                0x01000094        0x4 ../exercise_5_bsp/\libhal_bsp.a(alt_exception_entry.o)
 *(.exceptions.exit.label)
 .exceptions.exit.label
                0x01000098        0x0 ../exercise_5_bsp/\libhal_bsp.a(alt_irq_entry.o)
 .exceptions.exit.label
                0x01000098        0x0 ../exercise_5_bsp/\libhal_bsp.a(alt_exception_entry.o)
 *(.exceptions.exit.user)
 *(.exceptions.exit)
 .exceptions.exit
                0x01000098       0x54 ../exercise_5_bsp/\libhal_bsp.a(alt_exception_entry.o)
 *(.exceptions)
 .exceptions    0x010000ec       0xc8 ../exercise_5_bsp/\libhal_bsp.a(alt_irq_handler.o)
                0x010000ec                alt_irq_handler
                0x010001b4                PROVIDE (__ram_exceptions_end, ABSOLUTE (.))
                0x01000020                PROVIDE (__flash_exceptions_start, LOADADDR (.exceptions))

.text           0x010001b4     0x8314
                0x010001b4                PROVIDE (stext, ABSOLUTE (.))
 *(.interp)
 *(.hash)
 *(.dynsym)
 *(.dynstr)
 *(.gnu.version)
 *(.gnu.version_d)
 *(.gnu.version_r)
 *(.rel.init)
 *(.rela.init)
 *(.rel.text .rel.text.* .rel.gnu.linkonce.t.*)
 *(.rela.text .rela.text.* .rela.gnu.linkonce.t.*)
 *(.rel.fini)
 *(.rela.fini)
 *(.rel.rodata .rel.rodata.* .rel.gnu.linkonce.r.*)
 *(.rela.rodata .rela.rodata.* .rela.gnu.linkonce.r.*)
 *(.rel.data .rel.data.* .rel.gnu.linkonce.d.*)
 *(.rela.data .rela.data.* .rela.gnu.linkonce.d.*)
 *(.rel.tdata .rel.tdata.* .rel.gnu.linkonce.td.*)
 *(.rela.tdata .rela.tdata.* .rela.gnu.linkonce.td.*)
 *(.rel.tbss .rel.tbss.* .rel.gnu.linkonce.tb.*)
 *(.rela.tbss .rela.tbss.* .rela.gnu.linkonce.tb.*)
 *(.rel.ctors)
 *(.rela.ctors)
 *(.rel.dtors)
 *(.rela.dtors)
 *(.rel.got)
 *(.rela.got)
 *(.rel.sdata .rel.sdata.* .rel.gnu.linkonce.s.*)
 *(.rela.sdata .rela.sdata.* .rela.gnu.linkonce.s.*)
 *(.rel.sbss .rel.sbss.* .rel.gnu.linkonce.sb.*)
 *(.rela.sbss .rela.sbss.* .rela.gnu.linkonce.sb.*)
 *(.rel.sdata2 .rel.sdata2.* .rel.gnu.linkonce.s2.*)
 *(.rela.sdata2 .rela.sdata2.* .rela.gnu.linkonce.s2.*)
 *(.rel.sbss2 .rel.sbss2.* .rel.gnu.linkonce.sb2.*)
 *(.rela.sbss2 .rela.sbss2.* .rela.gnu.linkonce.sb2.*)
 *(.rel.bss .rel.bss.* .rel.gnu.linkonce.b.*)
 *(.rela.bss .rela.bss.* .rela.gnu.linkonce.b.*)
 *(.rel.plt)
 *(.rela.plt)
 *(.rel.dyn)
 *(.init)
 *(.plt)
 *(.text .stub .text.* .gnu.linkonce.t.*)
 .text          0x010001b4       0x3c ../exercise_5_bsp//obj/HAL/src/crt0.o
                0x010001b4                _start
 .text          0x010001f0      0x174 obj/default/hello_world.o
                0x010001f0                main
 .text          0x01000364      0x14c c:/altera/13.0sp1/nios2eds/bin/gnu/h-i686-mingw32/bin/../lib/gcc/nios2-elf/4.1.2/mno-hw-mul\libgcc.a(lib2-divmod.o)
                0x010003e0                __divsi3
                0x01000440                __modsi3
                0x010004a0                __udivsi3
                0x010004a8                __umodsi3
 .text          0x010004b0       0xb4 c:/altera/13.0sp1/nios2eds/bin/gnu/h-i686-mingw32/bin/../lib/gcc/nios2-elf/4.1.2/../../../../nios2-elf/lib/mno-hw-mul\libc.a(lib_a-puts.o)
                0x010004b0                _puts_r
                0x01000550                puts
 .text          0x01000564       0x94 c:/altera/13.0sp1/nios2eds/bin/gnu/h-i686-mingw32/bin/../lib/gcc/nios2-elf/4.1.2/../../../../nios2-elf/lib/mno-hw-mul\libc.a(lib_a-rand.o)
                0x01000564                srand
                0x01000580                rand
 .text          0x010005f8       0x74 c:/altera/13.0sp1/nios2eds/bin/gnu/h-i686-mingw32/bin/../lib/gcc/nios2-elf/4.1.2/../../../../nios2-elf/lib/mno-hw-mul\libc.a(lib_a-strlen.o)
                0x010005f8                strlen
 .text          0x0100066c       0x5c c:/altera/13.0sp1/nios2eds/bin/gnu/h-i686-mingw32/bin/../lib/gcc/nios2-elf/4.1.2/../../../../nios2-elf/lib/mno-hw-mul\libc.a(lib_a-time.o)
                0x0100066c                time
 .text          0x010006c8      0x49c c:/altera/13.0sp1/nios2eds/bin/gnu/h-i686-mingw32/bin/../lib/gcc/nios2-elf/4.1.2/../../../../nios2-elf/lib/mno-hw-mul\libc.a(lib_a-fvwrite.o)
                0x010006c8                __sfvwrite_r
 .text          0x01000b64       0x74 c:/altera/13.0sp1/nios2eds/bin/gnu/h-i686-mingw32/bin/../lib/gcc/nios2-elf/4.1.2/../../../../nios2-elf/lib/mno-hw-mul\libc.a(lib_a-gettimeofdayr.o)
                0x01000b64                _gettimeofday_r
 .text          0x01000bd8        0x0 c:/altera/13.0sp1/nios2eds/bin/gnu/h-i686-mingw32/bin/../lib/gcc/nios2-elf/4.1.2/../../../../nios2-elf/lib/mno-hw-mul\libc.a(lib_a-impure.o)
 .text          0x01000bd8        0x0 c:/altera/13.0sp1/nios2eds/bin/gnu/h-i686-mingw32/bin/../lib/gcc/nios2-elf/4.1.2/../../../../nios2-elf/lib/mno-hw-mul\libc.a(lib_a-int_errno.o)
 .text          0x01000bd8      0x740 c:/altera/13.0sp1/nios2eds/bin/gnu/h-i686-mingw32/bin/../lib/gcc/nios2-elf/4.1.2/../../../../nios2-elf/lib/mno-hw-mul\libc.a(lib_a-mallocr.o)
                0x01000bd8                _malloc_r
 .text          0x01001318       0xe4 c:/altera/13.0sp1/nios2eds/bin/gnu/h-i686-mingw32/bin/../lib/gcc/nios2-elf/4.1.2/../../../../nios2-elf/lib/mno-hw-mul\libc.a(lib_a-memchr.o)
                0x01001318                memchr
 .text          0x010013fc       0xa0 c:/altera/13.0sp1/nios2eds/bin/gnu/h-i686-mingw32/bin/../lib/gcc/nios2-elf/4.1.2/../../../../nios2-elf/lib/mno-hw-mul\libc.a(lib_a-memcpy.o)
                0x010013fc                memcpy
 .text          0x0100149c       0xe0 c:/altera/13.0sp1/nios2eds/bin/gnu/h-i686-mingw32/bin/../lib/gcc/nios2-elf/4.1.2/../../../../nios2-elf/lib/mno-hw-mul\libc.a(lib_a-memmove.o)
                0x0100149c                memmove
 .text          0x0100157c      0x5f4 c:/altera/13.0sp1/nios2eds/bin/gnu/h-i686-mingw32/bin/../lib/gcc/nios2-elf/4.1.2/../../../../nios2-elf/lib/mno-hw-mul\libc.a(lib_a-reallocr.o)
                0x0100157c                _realloc_r
 .text          0x01001b70       0x70 c:/altera/13.0sp1/nios2eds/bin/gnu/h-i686-mingw32/bin/../lib/gcc/nios2-elf/4.1.2/../../../../nios2-elf/lib/mno-hw-mul\libc.a(lib_a-sbrkr.o)
                0x01001b70                _sbrk_r
 .text          0x01001be0      0x13c c:/altera/13.0sp1/nios2eds/bin/gnu/h-i686-mingw32/bin/../lib/gcc/nios2-elf/4.1.2/../../../../nios2-elf/lib/mno-hw-mul\libc.a(lib_a-wsetup.o)
                0x01001be0                __swsetup_r
 .text          0x01001d1c      0x230 c:/altera/13.0sp1/nios2eds/bin/gnu/h-i686-mingw32/bin/../lib/gcc/nios2-elf/4.1.2/../../../../nios2-elf/lib/mno-hw-mul\libc.a(lib_a-fflush.o)
                0x01001d1c                _fflush_r
                0x01001f18                fflush
 .text          0x01001f4c      0x2f4 c:/altera/13.0sp1/nios2eds/bin/gnu/h-i686-mingw32/bin/../lib/gcc/nios2-elf/4.1.2/../../../../nios2-elf/lib/mno-hw-mul\libc.a(lib_a-findfp.o)
                0x01001fa4                __sfp_lock_acquire
                0x01001fa8                __sfp_lock_release
                0x01001fac                __sinit_lock_acquire
                0x01001fb0                __sinit_lock_release
                0x01001fb4                __sinit
                0x01002068                __fp_unlock_all
                0x01002080                __fp_lock_all
                0x01002098                _cleanup_r
                0x010020a4                _cleanup
                0x010020b4                __sfmoreglue
                0x01002150                __sfp
 .text          0x01002240      0x440 c:/altera/13.0sp1/nios2eds/bin/gnu/h-i686-mingw32/bin/../lib/gcc/nios2-elf/4.1.2/../../../../nios2-elf/lib/mno-hw-mul\libc.a(lib_a-freer.o)
                0x01002240                _malloc_trim_r
                0x0100236c                _free_r
 .text          0x01002680      0x180 c:/altera/13.0sp1/nios2eds/bin/gnu/h-i686-mingw32/bin/../lib/gcc/nios2-elf/4.1.2/../../../../nios2-elf/lib/mno-hw-mul\libc.a(lib_a-fwalk.o)
                0x01002680                _fwalk_reent
                0x01002748                _fwalk
 .text          0x01002800      0x194 c:/altera/13.0sp1/nios2eds/bin/gnu/h-i686-mingw32/bin/../lib/gcc/nios2-elf/4.1.2/../../../../nios2-elf/lib/mno-hw-mul\libc.a(lib_a-makebuf.o)
                0x01002800                __smakebuf_r
 .text          0x01002994       0x98 c:/altera/13.0sp1/nios2eds/bin/gnu/h-i686-mingw32/bin/../lib/gcc/nios2-elf/4.1.2/../../../../nios2-elf/lib/mno-hw-mul\libc.a(lib_a-memset.o)
                0x01002994                memset
 .text          0x01002a2c      0x14c c:/altera/13.0sp1/nios2eds/bin/gnu/h-i686-mingw32/bin/../lib/gcc/nios2-elf/4.1.2/../../../../nios2-elf/lib/mno-hw-mul\libc.a(lib_a-stdio.o)
                0x01002a2c                __sclose
                0x01002a34                __sseek
                0x01002a9c                __swrite
                0x01002b18                __sread
 .text          0x01002b78       0x78 c:/altera/13.0sp1/nios2eds/bin/gnu/h-i686-mingw32/bin/../lib/gcc/nios2-elf/4.1.2/../../../../nios2-elf/lib/mno-hw-mul\libc.a(lib_a-writer.o)
                0x01002b78                _write_r
 .text          0x01002bf0       0x70 c:/altera/13.0sp1/nios2eds/bin/gnu/h-i686-mingw32/bin/../lib/gcc/nios2-elf/4.1.2/../../../../nios2-elf/lib/mno-hw-mul\libc.a(lib_a-closer.o)
                0x01002bf0                _close_r
 .text          0x01002c60      0x124 c:/altera/13.0sp1/nios2eds/bin/gnu/h-i686-mingw32/bin/../lib/gcc/nios2-elf/4.1.2/../../../../nios2-elf/lib/mno-hw-mul\libc.a(lib_a-fclose.o)
                0x01002c60                _fclose_r
                0x01002d70                fclose
 .text          0x01002d84       0x74 c:/altera/13.0sp1/nios2eds/bin/gnu/h-i686-mingw32/bin/../lib/gcc/nios2-elf/4.1.2/../../../../nios2-elf/lib/mno-hw-mul\libc.a(lib_a-fstatr.o)
                0x01002d84                _fstat_r
 .text          0x01002df8       0x70 c:/altera/13.0sp1/nios2eds/bin/gnu/h-i686-mingw32/bin/../lib/gcc/nios2-elf/4.1.2/../../../../nios2-elf/lib/mno-hw-mul\libc.a(lib_a-isattyr.o)
                0x01002df8                _isatty_r
 .text          0x01002e68       0x78 c:/altera/13.0sp1/nios2eds/bin/gnu/h-i686-mingw32/bin/../lib/gcc/nios2-elf/4.1.2/../../../../nios2-elf/lib/mno-hw-mul\libc.a(lib_a-lseekr.o)
                0x01002e68                _lseek_r
 .text          0x01002ee0       0x78 c:/altera/13.0sp1/nios2eds/bin/gnu/h-i686-mingw32/bin/../lib/gcc/nios2-elf/4.1.2/../../../../nios2-elf/lib/mno-hw-mul\libc.a(lib_a-readr.o)
                0x01002ee0                _read_r
 .text          0x01002f58      0x124 c:/altera/13.0sp1/nios2eds/bin/gnu/h-i686-mingw32/bin/../lib/gcc/nios2-elf/4.1.2/mno-hw-mul\libgcc.a(_muldi3.o)
                0x01002f58                __muldi3
 .text          0x0100307c       0x38 c:/altera/13.0sp1/nios2eds/bin/gnu/h-i686-mingw32/bin/../lib/gcc/nios2-elf/4.1.2/mno-hw-mul\libgcc.a(lib2-mul.o)
                0x0100307c                __mulsi3
 .text          0x010030b4      0x160 ../exercise_5_bsp/\libhal_bsp.a(alt_close.o)
                0x010030b4                close
 .text          0x01003214       0x2c ../exercise_5_bsp/\libhal_bsp.a(alt_dev.o)
 .text          0x01003240        0x0 ../exercise_5_bsp/\libhal_bsp.a(alt_errno.o)
 .text          0x01003240      0x138 ../exercise_5_bsp/\libhal_bsp.a(alt_fstat.o)
                0x01003240                fstat
 .text          0x01003378      0x21c ../exercise_5_bsp/\libhal_bsp.a(alt_gettod.o)
                0x01003378                gettimeofday
 .text          0x01003594      0x124 ../exercise_5_bsp/\libhal_bsp.a(alt_isatty.o)
                0x01003594                isatty
 .text          0x010036b8       0xec ../exercise_5_bsp/\libhal_bsp.a(alt_load.o)
                0x010036b8                alt_load
 .text          0x010037a4      0x154 ../exercise_5_bsp/\libhal_bsp.a(alt_lseek.o)
                0x010037a4                lseek
 .text          0x010038f8       0x6c ../exercise_5_bsp/\libhal_bsp.a(alt_main.o)
                0x010038f8                alt_main
 .text          0x01003964       0x40 ../exercise_5_bsp/\libhal_bsp.a(alt_malloc_lock.o)
                0x01003964                __malloc_lock
                0x01003984                __malloc_unlock
 .text          0x010039a4      0x184 ../exercise_5_bsp/\libhal_bsp.a(alt_read.o)
                0x010039a4                read
 .text          0x01003b28       0x78 ../exercise_5_bsp/\libhal_bsp.a(alt_release_fd.o)
                0x01003b28                alt_release_fd
 .text          0x01003ba0       0xbc ../exercise_5_bsp/\libhal_bsp.a(alt_sbrk.o)
                0x01003ba0                sbrk
 .text          0x01003c5c      0x1a4 ../exercise_5_bsp/\libhal_bsp.a(alt_tick.o)
                0x01003c5c                alt_alarm_stop
                0x01003cf4                alt_tick
 .text          0x01003e00      0x184 ../exercise_5_bsp/\libhal_bsp.a(alt_write.o)
                0x01003e00                write
 .text          0x01003f84      0x390 ../exercise_5_bsp/\libhal_bsp.a(alt_sys_init.o)
                0x01003f84                alt_irq_init
                0x01003fb8                alt_sys_init
 .text          0x01004314      0x148 ../exercise_5_bsp/\libhal_bsp.a(altera_avalon_jtag_uart_fd.o)
                0x01004314                altera_avalon_jtag_uart_read_fd
                0x0100436c                altera_avalon_jtag_uart_write_fd
                0x010043c4                altera_avalon_jtag_uart_close_fd
                0x0100440c                altera_avalon_jtag_uart_ioctl_fd
 .text          0x0100445c      0x40c ../exercise_5_bsp/\libhal_bsp.a(altera_avalon_jtag_uart_init.o)
                0x0100445c                altera_avalon_jtag_uart_init
                0x010047f4                altera_avalon_jtag_uart_close
 .text          0x01004868       0xf4 ../exercise_5_bsp/\libhal_bsp.a(altera_avalon_jtag_uart_ioctl.o)
                0x01004868                altera_avalon_jtag_uart_ioctl
 .text          0x0100495c      0x224 ../exercise_5_bsp/\libhal_bsp.a(altera_avalon_jtag_uart_read.o)
                0x0100495c                altera_avalon_jtag_uart_read
 .text          0x01004b80      0x240 ../exercise_5_bsp/\libhal_bsp.a(altera_avalon_jtag_uart_write.o)
                0x01004b80                altera_avalon_jtag_uart_write
 .text          0x01004dc0      0x100 ../exercise_5_bsp/\libhal_bsp.a(altera_avalon_timer_sc.o)
                0x01004e30                alt_avalon_timer_sc_init
 .text          0x01004ec0      0x530 ../exercise_5_bsp/\libhal_bsp.a(altera_up_avalon_character_lcd.o)
                0x01004ec0                get_DDRAM_addr
                0x01004f3c                alt_up_character_lcd_send_cmd
                0x01004f70                alt_up_character_lcd_init
                0x01004fa4                alt_up_character_lcd_open_dev
                0x01004fe4                alt_up_character_lcd_write
                0x0100505c                alt_up_character_lcd_string
                0x010050d4                alt_up_character_lcd_write_fd
                0x01005120                alt_up_character_lcd_set_cursor_pos
                0x01005198                alt_up_character_lcd_shift_cursor
                0x01005248                alt_up_character_lcd_shift_display
                0x010052f8                alt_up_character_lcd_erase_pos
                0x01005388                alt_up_character_lcd_cursor_off
                0x010053bc                alt_up_character_lcd_cursor_blink_on
 .text          0x010053f0      0x304 ../exercise_5_bsp/\libhal_bsp.a(altera_up_avalon_video_character_buffer_with_dma.o)
                0x010053f0                alt_up_char_buffer_init
                0x01005474                alt_up_char_buffer_open_dev
                0x010054b4                alt_up_char_buffer_draw
                0x01005584                alt_up_char_buffer_string
                0x01005698                alt_up_char_buffer_clear
 .text          0x010056f4     0x15a0 ../exercise_5_bsp/\libhal_bsp.a(altera_up_avalon_video_pixel_buffer_dma.o)
                0x010056f4                alt_up_pixel_buffer_dma_open_dev
                0x01005734                alt_up_pixel_buffer_dma_draw
                0x010058e0                alt_up_pixel_buffer_dma_change_back_buffer_address
                0x01005938                alt_up_pixel_buffer_dma_swap_buffers
                0x01005990                alt_up_pixel_buffer_dma_check_swap_buffers_status
                0x010059c4                alt_up_pixel_buffer_dma_clear_screen
                0x01005b30                alt_up_pixel_buffer_dma_draw_box
                0x0100602c                alt_up_pixel_buffer_dma_draw_hline
                0x01006384                alt_up_pixel_buffer_dma_draw_vline
                0x0100675c                alt_up_pixel_buffer_dma_draw_rectangle
                0x01006820                helper_plot_pixel
                0x010068f8                alt_up_pixel_buffer_dma_draw_line
 .text          0x01006c94      0x154 ../exercise_5_bsp/\libhal_bsp.a(alt_alarm_start.o)
                0x01006c94                alt_alarm_start
 .text          0x01006de8       0x1c ../exercise_5_bsp/\libhal_bsp.a(alt_dcache_flush_all.o)
                0x01006de8                alt_dcache_flush_all
 .text          0x01006e04      0x114 ../exercise_5_bsp/\libhal_bsp.a(alt_dev_llist_insert.o)
                0x01006e04                alt_dev_llist_insert
 .text          0x01006f18       0x64 ../exercise_5_bsp/\libhal_bsp.a(alt_do_ctors.o)
                0x01006f18                _do_ctors
 .text          0x01006f7c       0x64 ../exercise_5_bsp/\libhal_bsp.a(alt_do_dtors.o)
                0x01006f7c                _do_dtors
 .text          0x01006fe0       0x94 ../exercise_5_bsp/\libhal_bsp.a(alt_find_dev.o)
                0x01006fe0                alt_find_dev
 .text          0x01007074       0x1c ../exercise_5_bsp/\libhal_bsp.a(alt_icache_flush_all.o)
                0x01007074                alt_icache_flush_all
 .text          0x01007090      0x1d4 ../exercise_5_bsp/\libhal_bsp.a(alt_iic.o)
                0x01007090                alt_ic_isr_register
                0x010070e0                alt_ic_irq_enable
                0x0100717c                alt_ic_irq_disable
                0x0100721c                alt_ic_irq_enabled
 .text          0x01007264       0xf8 ../exercise_5_bsp/\libhal_bsp.a(alt_iic_isr_register.o)
                0x01007264                alt_iic_isr_register
 .text          0x0100735c      0x150 ../exercise_5_bsp/\libhal_bsp.a(alt_io_redirect.o)
                0x01007434                alt_io_redirect
 .text          0x010074ac        0x0 ../exercise_5_bsp/\libhal_bsp.a(alt_irq_entry.o)
 .text          0x010074ac        0x0 ../exercise_5_bsp/\libhal_bsp.a(alt_irq_handler.o)
 .text          0x010074ac        0x0 ../exercise_5_bsp/\libhal_bsp.a(alt_irq_vars.o)
 .text          0x010074ac      0x2e4 ../exercise_5_bsp/\libhal_bsp.a(alt_open.o)
                0x010075a4                open
 .text          0x01007790       0x20 ../exercise_5_bsp/\libhal_bsp.a(altera_nios2_qsys_irq.o)
                0x01007790                altera_nios2_qsys_irq_init
 .text          0x010077b0        0x0 ../exercise_5_bsp/\libhal_bsp.a(alt_exception_entry.o)
 .text          0x010077b0      0x120 ../exercise_5_bsp/\libhal_bsp.a(alt_find_file.o)
                0x010077b0                alt_find_file
 .text          0x010078d0       0xd0 ../exercise_5_bsp/\libhal_bsp.a(alt_get_fd.o)
                0x010078d0                alt_get_fd
 .text          0x010079a0       0x14 c:/altera/13.0sp1/nios2eds/bin/gnu/h-i686-mingw32/bin/../lib/gcc/nios2-elf/4.1.2/../../../../nios2-elf/lib/mno-hw-mul\libc.a(lib_a-atexit.o)
                0x010079a0                atexit
 .text          0x010079b4       0x38 c:/altera/13.0sp1/nios2eds/bin/gnu/h-i686-mingw32/bin/../lib/gcc/nios2-elf/4.1.2/../../../../nios2-elf/lib/mno-hw-mul\libc.a(lib_a-exit.o)
                0x010079b4                exit
 .text          0x010079ec       0x74 c:/altera/13.0sp1/nios2eds/bin/gnu/h-i686-mingw32/bin/../lib/gcc/nios2-elf/4.1.2/../../../../nios2-elf/lib/mno-hw-mul\libc.a(lib_a-memcmp.o)
                0x010079ec                memcmp
 .text          0x01007a60       0xbc c:/altera/13.0sp1/nios2eds/bin/gnu/h-i686-mingw32/bin/../lib/gcc/nios2-elf/4.1.2/../../../../nios2-elf/lib/mno-hw-mul\libc.a(lib_a-strcmp.o)
                0x01007a60                strcmp
 .text          0x01007b1c      0x134 c:/altera/13.0sp1/nios2eds/bin/gnu/h-i686-mingw32/bin/../lib/gcc/nios2-elf/4.1.2/../../../../nios2-elf/lib/mno-hw-mul\libc.a(lib_a-__atexit.o)
                0x01007b1c                __register_exitproc
 .text          0x01007c50      0x1b4 c:/altera/13.0sp1/nios2eds/bin/gnu/h-i686-mingw32/bin/../lib/gcc/nios2-elf/4.1.2/../../../../nios2-elf/lib/mno-hw-mul\libc.a(lib_a-__call_atexit.o)
                0x01007c54                __call_exitprocs
 .text          0x01007e04      0x660 c:/altera/13.0sp1/nios2eds/bin/gnu/h-i686-mingw32/bin/../lib/gcc/nios2-elf/4.1.2/mno-hw-mul\libgcc.a(_umoddi3.o)
                0x01007e04                __umoddi3
 .text          0x01008464        0x0 c:/altera/13.0sp1/nios2eds/bin/gnu/h-i686-mingw32/bin/../lib/gcc/nios2-elf/4.1.2/mno-hw-mul\libgcc.a(_clz.o)
 .text          0x01008464       0x60 ../exercise_5_bsp/\libhal_bsp.a(alt_exit.o)
                0x010084a4                _exit
 *(.gnu.warning.*)
 *(.fini)
                0x010084c4                PROVIDE (__etext, ABSOLUTE (.))
                0x010084c4                PROVIDE (_etext, ABSOLUTE (.))
                0x010084c4                PROVIDE (etext, ABSOLUTE (.))
 *(.eh_frame_hdr)
                0x010084c4                . = ALIGN (0x4)
                0x010084c4                PROVIDE (__preinit_array_start, ABSOLUTE (.))
 *(.preinit_array)
                0x010084c4                PROVIDE (__preinit_array_end, ABSOLUTE (.))
                0x010084c4                PROVIDE (__init_array_start, ABSOLUTE (.))
 *(.init_array)
                0x010084c4                PROVIDE (__init_array_end, ABSOLUTE (.))
                0x010084c4                PROVIDE (__fini_array_start, ABSOLUTE (.))
 *(.fini_array)
                0x010084c4                PROVIDE (__fini_array_end, ABSOLUTE (.))
 *(.eh_frame)
 *(.gcc_except_table)
 *(.dynamic)
                0x010084c4                PROVIDE (__CTOR_LIST__, ABSOLUTE (.))
 *(.ctors)
 *(SORT(.ctors.*))
 .ctors.65535   0x010084c4        0x4 c:/altera/13.0sp1/nios2eds/bin/gnu/h-i686-mingw32/bin/../lib/gcc/nios2-elf/4.1.2/../../../../nios2-elf/lib/mno-hw-mul\libc.a(lib_a-__call_atexit.o)
                0x010084c8                PROVIDE (__CTOR_END__, ABSOLUTE (.))
                0x010084c8                PROVIDE (__DTOR_LIST__, ABSOLUTE (.))
 *(.dtors)
 *(SORT(.dtors.*))
                0x010084c8                PROVIDE (__DTOR_END__, ABSOLUTE (.))
 *(.jcr)
                0x010084c8                . = ALIGN (0x4)

.rodata         0x010084c8      0x220
                0x010084c8                PROVIDE (__ram_rodata_start, ABSOLUTE (.))
                0x010084c8                . = ALIGN (0x4)
 *(.rodata .rodata.* .gnu.linkonce.r.*)
 .rodata        0x010084c8       0x6c obj/default/hello_world.o
 .rodata.str1.4
                0x01008534        0x2 c:/altera/13.0sp1/nios2eds/bin/gnu/h-i686-mingw32/bin/../lib/gcc/nios2-elf/4.1.2/../../../../nios2-elf/lib/mno-hw-mul\libc.a(lib_a-puts.o)
                                  0x4 (size before relaxing)
 *fill*         0x01008536        0x2 00
 .rodata.str1.4
                0x01008538        0x4 c:/altera/13.0sp1/nios2eds/bin/gnu/h-i686-mingw32/bin/../lib/gcc/nios2-elf/4.1.2/../../../../nios2-elf/lib/mno-hw-mul\libc.a(lib_a-impure.o)
 .rodata        0x0100853c        0xc ../exercise_5_bsp/\libhal_bsp.a(alt_dev.o)
 .rodata        0x01008548       0x14 ../exercise_5_bsp/\libhal_bsp.a(alt_main.o)
 .rodata        0x0100855c       0x70 ../exercise_5_bsp/\libhal_bsp.a(alt_sys_init.o)
 .rodata        0x010085cc       0x1c ../exercise_5_bsp/\libhal_bsp.a(altera_up_avalon_video_character_buffer_with_dma.o)
 .rodata        0x010085e8      0x100 c:/altera/13.0sp1/nios2eds/bin/gnu/h-i686-mingw32/bin/../lib/gcc/nios2-elf/4.1.2/mno-hw-mul\libgcc.a(_clz.o)
                0x010085e8                __clz_tab
 *(.rodata1)
                0x010086e8                . = ALIGN (0x4)
                0x010086e8                PROVIDE (__ram_rodata_end, ABSOLUTE (.))
                0x010084c8                PROVIDE (__flash_rodata_start, LOADADDR (.rodata))

.rwdata         0x010086e8     0x1b10 load address 0x0100a1f8
                0x010086e8                PROVIDE (__ram_rwdata_start, ABSOLUTE (.))
                0x010086e8                . = ALIGN (0x4)
 *(.got.plt)
 *(.got)
 *(.data1)
 *(.data .data.* .gnu.linkonce.d.*)
 .data          0x010086e8        0x0 ../exercise_5_bsp//obj/HAL/src/crt0.o
 .data          0x010086e8        0x0 obj/default/hello_world.o
 .data          0x010086e8        0x0 c:/altera/13.0sp1/nios2eds/bin/gnu/h-i686-mingw32/bin/../lib/gcc/nios2-elf/4.1.2/mno-hw-mul\libgcc.a(lib2-divmod.o)
 .data          0x010086e8        0x0 c:/altera/13.0sp1/nios2eds/bin/gnu/h-i686-mingw32/bin/../lib/gcc/nios2-elf/4.1.2/../../../../nios2-elf/lib/mno-hw-mul\libc.a(lib_a-puts.o)
 .data          0x010086e8        0x0 c:/altera/13.0sp1/nios2eds/bin/gnu/h-i686-mingw32/bin/../lib/gcc/nios2-elf/4.1.2/../../../../nios2-elf/lib/mno-hw-mul\libc.a(lib_a-rand.o)
 .data          0x010086e8        0x0 c:/altera/13.0sp1/nios2eds/bin/gnu/h-i686-mingw32/bin/../lib/gcc/nios2-elf/4.1.2/../../../../nios2-elf/lib/mno-hw-mul\libc.a(lib_a-strlen.o)
 .data          0x010086e8        0x0 c:/altera/13.0sp1/nios2eds/bin/gnu/h-i686-mingw32/bin/../lib/gcc/nios2-elf/4.1.2/../../../../nios2-elf/lib/mno-hw-mul\libc.a(lib_a-time.o)
 .data          0x010086e8        0x0 c:/altera/13.0sp1/nios2eds/bin/gnu/h-i686-mingw32/bin/../lib/gcc/nios2-elf/4.1.2/../../../../nios2-elf/lib/mno-hw-mul\libc.a(lib_a-fvwrite.o)
 .data          0x010086e8        0x0 c:/altera/13.0sp1/nios2eds/bin/gnu/h-i686-mingw32/bin/../lib/gcc/nios2-elf/4.1.2/../../../../nios2-elf/lib/mno-hw-mul\libc.a(lib_a-gettimeofdayr.o)
 .data          0x010086e8      0x400 c:/altera/13.0sp1/nios2eds/bin/gnu/h-i686-mingw32/bin/../lib/gcc/nios2-elf/4.1.2/../../../../nios2-elf/lib/mno-hw-mul\libc.a(lib_a-impure.o)
 .data          0x01008ae8        0x0 c:/altera/13.0sp1/nios2eds/bin/gnu/h-i686-mingw32/bin/../lib/gcc/nios2-elf/4.1.2/../../../../nios2-elf/lib/mno-hw-mul\libc.a(lib_a-int_errno.o)
 .data          0x01008ae8      0x408 c:/altera/13.0sp1/nios2eds/bin/gnu/h-i686-mingw32/bin/../lib/gcc/nios2-elf/4.1.2/../../../../nios2-elf/lib/mno-hw-mul\libc.a(lib_a-mallocr.o)
                0x01008ae8                __malloc_av_
 .data          0x01008ef0        0x0 c:/altera/13.0sp1/nios2eds/bin/gnu/h-i686-mingw32/bin/../lib/gcc/nios2-elf/4.1.2/../../../../nios2-elf/lib/mno-hw-mul\libc.a(lib_a-memchr.o)
 .data          0x01008ef0        0x0 c:/altera/13.0sp1/nios2eds/bin/gnu/h-i686-mingw32/bin/../lib/gcc/nios2-elf/4.1.2/../../../../nios2-elf/lib/mno-hw-mul\libc.a(lib_a-memcpy.o)
 .data          0x01008ef0        0x0 c:/altera/13.0sp1/nios2eds/bin/gnu/h-i686-mingw32/bin/../lib/gcc/nios2-elf/4.1.2/../../../../nios2-elf/lib/mno-hw-mul\libc.a(lib_a-memmove.o)
 .data          0x01008ef0        0x0 c:/altera/13.0sp1/nios2eds/bin/gnu/h-i686-mingw32/bin/../lib/gcc/nios2-elf/4.1.2/../../../../nios2-elf/lib/mno-hw-mul\libc.a(lib_a-reallocr.o)
 .data          0x01008ef0        0x0 c:/altera/13.0sp1/nios2eds/bin/gnu/h-i686-mingw32/bin/../lib/gcc/nios2-elf/4.1.2/../../../../nios2-elf/lib/mno-hw-mul\libc.a(lib_a-sbrkr.o)
 .data          0x01008ef0        0x0 c:/altera/13.0sp1/nios2eds/bin/gnu/h-i686-mingw32/bin/../lib/gcc/nios2-elf/4.1.2/../../../../nios2-elf/lib/mno-hw-mul\libc.a(lib_a-wsetup.o)
 .data          0x01008ef0        0x0 c:/altera/13.0sp1/nios2eds/bin/gnu/h-i686-mingw32/bin/../lib/gcc/nios2-elf/4.1.2/../../../../nios2-elf/lib/mno-hw-mul\libc.a(lib_a-fflush.o)
 .data          0x01008ef0        0x0 c:/altera/13.0sp1/nios2eds/bin/gnu/h-i686-mingw32/bin/../lib/gcc/nios2-elf/4.1.2/../../../../nios2-elf/lib/mno-hw-mul\libc.a(lib_a-findfp.o)
 .data          0x01008ef0        0x0 c:/altera/13.0sp1/nios2eds/bin/gnu/h-i686-mingw32/bin/../lib/gcc/nios2-elf/4.1.2/../../../../nios2-elf/lib/mno-hw-mul\libc.a(lib_a-freer.o)
 .data          0x01008ef0        0x0 c:/altera/13.0sp1/nios2eds/bin/gnu/h-i686-mingw32/bin/../lib/gcc/nios2-elf/4.1.2/../../../../nios2-elf/lib/mno-hw-mul\libc.a(lib_a-fwalk.o)
 .data          0x01008ef0        0x0 c:/altera/13.0sp1/nios2eds/bin/gnu/h-i686-mingw32/bin/../lib/gcc/nios2-elf/4.1.2/../../../../nios2-elf/lib/mno-hw-mul\libc.a(lib_a-makebuf.o)
 .data          0x01008ef0        0x0 c:/altera/13.0sp1/nios2eds/bin/gnu/h-i686-mingw32/bin/../lib/gcc/nios2-elf/4.1.2/../../../../nios2-elf/lib/mno-hw-mul\libc.a(lib_a-memset.o)
 .data          0x01008ef0        0x0 c:/altera/13.0sp1/nios2eds/bin/gnu/h-i686-mingw32/bin/../lib/gcc/nios2-elf/4.1.2/../../../../nios2-elf/lib/mno-hw-mul\libc.a(lib_a-stdio.o)
 .data          0x01008ef0        0x0 c:/altera/13.0sp1/nios2eds/bin/gnu/h-i686-mingw32/bin/../lib/gcc/nios2-elf/4.1.2/../../../../nios2-elf/lib/mno-hw-mul\libc.a(lib_a-writer.o)
 .data          0x01008ef0        0x0 c:/altera/13.0sp1/nios2eds/bin/gnu/h-i686-mingw32/bin/../lib/gcc/nios2-elf/4.1.2/../../../../nios2-elf/lib/mno-hw-mul\libc.a(lib_a-closer.o)
 .data          0x01008ef0        0x0 c:/altera/13.0sp1/nios2eds/bin/gnu/h-i686-mingw32/bin/../lib/gcc/nios2-elf/4.1.2/../../../../nios2-elf/lib/mno-hw-mul\libc.a(lib_a-fclose.o)
 .data          0x01008ef0        0x0 c:/altera/13.0sp1/nios2eds/bin/gnu/h-i686-mingw32/bin/../lib/gcc/nios2-elf/4.1.2/../../../../nios2-elf/lib/mno-hw-mul\libc.a(lib_a-fstatr.o)
 .data          0x01008ef0        0x0 c:/altera/13.0sp1/nios2eds/bin/gnu/h-i686-mingw32/bin/../lib/gcc/nios2-elf/4.1.2/../../../../nios2-elf/lib/mno-hw-mul\libc.a(lib_a-isattyr.o)
 .data          0x01008ef0        0x0 c:/altera/13.0sp1/nios2eds/bin/gnu/h-i686-mingw32/bin/../lib/gcc/nios2-elf/4.1.2/../../../../nios2-elf/lib/mno-hw-mul\libc.a(lib_a-lseekr.o)
 .data          0x01008ef0        0x0 c:/altera/13.0sp1/nios2eds/bin/gnu/h-i686-mingw32/bin/../lib/gcc/nios2-elf/4.1.2/../../../../nios2-elf/lib/mno-hw-mul\libc.a(lib_a-readr.o)
 .data          0x01008ef0        0x0 c:/altera/13.0sp1/nios2eds/bin/gnu/h-i686-mingw32/bin/../lib/gcc/nios2-elf/4.1.2/mno-hw-mul\libgcc.a(_muldi3.o)
 .data          0x01008ef0        0x0 c:/altera/13.0sp1/nios2eds/bin/gnu/h-i686-mingw32/bin/../lib/gcc/nios2-elf/4.1.2/mno-hw-mul\libgcc.a(lib2-mul.o)
 .data          0x01008ef0        0x0 ../exercise_5_bsp/\libhal_bsp.a(alt_close.o)
 .data          0x01008ef0      0x1a8 ../exercise_5_bsp/\libhal_bsp.a(alt_dev.o)
                0x01008ef0                alt_dev_null
                0x01008f18                alt_fd_list
 .data          0x01009098        0x0 ../exercise_5_bsp/\libhal_bsp.a(alt_errno.o)
 .data          0x01009098        0x0 ../exercise_5_bsp/\libhal_bsp.a(alt_fstat.o)
 .data          0x01009098        0x0 ../exercise_5_bsp/\libhal_bsp.a(alt_gettod.o)
 .data          0x01009098        0x0 ../exercise_5_bsp/\libhal_bsp.a(alt_isatty.o)
 .data          0x01009098        0x0 ../exercise_5_bsp/\libhal_bsp.a(alt_load.o)
 .data          0x01009098        0x0 ../exercise_5_bsp/\libhal_bsp.a(alt_lseek.o)
 .data          0x01009098        0x0 ../exercise_5_bsp/\libhal_bsp.a(alt_main.o)
 .data          0x01009098        0x0 ../exercise_5_bsp/\libhal_bsp.a(alt_malloc_lock.o)
 .data          0x01009098        0x0 ../exercise_5_bsp/\libhal_bsp.a(alt_read.o)
 .data          0x01009098        0x0 ../exercise_5_bsp/\libhal_bsp.a(alt_release_fd.o)
 .data          0x01009098        0x0 ../exercise_5_bsp/\libhal_bsp.a(alt_sbrk.o)
 .data          0x01009098        0x0 ../exercise_5_bsp/\libhal_bsp.a(alt_tick.o)
 .data          0x01009098        0x0 ../exercise_5_bsp/\libhal_bsp.a(alt_write.o)
 .data          0x01009098     0x1128 ../exercise_5_bsp/\libhal_bsp.a(alt_sys_init.o)
 .data          0x0100a1c0        0x0 ../exercise_5_bsp/\libhal_bsp.a(altera_avalon_jtag_uart_fd.o)
 .data          0x0100a1c0        0x0 ../exercise_5_bsp/\libhal_bsp.a(altera_avalon_jtag_uart_init.o)
 .data          0x0100a1c0        0x0 ../exercise_5_bsp/\libhal_bsp.a(altera_avalon_jtag_uart_ioctl.o)
 .data          0x0100a1c0        0x0 ../exercise_5_bsp/\libhal_bsp.a(altera_avalon_jtag_uart_read.o)
 .data          0x0100a1c0        0x0 ../exercise_5_bsp/\libhal_bsp.a(altera_avalon_jtag_uart_write.o)
 .data          0x0100a1c0        0x0 ../exercise_5_bsp/\libhal_bsp.a(altera_avalon_timer_sc.o)
 .data          0x0100a1c0        0x0 ../exercise_5_bsp/\libhal_bsp.a(altera_up_avalon_character_lcd.o)
 .data          0x0100a1c0        0x0 ../exercise_5_bsp/\libhal_bsp.a(altera_up_avalon_video_character_buffer_with_dma.o)
 .data          0x0100a1c0        0x0 ../exercise_5_bsp/\libhal_bsp.a(altera_up_avalon_video_pixel_buffer_dma.o)
 .data          0x0100a1c0        0x0 ../exercise_5_bsp/\libhal_bsp.a(alt_alarm_start.o)
 .data          0x0100a1c0        0x0 ../exercise_5_bsp/\libhal_bsp.a(alt_dcache_flush_all.o)
 .data          0x0100a1c0        0x0 ../exercise_5_bsp/\libhal_bsp.a(alt_dev_llist_insert.o)
 .data          0x0100a1c0        0x0 ../exercise_5_bsp/\libhal_bsp.a(alt_do_ctors.o)
 .data          0x0100a1c0        0x0 ../exercise_5_bsp/\libhal_bsp.a(alt_do_dtors.o)
 .data          0x0100a1c0        0x0 ../exercise_5_bsp/\libhal_bsp.a(alt_find_dev.o)
 .data          0x0100a1c0        0x0 ../exercise_5_bsp/\libhal_bsp.a(alt_icache_flush_all.o)
 .data          0x0100a1c0        0x0 ../exercise_5_bsp/\libhal_bsp.a(alt_iic.o)
 .data          0x0100a1c0        0x0 ../exercise_5_bsp/\libhal_bsp.a(alt_iic_isr_register.o)
 .data          0x0100a1c0        0x0 ../exercise_5_bsp/\libhal_bsp.a(alt_io_redirect.o)
 .data          0x0100a1c0        0x0 ../exercise_5_bsp/\libhal_bsp.a(alt_irq_entry.o)
 .data          0x0100a1c0        0x0 ../exercise_5_bsp/\libhal_bsp.a(alt_irq_handler.o)
 .data          0x0100a1c0        0x0 ../exercise_5_bsp/\libhal_bsp.a(alt_irq_vars.o)
 .data          0x0100a1c0        0x0 ../exercise_5_bsp/\libhal_bsp.a(alt_open.o)
 .data          0x0100a1c0        0x0 ../exercise_5_bsp/\libhal_bsp.a(altera_nios2_qsys_irq.o)
 .data          0x0100a1c0        0x0 ../exercise_5_bsp/\libhal_bsp.a(alt_exception_entry.o)
 .data          0x0100a1c0        0x0 ../exercise_5_bsp/\libhal_bsp.a(alt_find_file.o)
 .data          0x0100a1c0        0x0 ../exercise_5_bsp/\libhal_bsp.a(alt_get_fd.o)
 .data          0x0100a1c0        0x0 c:/altera/13.0sp1/nios2eds/bin/gnu/h-i686-mingw32/bin/../lib/gcc/nios2-elf/4.1.2/../../../../nios2-elf/lib/mno-hw-mul\libc.a(lib_a-atexit.o)
 .data          0x0100a1c0        0x0 c:/altera/13.0sp1/nios2eds/bin/gnu/h-i686-mingw32/bin/../lib/gcc/nios2-elf/4.1.2/../../../../nios2-elf/lib/mno-hw-mul\libc.a(lib_a-exit.o)
 .data          0x0100a1c0        0x0 c:/altera/13.0sp1/nios2eds/bin/gnu/h-i686-mingw32/bin/../lib/gcc/nios2-elf/4.1.2/../../../../nios2-elf/lib/mno-hw-mul\libc.a(lib_a-memcmp.o)
 .data          0x0100a1c0        0x0 c:/altera/13.0sp1/nios2eds/bin/gnu/h-i686-mingw32/bin/../lib/gcc/nios2-elf/4.1.2/../../../../nios2-elf/lib/mno-hw-mul\libc.a(lib_a-strcmp.o)
 .data          0x0100a1c0        0x0 c:/altera/13.0sp1/nios2eds/bin/gnu/h-i686-mingw32/bin/../lib/gcc/nios2-elf/4.1.2/../../../../nios2-elf/lib/mno-hw-mul\libc.a(lib_a-__atexit.o)
 .data          0x0100a1c0        0x0 c:/altera/13.0sp1/nios2eds/bin/gnu/h-i686-mingw32/bin/../lib/gcc/nios2-elf/4.1.2/../../../../nios2-elf/lib/mno-hw-mul\libc.a(lib_a-__call_atexit.o)
 .data          0x0100a1c0        0x0 c:/altera/13.0sp1/nios2eds/bin/gnu/h-i686-mingw32/bin/../lib/gcc/nios2-elf/4.1.2/mno-hw-mul\libgcc.a(_umoddi3.o)
 .data          0x0100a1c0        0x0 c:/altera/13.0sp1/nios2eds/bin/gnu/h-i686-mingw32/bin/../lib/gcc/nios2-elf/4.1.2/mno-hw-mul\libgcc.a(_clz.o)
 .data          0x0100a1c0        0x0 ../exercise_5_bsp/\libhal_bsp.a(alt_exit.o)
                0x010121c0                _gp = ABSOLUTE ((. + 0x8000))
                0x010121c0                PROVIDE (gp, _gp)
 *(.rwdata .rwdata.*)
 *(.sdata .sdata.* .gnu.linkonce.s.*)
 .sdata         0x0100a1c0        0x8 c:/altera/13.0sp1/nios2eds/bin/gnu/h-i686-mingw32/bin/../lib/gcc/nios2-elf/4.1.2/../../../../nios2-elf/lib/mno-hw-mul\libc.a(lib_a-impure.o)
                0x0100a1c0                _impure_ptr
                0x0100a1c4                _global_impure_ptr
 .sdata         0x0100a1c8        0x8 c:/altera/13.0sp1/nios2eds/bin/gnu/h-i686-mingw32/bin/../lib/gcc/nios2-elf/4.1.2/../../../../nios2-elf/lib/mno-hw-mul\libc.a(lib_a-mallocr.o)
                0x0100a1c8                __malloc_trim_threshold
                0x0100a1cc                __malloc_sbrk_base
 .sdata         0x0100a1d0       0x14 ../exercise_5_bsp/\libhal_bsp.a(alt_dev.o)
                0x0100a1d0                alt_fs_list
                0x0100a1d8                alt_dev_list
                0x0100a1e0                alt_max_fd
 .sdata         0x0100a1e4        0x4 ../exercise_5_bsp/\libhal_bsp.a(alt_errno.o)
                0x0100a1e4                alt_errno
 .sdata         0x0100a1e8        0x4 ../exercise_5_bsp/\libhal_bsp.a(alt_sbrk.o)
 .sdata         0x0100a1ec        0x8 ../exercise_5_bsp/\libhal_bsp.a(alt_tick.o)
                0x0100a1ec                alt_alarm_list
 .sdata         0x0100a1f4        0x4 ../exercise_5_bsp/\libhal_bsp.a(alt_irq_vars.o)
                0x0100a1f4                alt_priority_mask
 *(.sdata2 .sdata2.* .gnu.linkonce.s2.*)
                0x0100a1f8                . = ALIGN (0x4)
                0x0100a1f8                _edata = ABSOLUTE (.)
                0x0100a1f8                PROVIDE (edata, ABSOLUTE (.))
                0x0100a1f8                PROVIDE (__ram_rwdata_end, ABSOLUTE (.))
                0x0100a1f8                PROVIDE (__flash_rwdata_start, LOADADDR (.rwdata))

.bss            0x0100bd08      0x2f0
                0x0100bd08                __bss_start = ABSOLUTE (.)
                0x0100bd08                PROVIDE (__sbss_start, ABSOLUTE (.))
                0x0100bd08                PROVIDE (___sbss_start, ABSOLUTE (.))
 *(.dynsbss)
 *(.sbss .sbss.* .gnu.linkonce.sb.*)
 .sbss          0x0100bd08        0x4 c:/altera/13.0sp1/nios2eds/bin/gnu/h-i686-mingw32/bin/../lib/gcc/nios2-elf/4.1.2/../../../../nios2-elf/lib/mno-hw-mul\libc.a(lib_a-int_errno.o)
                0x0100bd08                errno
 .sbss          0x0100bd0c        0xc c:/altera/13.0sp1/nios2eds/bin/gnu/h-i686-mingw32/bin/../lib/gcc/nios2-elf/4.1.2/../../../../nios2-elf/lib/mno-hw-mul\libc.a(lib_a-mallocr.o)
                0x0100bd0c                __malloc_top_pad
                0x0100bd10                __malloc_max_sbrked_mem
                0x0100bd14                __malloc_max_total_mem
 .sbss          0x0100bd18       0x10 ../exercise_5_bsp/\libhal_bsp.a(alt_gettod.o)
                0x0100bd18                alt_timezone
                0x0100bd20                alt_resettime
 .sbss          0x0100bd28        0xc ../exercise_5_bsp/\libhal_bsp.a(alt_main.o)
                0x0100bd28                alt_argc
                0x0100bd2c                alt_argv
                0x0100bd30                alt_envp
 .sbss          0x0100bd34        0x8 ../exercise_5_bsp/\libhal_bsp.a(alt_tick.o)
                0x0100bd34                _alt_tick_rate
                0x0100bd38                _alt_nticks
 .sbss          0x0100bd3c        0x4 ../exercise_5_bsp/\libhal_bsp.a(alt_irq_vars.o)
                0x0100bd3c                alt_irq_active
 *(.sbss2 .sbss2.* .gnu.linkonce.sb2.*)
 *(.scommon)
                0x0100bd40                PROVIDE (__sbss_end, ABSOLUTE (.))
                0x0100bd40                PROVIDE (___sbss_end, ABSOLUTE (.))
 *(.dynbss)
 *(.bss .bss.* .gnu.linkonce.b.*)
 .bss           0x0100bd40        0x0 ../exercise_5_bsp//obj/HAL/src/crt0.o
 .bss           0x0100bd40        0x0 obj/default/hello_world.o
 .bss           0x0100bd40        0x0 c:/altera/13.0sp1/nios2eds/bin/gnu/h-i686-mingw32/bin/../lib/gcc/nios2-elf/4.1.2/mno-hw-mul\libgcc.a(lib2-divmod.o)
 .bss           0x0100bd40        0x0 c:/altera/13.0sp1/nios2eds/bin/gnu/h-i686-mingw32/bin/../lib/gcc/nios2-elf/4.1.2/../../../../nios2-elf/lib/mno-hw-mul\libc.a(lib_a-puts.o)
 .bss           0x0100bd40        0x0 c:/altera/13.0sp1/nios2eds/bin/gnu/h-i686-mingw32/bin/../lib/gcc/nios2-elf/4.1.2/../../../../nios2-elf/lib/mno-hw-mul\libc.a(lib_a-rand.o)
 .bss           0x0100bd40        0x0 c:/altera/13.0sp1/nios2eds/bin/gnu/h-i686-mingw32/bin/../lib/gcc/nios2-elf/4.1.2/../../../../nios2-elf/lib/mno-hw-mul\libc.a(lib_a-strlen.o)
 .bss           0x0100bd40        0x0 c:/altera/13.0sp1/nios2eds/bin/gnu/h-i686-mingw32/bin/../lib/gcc/nios2-elf/4.1.2/../../../../nios2-elf/lib/mno-hw-mul\libc.a(lib_a-time.o)
 .bss           0x0100bd40        0x0 c:/altera/13.0sp1/nios2eds/bin/gnu/h-i686-mingw32/bin/../lib/gcc/nios2-elf/4.1.2/../../../../nios2-elf/lib/mno-hw-mul\libc.a(lib_a-fvwrite.o)
 .bss           0x0100bd40        0x0 c:/altera/13.0sp1/nios2eds/bin/gnu/h-i686-mingw32/bin/../lib/gcc/nios2-elf/4.1.2/../../../../nios2-elf/lib/mno-hw-mul\libc.a(lib_a-gettimeofdayr.o)
 .bss           0x0100bd40        0x0 c:/altera/13.0sp1/nios2eds/bin/gnu/h-i686-mingw32/bin/../lib/gcc/nios2-elf/4.1.2/../../../../nios2-elf/lib/mno-hw-mul\libc.a(lib_a-impure.o)
 .bss           0x0100bd40        0x0 c:/altera/13.0sp1/nios2eds/bin/gnu/h-i686-mingw32/bin/../lib/gcc/nios2-elf/4.1.2/../../../../nios2-elf/lib/mno-hw-mul\libc.a(lib_a-int_errno.o)
 .bss           0x0100bd40       0x28 c:/altera/13.0sp1/nios2eds/bin/gnu/h-i686-mingw32/bin/../lib/gcc/nios2-elf/4.1.2/../../../../nios2-elf/lib/mno-hw-mul\libc.a(lib_a-mallocr.o)
                0x0100bd40                __malloc_current_mallinfo
 .bss           0x0100bd68        0x0 c:/altera/13.0sp1/nios2eds/bin/gnu/h-i686-mingw32/bin/../lib/gcc/nios2-elf/4.1.2/../../../../nios2-elf/lib/mno-hw-mul\libc.a(lib_a-memchr.o)
 .bss           0x0100bd68        0x0 c:/altera/13.0sp1/nios2eds/bin/gnu/h-i686-mingw32/bin/../lib/gcc/nios2-elf/4.1.2/../../../../nios2-elf/lib/mno-hw-mul\libc.a(lib_a-memcpy.o)
 .bss           0x0100bd68        0x0 c:/altera/13.0sp1/nios2eds/bin/gnu/h-i686-mingw32/bin/../lib/gcc/nios2-elf/4.1.2/../../../../nios2-elf/lib/mno-hw-mul\libc.a(lib_a-memmove.o)
 .bss           0x0100bd68        0x0 c:/altera/13.0sp1/nios2eds/bin/gnu/h-i686-mingw32/bin/../lib/gcc/nios2-elf/4.1.2/../../../../nios2-elf/lib/mno-hw-mul\libc.a(lib_a-reallocr.o)
 .bss           0x0100bd68        0x0 c:/altera/13.0sp1/nios2eds/bin/gnu/h-i686-mingw32/bin/../lib/gcc/nios2-elf/4.1.2/../../../../nios2-elf/lib/mno-hw-mul\libc.a(lib_a-sbrkr.o)
 .bss           0x0100bd68        0x0 c:/altera/13.0sp1/nios2eds/bin/gnu/h-i686-mingw32/bin/../lib/gcc/nios2-elf/4.1.2/../../../../nios2-elf/lib/mno-hw-mul\libc.a(lib_a-wsetup.o)
 .bss           0x0100bd68        0x0 c:/altera/13.0sp1/nios2eds/bin/gnu/h-i686-mingw32/bin/../lib/gcc/nios2-elf/4.1.2/../../../../nios2-elf/lib/mno-hw-mul\libc.a(lib_a-fflush.o)
 .bss           0x0100bd68        0x0 c:/altera/13.0sp1/nios2eds/bin/gnu/h-i686-mingw32/bin/../lib/gcc/nios2-elf/4.1.2/../../../../nios2-elf/lib/mno-hw-mul\libc.a(lib_a-findfp.o)
 .bss           0x0100bd68        0x0 c:/altera/13.0sp1/nios2eds/bin/gnu/h-i686-mingw32/bin/../lib/gcc/nios2-elf/4.1.2/../../../../nios2-elf/lib/mno-hw-mul\libc.a(lib_a-freer.o)
 .bss           0x0100bd68        0x0 c:/altera/13.0sp1/nios2eds/bin/gnu/h-i686-mingw32/bin/../lib/gcc/nios2-elf/4.1.2/../../../../nios2-elf/lib/mno-hw-mul\libc.a(lib_a-fwalk.o)
 .bss           0x0100bd68        0x0 c:/altera/13.0sp1/nios2eds/bin/gnu/h-i686-mingw32/bin/../lib/gcc/nios2-elf/4.1.2/../../../../nios2-elf/lib/mno-hw-mul\libc.a(lib_a-makebuf.o)
 .bss           0x0100bd68        0x0 c:/altera/13.0sp1/nios2eds/bin/gnu/h-i686-mingw32/bin/../lib/gcc/nios2-elf/4.1.2/../../../../nios2-elf/lib/mno-hw-mul\libc.a(lib_a-memset.o)
 .bss           0x0100bd68        0x0 c:/altera/13.0sp1/nios2eds/bin/gnu/h-i686-mingw32/bin/../lib/gcc/nios2-elf/4.1.2/../../../../nios2-elf/lib/mno-hw-mul\libc.a(lib_a-stdio.o)
 .bss           0x0100bd68        0x0 c:/altera/13.0sp1/nios2eds/bin/gnu/h-i686-mingw32/bin/../lib/gcc/nios2-elf/4.1.2/../../../../nios2-elf/lib/mno-hw-mul\libc.a(lib_a-writer.o)
 .bss           0x0100bd68        0x0 c:/altera/13.0sp1/nios2eds/bin/gnu/h-i686-mingw32/bin/../lib/gcc/nios2-elf/4.1.2/../../../../nios2-elf/lib/mno-hw-mul\libc.a(lib_a-closer.o)
 .bss           0x0100bd68        0x0 c:/altera/13.0sp1/nios2eds/bin/gnu/h-i686-mingw32/bin/../lib/gcc/nios2-elf/4.1.2/../../../../nios2-elf/lib/mno-hw-mul\libc.a(lib_a-fclose.o)
 .bss           0x0100bd68        0x0 c:/altera/13.0sp1/nios2eds/bin/gnu/h-i686-mingw32/bin/../lib/gcc/nios2-elf/4.1.2/../../../../nios2-elf/lib/mno-hw-mul\libc.a(lib_a-fstatr.o)
 .bss           0x0100bd68        0x0 c:/altera/13.0sp1/nios2eds/bin/gnu/h-i686-mingw32/bin/../lib/gcc/nios2-elf/4.1.2/../../../../nios2-elf/lib/mno-hw-mul\libc.a(lib_a-isattyr.o)
 .bss           0x0100bd68        0x0 c:/altera/13.0sp1/nios2eds/bin/gnu/h-i686-mingw32/bin/../lib/gcc/nios2-elf/4.1.2/../../../../nios2-elf/lib/mno-hw-mul\libc.a(lib_a-lseekr.o)
 .bss           0x0100bd68        0x0 c:/altera/13.0sp1/nios2eds/bin/gnu/h-i686-mingw32/bin/../lib/gcc/nios2-elf/4.1.2/../../../../nios2-elf/lib/mno-hw-mul\libc.a(lib_a-readr.o)
 .bss           0x0100bd68        0x0 c:/altera/13.0sp1/nios2eds/bin/gnu/h-i686-mingw32/bin/../lib/gcc/nios2-elf/4.1.2/mno-hw-mul\libgcc.a(_muldi3.o)
 .bss           0x0100bd68        0x0 c:/altera/13.0sp1/nios2eds/bin/gnu/h-i686-mingw32/bin/../lib/gcc/nios2-elf/4.1.2/mno-hw-mul\libgcc.a(lib2-mul.o)
 .bss           0x0100bd68        0x0 ../exercise_5_bsp/\libhal_bsp.a(alt_close.o)
 .bss           0x0100bd68        0x0 ../exercise_5_bsp/\libhal_bsp.a(alt_dev.o)
 .bss           0x0100bd68        0x0 ../exercise_5_bsp/\libhal_bsp.a(alt_errno.o)
 .bss           0x0100bd68        0x0 ../exercise_5_bsp/\libhal_bsp.a(alt_fstat.o)
 .bss           0x0100bd68        0x0 ../exercise_5_bsp/\libhal_bsp.a(alt_gettod.o)
 .bss           0x0100bd68        0x0 ../exercise_5_bsp/\libhal_bsp.a(alt_isatty.o)
 .bss           0x0100bd68        0x0 ../exercise_5_bsp/\libhal_bsp.a(alt_load.o)
 .bss           0x0100bd68        0x0 ../exercise_5_bsp/\libhal_bsp.a(alt_lseek.o)
 .bss           0x0100bd68        0x0 ../exercise_5_bsp/\libhal_bsp.a(alt_main.o)
 .bss           0x0100bd68        0x0 ../exercise_5_bsp/\libhal_bsp.a(alt_malloc_lock.o)
 .bss           0x0100bd68        0x0 ../exercise_5_bsp/\libhal_bsp.a(alt_read.o)
 .bss           0x0100bd68        0x0 ../exercise_5_bsp/\libhal_bsp.a(alt_release_fd.o)
 .bss           0x0100bd68        0x0 ../exercise_5_bsp/\libhal_bsp.a(alt_sbrk.o)
 .bss           0x0100bd68        0x0 ../exercise_5_bsp/\libhal_bsp.a(alt_tick.o)
 .bss           0x0100bd68        0x0 ../exercise_5_bsp/\libhal_bsp.a(alt_write.o)
 .bss           0x0100bd68        0x0 ../exercise_5_bsp/\libhal_bsp.a(alt_sys_init.o)
 .bss           0x0100bd68        0x0 ../exercise_5_bsp/\libhal_bsp.a(altera_avalon_jtag_uart_fd.o)
 .bss           0x0100bd68        0x0 ../exercise_5_bsp/\libhal_bsp.a(altera_avalon_jtag_uart_init.o)
 .bss           0x0100bd68        0x0 ../exercise_5_bsp/\libhal_bsp.a(altera_avalon_jtag_uart_ioctl.o)
 .bss           0x0100bd68        0x0 ../exercise_5_bsp/\libhal_bsp.a(altera_avalon_jtag_uart_read.o)
 .bss           0x0100bd68        0x0 ../exercise_5_bsp/\libhal_bsp.a(altera_avalon_jtag_uart_write.o)
 .bss           0x0100bd68        0x0 ../exercise_5_bsp/\libhal_bsp.a(altera_avalon_timer_sc.o)
 .bss           0x0100bd68        0x0 ../exercise_5_bsp/\libhal_bsp.a(altera_up_avalon_character_lcd.o)
 .bss           0x0100bd68        0x0 ../exercise_5_bsp/\libhal_bsp.a(altera_up_avalon_video_character_buffer_with_dma.o)
 .bss           0x0100bd68        0x0 ../exercise_5_bsp/\libhal_bsp.a(altera_up_avalon_video_pixel_buffer_dma.o)
 .bss           0x0100bd68        0x0 ../exercise_5_bsp/\libhal_bsp.a(alt_alarm_start.o)
 .bss           0x0100bd68        0x0 ../exercise_5_bsp/\libhal_bsp.a(alt_dcache_flush_all.o)
 .bss           0x0100bd68        0x0 ../exercise_5_bsp/\libhal_bsp.a(alt_dev_llist_insert.o)
 .bss           0x0100bd68        0x0 ../exercise_5_bsp/\libhal_bsp.a(alt_do_ctors.o)
 .bss           0x0100bd68        0x0 ../exercise_5_bsp/\libhal_bsp.a(alt_do_dtors.o)
 .bss           0x0100bd68        0x0 ../exercise_5_bsp/\libhal_bsp.a(alt_find_dev.o)
 .bss           0x0100bd68        0x0 ../exercise_5_bsp/\libhal_bsp.a(alt_icache_flush_all.o)
 .bss           0x0100bd68        0x0 ../exercise_5_bsp/\libhal_bsp.a(alt_iic.o)
 .bss           0x0100bd68        0x0 ../exercise_5_bsp/\libhal_bsp.a(alt_iic_isr_register.o)
 .bss           0x0100bd68        0x0 ../exercise_5_bsp/\libhal_bsp.a(alt_io_redirect.o)
 .bss           0x0100bd68        0x0 ../exercise_5_bsp/\libhal_bsp.a(alt_irq_entry.o)
 .bss           0x0100bd68        0x0 ../exercise_5_bsp/\libhal_bsp.a(alt_irq_handler.o)
 .bss           0x0100bd68        0x0 ../exercise_5_bsp/\libhal_bsp.a(alt_irq_vars.o)
 .bss           0x0100bd68        0x0 ../exercise_5_bsp/\libhal_bsp.a(alt_open.o)
 .bss           0x0100bd68        0x0 ../exercise_5_bsp/\libhal_bsp.a(altera_nios2_qsys_irq.o)
 .bss           0x0100bd68        0x0 ../exercise_5_bsp/\libhal_bsp.a(alt_exception_entry.o)
 .bss           0x0100bd68        0x0 ../exercise_5_bsp/\libhal_bsp.a(alt_find_file.o)
 .bss           0x0100bd68        0x0 ../exercise_5_bsp/\libhal_bsp.a(alt_get_fd.o)
 .bss           0x0100bd68        0x0 c:/altera/13.0sp1/nios2eds/bin/gnu/h-i686-mingw32/bin/../lib/gcc/nios2-elf/4.1.2/../../../../nios2-elf/lib/mno-hw-mul\libc.a(lib_a-atexit.o)
 .bss           0x0100bd68        0x0 c:/altera/13.0sp1/nios2eds/bin/gnu/h-i686-mingw32/bin/../lib/gcc/nios2-elf/4.1.2/../../../../nios2-elf/lib/mno-hw-mul\libc.a(lib_a-exit.o)
 .bss           0x0100bd68        0x0 c:/altera/13.0sp1/nios2eds/bin/gnu/h-i686-mingw32/bin/../lib/gcc/nios2-elf/4.1.2/../../../../nios2-elf/lib/mno-hw-mul\libc.a(lib_a-memcmp.o)
 .bss           0x0100bd68        0x0 c:/altera/13.0sp1/nios2eds/bin/gnu/h-i686-mingw32/bin/../lib/gcc/nios2-elf/4.1.2/../../../../nios2-elf/lib/mno-hw-mul\libc.a(lib_a-strcmp.o)
 .bss           0x0100bd68        0x0 c:/altera/13.0sp1/nios2eds/bin/gnu/h-i686-mingw32/bin/../lib/gcc/nios2-elf/4.1.2/../../../../nios2-elf/lib/mno-hw-mul\libc.a(lib_a-__atexit.o)
 .bss           0x0100bd68        0x0 c:/altera/13.0sp1/nios2eds/bin/gnu/h-i686-mingw32/bin/../lib/gcc/nios2-elf/4.1.2/../../../../nios2-elf/lib/mno-hw-mul\libc.a(lib_a-__call_atexit.o)
 .bss           0x0100bd68        0x0 c:/altera/13.0sp1/nios2eds/bin/gnu/h-i686-mingw32/bin/../lib/gcc/nios2-elf/4.1.2/mno-hw-mul\libgcc.a(_umoddi3.o)
 .bss           0x0100bd68        0x0 c:/altera/13.0sp1/nios2eds/bin/gnu/h-i686-mingw32/bin/../lib/gcc/nios2-elf/4.1.2/mno-hw-mul\libgcc.a(_clz.o)
 .bss           0x0100bd68        0x0 ../exercise_5_bsp/\libhal_bsp.a(alt_exit.o)
 *(COMMON)
 COMMON         0x0100bd68      0x100 ../exercise_5_bsp/\libhal_bsp.a(alt_irq_handler.o)
                0x0100bd68                alt_irq
 COMMON         0x0100be68      0x190 c:/altera/13.0sp1/nios2eds/bin/gnu/h-i686-mingw32/bin/../lib/gcc/nios2-elf/4.1.2/../../../../nios2-elf/lib/mno-hw-mul\libc.a(lib_a-atexit.o)
                0x0100be68                _atexit0
                0x0100bff8                . = ALIGN (0x4)
                0x0100bff8                __bss_end = ABSOLUTE (.)

.onchip_memory2_0
                0x00000000        0x0 load address 0x0100bff8
                0x00000000                PROVIDE (_alt_partition_onchip_memory2_0_start, ABSOLUTE (.))
 *(.onchip_memory2_0. onchip_memory2_0.*)
                0x00000000                . = ALIGN (0x4)
                0x00000000                PROVIDE (_alt_partition_onchip_memory2_0_end, ABSOLUTE (.))
                0x0100bff8                PROVIDE (_alt_partition_onchip_memory2_0_load_addr, LOADADDR (.onchip_memory2_0))

.sdram          0x0100bff8        0x0
                0x0100bff8                PROVIDE (_alt_partition_sdram_start, ABSOLUTE (.))
 *(.sdram. sdram.*)
                0x0100bff8                . = ALIGN (0x4)
                0x0100bff8                PROVIDE (_alt_partition_sdram_end, ABSOLUTE (.))
                0x0100bff8                _end = ABSOLUTE (.)
                0x0100bff8                end = ABSOLUTE (.)
                0x0100bff8                __alt_stack_base = ABSOLUTE (.)
                0x0100bff8                PROVIDE (_alt_partition_sdram_load_addr, LOADADDR (.sdram))

.stab
 *(.stab)

.stabstr
 *(.stabstr)

.stab.excl
 *(.stab.excl)

.stab.exclstr
 *(.stab.exclstr)

.stab.index
 *(.stab.index)

.stab.indexstr
 *(.stab.indexstr)

.comment        0x00000000       0x26
 *(.comment)
 .comment       0x00000000       0x26 obj/default/hello_world.o
                                 0x27 (size before relaxing)
 .comment       0x00000000       0x27 c:/altera/13.0sp1/nios2eds/bin/gnu/h-i686-mingw32/bin/../lib/gcc/nios2-elf/4.1.2/mno-hw-mul\libgcc.a(lib2-divmod.o)
 .comment       0x00000000       0x27 c:/altera/13.0sp1/nios2eds/bin/gnu/h-i686-mingw32/bin/../lib/gcc/nios2-elf/4.1.2/../../../../nios2-elf/lib/mno-hw-mul\libc.a(lib_a-puts.o)
 .comment       0x00000000       0x27 c:/altera/13.0sp1/nios2eds/bin/gnu/h-i686-mingw32/bin/../lib/gcc/nios2-elf/4.1.2/../../../../nios2-elf/lib/mno-hw-mul\libc.a(lib_a-rand.o)
 .comment       0x00000000       0x27 c:/altera/13.0sp1/nios2eds/bin/gnu/h-i686-mingw32/bin/../lib/gcc/nios2-elf/4.1.2/../../../../nios2-elf/lib/mno-hw-mul\libc.a(lib_a-strlen.o)
 .comment       0x00000000       0x27 c:/altera/13.0sp1/nios2eds/bin/gnu/h-i686-mingw32/bin/../lib/gcc/nios2-elf/4.1.2/../../../../nios2-elf/lib/mno-hw-mul\libc.a(lib_a-time.o)
 .comment       0x00000000       0x27 c:/altera/13.0sp1/nios2eds/bin/gnu/h-i686-mingw32/bin/../lib/gcc/nios2-elf/4.1.2/../../../../nios2-elf/lib/mno-hw-mul\libc.a(lib_a-fvwrite.o)
 .comment       0x00000000       0x27 c:/altera/13.0sp1/nios2eds/bin/gnu/h-i686-mingw32/bin/../lib/gcc/nios2-elf/4.1.2/../../../../nios2-elf/lib/mno-hw-mul\libc.a(lib_a-gettimeofdayr.o)
 .comment       0x00000000       0x27 c:/altera/13.0sp1/nios2eds/bin/gnu/h-i686-mingw32/bin/../lib/gcc/nios2-elf/4.1.2/../../../../nios2-elf/lib/mno-hw-mul\libc.a(lib_a-impure.o)
 .comment       0x00000000       0x27 c:/altera/13.0sp1/nios2eds/bin/gnu/h-i686-mingw32/bin/../lib/gcc/nios2-elf/4.1.2/../../../../nios2-elf/lib/mno-hw-mul\libc.a(lib_a-int_errno.o)
 .comment       0x00000000       0x27 c:/altera/13.0sp1/nios2eds/bin/gnu/h-i686-mingw32/bin/../lib/gcc/nios2-elf/4.1.2/../../../../nios2-elf/lib/mno-hw-mul\libc.a(lib_a-mallocr.o)
 .comment       0x00000000       0x27 c:/altera/13.0sp1/nios2eds/bin/gnu/h-i686-mingw32/bin/../lib/gcc/nios2-elf/4.1.2/../../../../nios2-elf/lib/mno-hw-mul\libc.a(lib_a-memchr.o)
 .comment       0x00000000       0x27 c:/altera/13.0sp1/nios2eds/bin/gnu/h-i686-mingw32/bin/../lib/gcc/nios2-elf/4.1.2/../../../../nios2-elf/lib/mno-hw-mul\libc.a(lib_a-memcpy.o)
 .comment       0x00000000       0x27 c:/altera/13.0sp1/nios2eds/bin/gnu/h-i686-mingw32/bin/../lib/gcc/nios2-elf/4.1.2/../../../../nios2-elf/lib/mno-hw-mul\libc.a(lib_a-memmove.o)
 .comment       0x00000000       0x27 c:/altera/13.0sp1/nios2eds/bin/gnu/h-i686-mingw32/bin/../lib/gcc/nios2-elf/4.1.2/../../../../nios2-elf/lib/mno-hw-mul\libc.a(lib_a-reallocr.o)
 .comment       0x00000000       0x27 c:/altera/13.0sp1/nios2eds/bin/gnu/h-i686-mingw32/bin/../lib/gcc/nios2-elf/4.1.2/../../../../nios2-elf/lib/mno-hw-mul\libc.a(lib_a-sbrkr.o)
 .comment       0x00000000       0x27 c:/altera/13.0sp1/nios2eds/bin/gnu/h-i686-mingw32/bin/../lib/gcc/nios2-elf/4.1.2/../../../../nios2-elf/lib/mno-hw-mul\libc.a(lib_a-wsetup.o)
 .comment       0x00000000       0x27 c:/altera/13.0sp1/nios2eds/bin/gnu/h-i686-mingw32/bin/../lib/gcc/nios2-elf/4.1.2/../../../../nios2-elf/lib/mno-hw-mul\libc.a(lib_a-fflush.o)
 .comment       0x00000000       0x27 c:/altera/13.0sp1/nios2eds/bin/gnu/h-i686-mingw32/bin/../lib/gcc/nios2-elf/4.1.2/../../../../nios2-elf/lib/mno-hw-mul\libc.a(lib_a-findfp.o)
 .comment       0x00000000       0x27 c:/altera/13.0sp1/nios2eds/bin/gnu/h-i686-mingw32/bin/../lib/gcc/nios2-elf/4.1.2/../../../../nios2-elf/lib/mno-hw-mul\libc.a(lib_a-freer.o)
 .comment       0x00000000       0x27 c:/altera/13.0sp1/nios2eds/bin/gnu/h-i686-mingw32/bin/../lib/gcc/nios2-elf/4.1.2/../../../../nios2-elf/lib/mno-hw-mul\libc.a(lib_a-fwalk.o)
 .comment       0x00000000       0x27 c:/altera/13.0sp1/nios2eds/bin/gnu/h-i686-mingw32/bin/../lib/gcc/nios2-elf/4.1.2/../../../../nios2-elf/lib/mno-hw-mul\libc.a(lib_a-makebuf.o)
 .comment       0x00000000       0x27 c:/altera/13.0sp1/nios2eds/bin/gnu/h-i686-mingw32/bin/../lib/gcc/nios2-elf/4.1.2/../../../../nios2-elf/lib/mno-hw-mul\libc.a(lib_a-memset.o)
 .comment       0x00000000       0x27 c:/altera/13.0sp1/nios2eds/bin/gnu/h-i686-mingw32/bin/../lib/gcc/nios2-elf/4.1.2/../../../../nios2-elf/lib/mno-hw-mul\libc.a(lib_a-stdio.o)
 .comment       0x00000000       0x27 c:/altera/13.0sp1/nios2eds/bin/gnu/h-i686-mingw32/bin/../lib/gcc/nios2-elf/4.1.2/../../../../nios2-elf/lib/mno-hw-mul\libc.a(lib_a-writer.o)
 .comment       0x00000000       0x27 c:/altera/13.0sp1/nios2eds/bin/gnu/h-i686-mingw32/bin/../lib/gcc/nios2-elf/4.1.2/../../../../nios2-elf/lib/mno-hw-mul\libc.a(lib_a-closer.o)
 .comment       0x00000000       0x27 c:/altera/13.0sp1/nios2eds/bin/gnu/h-i686-mingw32/bin/../lib/gcc/nios2-elf/4.1.2/../../../../nios2-elf/lib/mno-hw-mul\libc.a(lib_a-fclose.o)
 .comment       0x00000000       0x27 c:/altera/13.0sp1/nios2eds/bin/gnu/h-i686-mingw32/bin/../lib/gcc/nios2-elf/4.1.2/../../../../nios2-elf/lib/mno-hw-mul\libc.a(lib_a-fstatr.o)
 .comment       0x00000000       0x27 c:/altera/13.0sp1/nios2eds/bin/gnu/h-i686-mingw32/bin/../lib/gcc/nios2-elf/4.1.2/../../../../nios2-elf/lib/mno-hw-mul\libc.a(lib_a-isattyr.o)
 .comment       0x00000000       0x27 c:/altera/13.0sp1/nios2eds/bin/gnu/h-i686-mingw32/bin/../lib/gcc/nios2-elf/4.1.2/../../../../nios2-elf/lib/mno-hw-mul\libc.a(lib_a-lseekr.o)
 .comment       0x00000000       0x27 c:/altera/13.0sp1/nios2eds/bin/gnu/h-i686-mingw32/bin/../lib/gcc/nios2-elf/4.1.2/../../../../nios2-elf/lib/mno-hw-mul\libc.a(lib_a-readr.o)
 .comment       0x00000000       0x27 c:/altera/13.0sp1/nios2eds/bin/gnu/h-i686-mingw32/bin/../lib/gcc/nios2-elf/4.1.2/mno-hw-mul\libgcc.a(_muldi3.o)
 .comment       0x00000000       0x27 c:/altera/13.0sp1/nios2eds/bin/gnu/h-i686-mingw32/bin/../lib/gcc/nios2-elf/4.1.2/mno-hw-mul\libgcc.a(lib2-mul.o)
 .comment       0x00000000       0x27 ../exercise_5_bsp/\libhal_bsp.a(alt_close.o)
 .comment       0x00000000       0x27 ../exercise_5_bsp/\libhal_bsp.a(alt_dev.o)
 .comment       0x00000000       0x27 ../exercise_5_bsp/\libhal_bsp.a(alt_errno.o)
 .comment       0x00000000       0x27 ../exercise_5_bsp/\libhal_bsp.a(alt_fstat.o)
 .comment       0x00000000       0x27 ../exercise_5_bsp/\libhal_bsp.a(alt_gettod.o)
 .comment       0x00000000       0x27 ../exercise_5_bsp/\libhal_bsp.a(alt_isatty.o)
 .comment       0x00000000       0x27 ../exercise_5_bsp/\libhal_bsp.a(alt_load.o)
 .comment       0x00000000       0x27 ../exercise_5_bsp/\libhal_bsp.a(alt_lseek.o)
 .comment       0x00000000       0x27 ../exercise_5_bsp/\libhal_bsp.a(alt_main.o)
 .comment       0x00000000       0x27 ../exercise_5_bsp/\libhal_bsp.a(alt_malloc_lock.o)
 .comment       0x00000000       0x27 ../exercise_5_bsp/\libhal_bsp.a(alt_read.o)
 .comment       0x00000000       0x27 ../exercise_5_bsp/\libhal_bsp.a(alt_release_fd.o)
 .comment       0x00000000       0x27 ../exercise_5_bsp/\libhal_bsp.a(alt_sbrk.o)
 .comment       0x00000000       0x27 ../exercise_5_bsp/\libhal_bsp.a(alt_tick.o)
 .comment       0x00000000       0x27 ../exercise_5_bsp/\libhal_bsp.a(alt_write.o)
 .comment       0x00000000       0x27 ../exercise_5_bsp/\libhal_bsp.a(alt_sys_init.o)
 .comment       0x00000000       0x27 ../exercise_5_bsp/\libhal_bsp.a(altera_avalon_jtag_uart_fd.o)
 .comment       0x00000000       0x27 ../exercise_5_bsp/\libhal_bsp.a(altera_avalon_jtag_uart_init.o)
 .comment       0x00000000       0x27 ../exercise_5_bsp/\libhal_bsp.a(altera_avalon_jtag_uart_ioctl.o)
 .comment       0x00000000       0x27 ../exercise_5_bsp/\libhal_bsp.a(altera_avalon_jtag_uart_read.o)
 .comment       0x00000000       0x27 ../exercise_5_bsp/\libhal_bsp.a(altera_avalon_jtag_uart_write.o)
 .comment       0x00000000       0x27 ../exercise_5_bsp/\libhal_bsp.a(altera_avalon_timer_sc.o)
 .comment       0x00000000       0x27 ../exercise_5_bsp/\libhal_bsp.a(altera_up_avalon_character_lcd.o)
 .comment       0x00000000       0x27 ../exercise_5_bsp/\libhal_bsp.a(altera_up_avalon_video_character_buffer_with_dma.o)
 .comment       0x00000000       0x27 ../exercise_5_bsp/\libhal_bsp.a(altera_up_avalon_video_pixel_buffer_dma.o)
 .comment       0x00000000       0x27 ../exercise_5_bsp/\libhal_bsp.a(alt_alarm_start.o)
 .comment       0x00000000       0x27 ../exercise_5_bsp/\libhal_bsp.a(alt_dcache_flush_all.o)
 .comment       0x00000000       0x27 ../exercise_5_bsp/\libhal_bsp.a(alt_dev_llist_insert.o)
 .comment       0x00000000       0x27 ../exercise_5_bsp/\libhal_bsp.a(alt_do_ctors.o)
 .comment       0x00000000       0x27 ../exercise_5_bsp/\libhal_bsp.a(alt_do_dtors.o)
 .comment       0x00000000       0x27 ../exercise_5_bsp/\libhal_bsp.a(alt_find_dev.o)
 .comment       0x00000000       0x27 ../exercise_5_bsp/\libhal_bsp.a(alt_icache_flush_all.o)
 .comment       0x00000000       0x27 ../exercise_5_bsp/\libhal_bsp.a(alt_iic.o)
 .comment       0x00000000       0x27 ../exercise_5_bsp/\libhal_bsp.a(alt_iic_isr_register.o)
 .comment       0x00000000       0x27 ../exercise_5_bsp/\libhal_bsp.a(alt_io_redirect.o)
 .comment       0x00000000       0x27 ../exercise_5_bsp/\libhal_bsp.a(alt_irq_handler.o)
 .comment       0x00000000       0x27 ../exercise_5_bsp/\libhal_bsp.a(alt_irq_vars.o)
 .comment       0x00000000       0x27 ../exercise_5_bsp/\libhal_bsp.a(alt_open.o)
 .comment       0x00000000       0x27 ../exercise_5_bsp/\libhal_bsp.a(altera_nios2_qsys_irq.o)
 .comment       0x00000000       0x27 ../exercise_5_bsp/\libhal_bsp.a(alt_find_file.o)
 .comment       0x00000000       0x27 ../exercise_5_bsp/\libhal_bsp.a(alt_get_fd.o)
 .comment       0x00000000       0x27 c:/altera/13.0sp1/nios2eds/bin/gnu/h-i686-mingw32/bin/../lib/gcc/nios2-elf/4.1.2/../../../../nios2-elf/lib/mno-hw-mul\libc.a(lib_a-atexit.o)
 .comment       0x00000000       0x27 c:/altera/13.0sp1/nios2eds/bin/gnu/h-i686-mingw32/bin/../lib/gcc/nios2-elf/4.1.2/../../../../nios2-elf/lib/mno-hw-mul\libc.a(lib_a-exit.o)
 .comment       0x00000000       0x27 c:/altera/13.0sp1/nios2eds/bin/gnu/h-i686-mingw32/bin/../lib/gcc/nios2-elf/4.1.2/../../../../nios2-elf/lib/mno-hw-mul\libc.a(lib_a-memcmp.o)
 .comment       0x00000000       0x27 c:/altera/13.0sp1/nios2eds/bin/gnu/h-i686-mingw32/bin/../lib/gcc/nios2-elf/4.1.2/../../../../nios2-elf/lib/mno-hw-mul\libc.a(lib_a-strcmp.o)
 .comment       0x00000000       0x27 c:/altera/13.0sp1/nios2eds/bin/gnu/h-i686-mingw32/bin/../lib/gcc/nios2-elf/4.1.2/../../../../nios2-elf/lib/mno-hw-mul\libc.a(lib_a-__atexit.o)
 .comment       0x00000000       0x27 c:/altera/13.0sp1/nios2eds/bin/gnu/h-i686-mingw32/bin/../lib/gcc/nios2-elf/4.1.2/../../../../nios2-elf/lib/mno-hw-mul\libc.a(lib_a-__call_atexit.o)
 .comment       0x00000000       0x27 c:/altera/13.0sp1/nios2eds/bin/gnu/h-i686-mingw32/bin/../lib/gcc/nios2-elf/4.1.2/mno-hw-mul\libgcc.a(_umoddi3.o)
 .comment       0x00000000       0x27 c:/altera/13.0sp1/nios2eds/bin/gnu/h-i686-mingw32/bin/../lib/gcc/nios2-elf/4.1.2/mno-hw-mul\libgcc.a(_clz.o)
 .comment       0x00000000       0x27 ../exercise_5_bsp/\libhal_bsp.a(alt_exit.o)

.debug
 *(.debug)

.line
 *(.line)

.debug_srcinfo
 *(.debug_srcinfo)

.debug_sfnames
 *(.debug_sfnames)

.debug_aranges  0x00000000      0xa58
 *(.debug_aranges)
 .debug_aranges
                0x00000000       0x28 ../exercise_5_bsp//obj/HAL/src/crt0.o
 .debug_aranges
                0x00000028       0x20 obj/default/hello_world.o
 .debug_aranges
                0x00000048       0x20 c:/altera/13.0sp1/nios2eds/bin/gnu/h-i686-mingw32/bin/../lib/gcc/nios2-elf/4.1.2/mno-hw-mul\libgcc.a(lib2-divmod.o)
 .debug_aranges
                0x00000068       0x20 c:/altera/13.0sp1/nios2eds/bin/gnu/h-i686-mingw32/bin/../lib/gcc/nios2-elf/4.1.2/../../../../nios2-elf/lib/mno-hw-mul\libc.a(lib_a-puts.o)
 .debug_aranges
                0x00000088       0x20 c:/altera/13.0sp1/nios2eds/bin/gnu/h-i686-mingw32/bin/../lib/gcc/nios2-elf/4.1.2/../../../../nios2-elf/lib/mno-hw-mul\libc.a(lib_a-rand.o)
 .debug_aranges
                0x000000a8       0x20 c:/altera/13.0sp1/nios2eds/bin/gnu/h-i686-mingw32/bin/../lib/gcc/nios2-elf/4.1.2/../../../../nios2-elf/lib/mno-hw-mul\libc.a(lib_a-strlen.o)
 .debug_aranges
                0x000000c8       0x20 c:/altera/13.0sp1/nios2eds/bin/gnu/h-i686-mingw32/bin/../lib/gcc/nios2-elf/4.1.2/../../../../nios2-elf/lib/mno-hw-mul\libc.a(lib_a-time.o)
 .debug_aranges
                0x000000e8       0x20 c:/altera/13.0sp1/nios2eds/bin/gnu/h-i686-mingw32/bin/../lib/gcc/nios2-elf/4.1.2/../../../../nios2-elf/lib/mno-hw-mul\libc.a(lib_a-fvwrite.o)
 .debug_aranges
                0x00000108       0x20 c:/altera/13.0sp1/nios2eds/bin/gnu/h-i686-mingw32/bin/../lib/gcc/nios2-elf/4.1.2/../../../../nios2-elf/lib/mno-hw-mul\libc.a(lib_a-gettimeofdayr.o)
 .debug_aranges
                0x00000128       0x20 c:/altera/13.0sp1/nios2eds/bin/gnu/h-i686-mingw32/bin/../lib/gcc/nios2-elf/4.1.2/../../../../nios2-elf/lib/mno-hw-mul\libc.a(lib_a-mallocr.o)
 .debug_aranges
                0x00000148       0x20 c:/altera/13.0sp1/nios2eds/bin/gnu/h-i686-mingw32/bin/../lib/gcc/nios2-elf/4.1.2/../../../../nios2-elf/lib/mno-hw-mul\libc.a(lib_a-memchr.o)
 .debug_aranges
                0x00000168       0x20 c:/altera/13.0sp1/nios2eds/bin/gnu/h-i686-mingw32/bin/../lib/gcc/nios2-elf/4.1.2/../../../../nios2-elf/lib/mno-hw-mul\libc.a(lib_a-memcpy.o)
 .debug_aranges
                0x00000188       0x20 c:/altera/13.0sp1/nios2eds/bin/gnu/h-i686-mingw32/bin/../lib/gcc/nios2-elf/4.1.2/../../../../nios2-elf/lib/mno-hw-mul\libc.a(lib_a-memmove.o)
 .debug_aranges
                0x000001a8       0x20 c:/altera/13.0sp1/nios2eds/bin/gnu/h-i686-mingw32/bin/../lib/gcc/nios2-elf/4.1.2/../../../../nios2-elf/lib/mno-hw-mul\libc.a(lib_a-reallocr.o)
 .debug_aranges
                0x000001c8       0x20 c:/altera/13.0sp1/nios2eds/bin/gnu/h-i686-mingw32/bin/../lib/gcc/nios2-elf/4.1.2/../../../../nios2-elf/lib/mno-hw-mul\libc.a(lib_a-sbrkr.o)
 .debug_aranges
                0x000001e8       0x20 c:/altera/13.0sp1/nios2eds/bin/gnu/h-i686-mingw32/bin/../lib/gcc/nios2-elf/4.1.2/../../../../nios2-elf/lib/mno-hw-mul\libc.a(lib_a-wsetup.o)
 .debug_aranges
                0x00000208       0x20 c:/altera/13.0sp1/nios2eds/bin/gnu/h-i686-mingw32/bin/../lib/gcc/nios2-elf/4.1.2/../../../../nios2-elf/lib/mno-hw-mul\libc.a(lib_a-fflush.o)
 .debug_aranges
                0x00000228       0x20 c:/altera/13.0sp1/nios2eds/bin/gnu/h-i686-mingw32/bin/../lib/gcc/nios2-elf/4.1.2/../../../../nios2-elf/lib/mno-hw-mul\libc.a(lib_a-findfp.o)
 .debug_aranges
                0x00000248       0x20 c:/altera/13.0sp1/nios2eds/bin/gnu/h-i686-mingw32/bin/../lib/gcc/nios2-elf/4.1.2/../../../../nios2-elf/lib/mno-hw-mul\libc.a(lib_a-freer.o)
 .debug_aranges
                0x00000268       0x20 c:/altera/13.0sp1/nios2eds/bin/gnu/h-i686-mingw32/bin/../lib/gcc/nios2-elf/4.1.2/../../../../nios2-elf/lib/mno-hw-mul\libc.a(lib_a-fwalk.o)
 .debug_aranges
                0x00000288       0x20 c:/altera/13.0sp1/nios2eds/bin/gnu/h-i686-mingw32/bin/../lib/gcc/nios2-elf/4.1.2/../../../../nios2-elf/lib/mno-hw-mul\libc.a(lib_a-makebuf.o)
 .debug_aranges
                0x000002a8       0x20 c:/altera/13.0sp1/nios2eds/bin/gnu/h-i686-mingw32/bin/../lib/gcc/nios2-elf/4.1.2/../../../../nios2-elf/lib/mno-hw-mul\libc.a(lib_a-memset.o)
 .debug_aranges
                0x000002c8       0x20 c:/altera/13.0sp1/nios2eds/bin/gnu/h-i686-mingw32/bin/../lib/gcc/nios2-elf/4.1.2/../../../../nios2-elf/lib/mno-hw-mul\libc.a(lib_a-stdio.o)
 .debug_aranges
                0x000002e8       0x20 c:/altera/13.0sp1/nios2eds/bin/gnu/h-i686-mingw32/bin/../lib/gcc/nios2-elf/4.1.2/../../../../nios2-elf/lib/mno-hw-mul\libc.a(lib_a-writer.o)
 .debug_aranges
                0x00000308       0x20 c:/altera/13.0sp1/nios2eds/bin/gnu/h-i686-mingw32/bin/../lib/gcc/nios2-elf/4.1.2/../../../../nios2-elf/lib/mno-hw-mul\libc.a(lib_a-closer.o)
 .debug_aranges
                0x00000328       0x20 c:/altera/13.0sp1/nios2eds/bin/gnu/h-i686-mingw32/bin/../lib/gcc/nios2-elf/4.1.2/../../../../nios2-elf/lib/mno-hw-mul\libc.a(lib_a-fclose.o)
 .debug_aranges
                0x00000348       0x20 c:/altera/13.0sp1/nios2eds/bin/gnu/h-i686-mingw32/bin/../lib/gcc/nios2-elf/4.1.2/../../../../nios2-elf/lib/mno-hw-mul\libc.a(lib_a-fstatr.o)
 .debug_aranges
                0x00000368       0x20 c:/altera/13.0sp1/nios2eds/bin/gnu/h-i686-mingw32/bin/../lib/gcc/nios2-elf/4.1.2/../../../../nios2-elf/lib/mno-hw-mul\libc.a(lib_a-isattyr.o)
 .debug_aranges
                0x00000388       0x20 c:/altera/13.0sp1/nios2eds/bin/gnu/h-i686-mingw32/bin/../lib/gcc/nios2-elf/4.1.2/../../../../nios2-elf/lib/mno-hw-mul\libc.a(lib_a-lseekr.o)
 .debug_aranges
                0x000003a8       0x20 c:/altera/13.0sp1/nios2eds/bin/gnu/h-i686-mingw32/bin/../lib/gcc/nios2-elf/4.1.2/../../../../nios2-elf/lib/mno-hw-mul\libc.a(lib_a-readr.o)
 .debug_aranges
                0x000003c8       0x20 c:/altera/13.0sp1/nios2eds/bin/gnu/h-i686-mingw32/bin/../lib/gcc/nios2-elf/4.1.2/mno-hw-mul\libgcc.a(_muldi3.o)
 .debug_aranges
                0x000003e8       0x20 c:/altera/13.0sp1/nios2eds/bin/gnu/h-i686-mingw32/bin/../lib/gcc/nios2-elf/4.1.2/mno-hw-mul\libgcc.a(lib2-mul.o)
 .debug_aranges
                0x00000408       0x20 ../exercise_5_bsp/\libhal_bsp.a(alt_close.o)
 .debug_aranges
                0x00000428       0x20 ../exercise_5_bsp/\libhal_bsp.a(alt_dev.o)
 .debug_aranges
                0x00000448       0x20 ../exercise_5_bsp/\libhal_bsp.a(alt_fstat.o)
 .debug_aranges
                0x00000468       0x20 ../exercise_5_bsp/\libhal_bsp.a(alt_gettod.o)
 .debug_aranges
                0x00000488       0x20 ../exercise_5_bsp/\libhal_bsp.a(alt_isatty.o)
 .debug_aranges
                0x000004a8       0x20 ../exercise_5_bsp/\libhal_bsp.a(alt_load.o)
 .debug_aranges
                0x000004c8       0x20 ../exercise_5_bsp/\libhal_bsp.a(alt_lseek.o)
 .debug_aranges
                0x000004e8       0x20 ../exercise_5_bsp/\libhal_bsp.a(alt_main.o)
 .debug_aranges
                0x00000508       0x20 ../exercise_5_bsp/\libhal_bsp.a(alt_malloc_lock.o)
 .debug_aranges
                0x00000528       0x20 ../exercise_5_bsp/\libhal_bsp.a(alt_read.o)
 .debug_aranges
                0x00000548       0x20 ../exercise_5_bsp/\libhal_bsp.a(alt_release_fd.o)
 .debug_aranges
                0x00000568       0x20 ../exercise_5_bsp/\libhal_bsp.a(alt_sbrk.o)
 .debug_aranges
                0x00000588       0x20 ../exercise_5_bsp/\libhal_bsp.a(alt_tick.o)
 .debug_aranges
                0x000005a8       0x20 ../exercise_5_bsp/\libhal_bsp.a(alt_write.o)
 .debug_aranges
                0x000005c8       0x20 ../exercise_5_bsp/\libhal_bsp.a(alt_sys_init.o)
 .debug_aranges
                0x000005e8       0x20 ../exercise_5_bsp/\libhal_bsp.a(altera_avalon_jtag_uart_fd.o)
 .debug_aranges
                0x00000608       0x20 ../exercise_5_bsp/\libhal_bsp.a(altera_avalon_jtag_uart_init.o)
 .debug_aranges
                0x00000628       0x20 ../exercise_5_bsp/\libhal_bsp.a(altera_avalon_jtag_uart_ioctl.o)
 .debug_aranges
                0x00000648       0x20 ../exercise_5_bsp/\libhal_bsp.a(altera_avalon_jtag_uart_read.o)
 .debug_aranges
                0x00000668       0x20 ../exercise_5_bsp/\libhal_bsp.a(altera_avalon_jtag_uart_write.o)
 .debug_aranges
                0x00000688       0x20 ../exercise_5_bsp/\libhal_bsp.a(altera_avalon_timer_sc.o)
 .debug_aranges
                0x000006a8       0x20 ../exercise_5_bsp/\libhal_bsp.a(altera_up_avalon_character_lcd.o)
 .debug_aranges
                0x000006c8       0x20 ../exercise_5_bsp/\libhal_bsp.a(altera_up_avalon_video_character_buffer_with_dma.o)
 .debug_aranges
                0x000006e8       0x20 ../exercise_5_bsp/\libhal_bsp.a(altera_up_avalon_video_pixel_buffer_dma.o)
 .debug_aranges
                0x00000708       0x20 ../exercise_5_bsp/\libhal_bsp.a(alt_alarm_start.o)
 .debug_aranges
                0x00000728       0x20 ../exercise_5_bsp/\libhal_bsp.a(alt_dcache_flush_all.o)
 .debug_aranges
                0x00000748       0x20 ../exercise_5_bsp/\libhal_bsp.a(alt_dev_llist_insert.o)
 .debug_aranges
                0x00000768       0x20 ../exercise_5_bsp/\libhal_bsp.a(alt_do_ctors.o)
 .debug_aranges
                0x00000788       0x20 ../exercise_5_bsp/\libhal_bsp.a(alt_do_dtors.o)
 .debug_aranges
                0x000007a8       0x20 ../exercise_5_bsp/\libhal_bsp.a(alt_find_dev.o)
 .debug_aranges
                0x000007c8       0x20 ../exercise_5_bsp/\libhal_bsp.a(alt_icache_flush_all.o)
 .debug_aranges
                0x000007e8       0x20 ../exercise_5_bsp/\libhal_bsp.a(alt_iic.o)
 .debug_aranges
                0x00000808       0x20 ../exercise_5_bsp/\libhal_bsp.a(alt_iic_isr_register.o)
 .debug_aranges
                0x00000828       0x20 ../exercise_5_bsp/\libhal_bsp.a(alt_io_redirect.o)
 .debug_aranges
                0x00000848       0x30 ../exercise_5_bsp/\libhal_bsp.a(alt_irq_entry.o)
 .debug_aranges
                0x00000878       0x28 ../exercise_5_bsp/\libhal_bsp.a(alt_irq_handler.o)
 .debug_aranges
                0x000008a0       0x20 ../exercise_5_bsp/\libhal_bsp.a(alt_open.o)
 .debug_aranges
                0x000008c0       0x20 ../exercise_5_bsp/\libhal_bsp.a(altera_nios2_qsys_irq.o)
 .debug_aranges
                0x000008e0       0x38 ../exercise_5_bsp/\libhal_bsp.a(alt_exception_entry.o)
 .debug_aranges
                0x00000918       0x20 ../exercise_5_bsp/\libhal_bsp.a(alt_find_file.o)
 .debug_aranges
                0x00000938       0x20 ../exercise_5_bsp/\libhal_bsp.a(alt_get_fd.o)
 .debug_aranges
                0x00000958       0x20 c:/altera/13.0sp1/nios2eds/bin/gnu/h-i686-mingw32/bin/../lib/gcc/nios2-elf/4.1.2/../../../../nios2-elf/lib/mno-hw-mul\libc.a(lib_a-atexit.o)
 .debug_aranges
                0x00000978       0x20 c:/altera/13.0sp1/nios2eds/bin/gnu/h-i686-mingw32/bin/../lib/gcc/nios2-elf/4.1.2/../../../../nios2-elf/lib/mno-hw-mul\libc.a(lib_a-exit.o)
 .debug_aranges
                0x00000998       0x20 c:/altera/13.0sp1/nios2eds/bin/gnu/h-i686-mingw32/bin/../lib/gcc/nios2-elf/4.1.2/../../../../nios2-elf/lib/mno-hw-mul\libc.a(lib_a-memcmp.o)
 .debug_aranges
                0x000009b8       0x20 c:/altera/13.0sp1/nios2eds/bin/gnu/h-i686-mingw32/bin/../lib/gcc/nios2-elf/4.1.2/../../../../nios2-elf/lib/mno-hw-mul\libc.a(lib_a-strcmp.o)
 .debug_aranges
                0x000009d8       0x20 c:/altera/13.0sp1/nios2eds/bin/gnu/h-i686-mingw32/bin/../lib/gcc/nios2-elf/4.1.2/../../../../nios2-elf/lib/mno-hw-mul\libc.a(lib_a-__atexit.o)
 .debug_aranges
                0x000009f8       0x20 c:/altera/13.0sp1/nios2eds/bin/gnu/h-i686-mingw32/bin/../lib/gcc/nios2-elf/4.1.2/../../../../nios2-elf/lib/mno-hw-mul\libc.a(lib_a-__call_atexit.o)
 .debug_aranges
                0x00000a18       0x20 c:/altera/13.0sp1/nios2eds/bin/gnu/h-i686-mingw32/bin/../lib/gcc/nios2-elf/4.1.2/mno-hw-mul\libgcc.a(_umoddi3.o)
 .debug_aranges
                0x00000a38       0x20 ../exercise_5_bsp/\libhal_bsp.a(alt_exit.o)

.debug_pubnames
                0x00000000     0x131c
 *(.debug_pubnames)
 .debug_pubnames
                0x00000000       0x1b obj/default/hello_world.o
 .debug_pubnames
                0x0000001b       0x48 c:/altera/13.0sp1/nios2eds/bin/gnu/h-i686-mingw32/bin/../lib/gcc/nios2-elf/4.1.2/mno-hw-mul\libgcc.a(lib2-divmod.o)
 .debug_pubnames
                0x00000063       0x27 c:/altera/13.0sp1/nios2eds/bin/gnu/h-i686-mingw32/bin/../lib/gcc/nios2-elf/4.1.2/../../../../nios2-elf/lib/mno-hw-mul\libc.a(lib_a-puts.o)
 .debug_pubnames
                0x0000008a       0x25 c:/altera/13.0sp1/nios2eds/bin/gnu/h-i686-mingw32/bin/../lib/gcc/nios2-elf/4.1.2/../../../../nios2-elf/lib/mno-hw-mul\libc.a(lib_a-rand.o)
 .debug_pubnames
                0x000000af       0x1d c:/altera/13.0sp1/nios2eds/bin/gnu/h-i686-mingw32/bin/../lib/gcc/nios2-elf/4.1.2/../../../../nios2-elf/lib/mno-hw-mul\libc.a(lib_a-strlen.o)
 .debug_pubnames
                0x000000cc       0x1b c:/altera/13.0sp1/nios2eds/bin/gnu/h-i686-mingw32/bin/../lib/gcc/nios2-elf/4.1.2/../../../../nios2-elf/lib/mno-hw-mul\libc.a(lib_a-time.o)
 .debug_pubnames
                0x000000e7       0x23 c:/altera/13.0sp1/nios2eds/bin/gnu/h-i686-mingw32/bin/../lib/gcc/nios2-elf/4.1.2/../../../../nios2-elf/lib/mno-hw-mul\libc.a(lib_a-fvwrite.o)
 .debug_pubnames
                0x0000010a       0x26 c:/altera/13.0sp1/nios2eds/bin/gnu/h-i686-mingw32/bin/../lib/gcc/nios2-elf/4.1.2/../../../../nios2-elf/lib/mno-hw-mul\libc.a(lib_a-gettimeofdayr.o)
 .debug_pubnames
                0x00000130       0x39 c:/altera/13.0sp1/nios2eds/bin/gnu/h-i686-mingw32/bin/../lib/gcc/nios2-elf/4.1.2/../../../../nios2-elf/lib/mno-hw-mul\libc.a(lib_a-impure.o)
 .debug_pubnames
                0x00000169       0x1c c:/altera/13.0sp1/nios2eds/bin/gnu/h-i686-mingw32/bin/../lib/gcc/nios2-elf/4.1.2/../../../../nios2-elf/lib/mno-hw-mul\libc.a(lib_a-int_errno.o)
 .debug_pubnames
                0x00000185       0xce c:/altera/13.0sp1/nios2eds/bin/gnu/h-i686-mingw32/bin/../lib/gcc/nios2-elf/4.1.2/../../../../nios2-elf/lib/mno-hw-mul\libc.a(lib_a-mallocr.o)
 .debug_pubnames
                0x00000253       0x1d c:/altera/13.0sp1/nios2eds/bin/gnu/h-i686-mingw32/bin/../lib/gcc/nios2-elf/4.1.2/../../../../nios2-elf/lib/mno-hw-mul\libc.a(lib_a-memchr.o)
 .debug_pubnames
                0x00000270       0x1d c:/altera/13.0sp1/nios2eds/bin/gnu/h-i686-mingw32/bin/../lib/gcc/nios2-elf/4.1.2/../../../../nios2-elf/lib/mno-hw-mul\libc.a(lib_a-memcpy.o)
 .debug_pubnames
                0x0000028d       0x1e c:/altera/13.0sp1/nios2eds/bin/gnu/h-i686-mingw32/bin/../lib/gcc/nios2-elf/4.1.2/../../../../nios2-elf/lib/mno-hw-mul\libc.a(lib_a-memmove.o)
 .debug_pubnames
                0x000002ab       0x21 c:/altera/13.0sp1/nios2eds/bin/gnu/h-i686-mingw32/bin/../lib/gcc/nios2-elf/4.1.2/../../../../nios2-elf/lib/mno-hw-mul\libc.a(lib_a-reallocr.o)
 .debug_pubnames
                0x000002cc       0x1e c:/altera/13.0sp1/nios2eds/bin/gnu/h-i686-mingw32/bin/../lib/gcc/nios2-elf/4.1.2/../../../../nios2-elf/lib/mno-hw-mul\libc.a(lib_a-sbrkr.o)
 .debug_pubnames
                0x000002ea       0x22 c:/altera/13.0sp1/nios2eds/bin/gnu/h-i686-mingw32/bin/../lib/gcc/nios2-elf/4.1.2/../../../../nios2-elf/lib/mno-hw-mul\libc.a(lib_a-wsetup.o)
 .debug_pubnames
                0x0000030c       0x2b c:/altera/13.0sp1/nios2eds/bin/gnu/h-i686-mingw32/bin/../lib/gcc/nios2-elf/4.1.2/../../../../nios2-elf/lib/mno-hw-mul\libc.a(lib_a-fflush.o)
 .debug_pubnames
                0x00000337       0xdb c:/altera/13.0sp1/nios2eds/bin/gnu/h-i686-mingw32/bin/../lib/gcc/nios2-elf/4.1.2/../../../../nios2-elf/lib/mno-hw-mul\libc.a(lib_a-findfp.o)
 .debug_pubnames
                0x00000412       0x31 c:/altera/13.0sp1/nios2eds/bin/gnu/h-i686-mingw32/bin/../lib/gcc/nios2-elf/4.1.2/../../../../nios2-elf/lib/mno-hw-mul\libc.a(lib_a-freer.o)
 .debug_pubnames
                0x00000443       0x2e c:/altera/13.0sp1/nios2eds/bin/gnu/h-i686-mingw32/bin/../lib/gcc/nios2-elf/4.1.2/../../../../nios2-elf/lib/mno-hw-mul\libc.a(lib_a-fwalk.o)
 .debug_pubnames
                0x00000471       0x23 c:/altera/13.0sp1/nios2eds/bin/gnu/h-i686-mingw32/bin/../lib/gcc/nios2-elf/4.1.2/../../../../nios2-elf/lib/mno-hw-mul\libc.a(lib_a-makebuf.o)
 .debug_pubnames
                0x00000494       0x1d c:/altera/13.0sp1/nios2eds/bin/gnu/h-i686-mingw32/bin/../lib/gcc/nios2-elf/4.1.2/../../../../nios2-elf/lib/mno-hw-mul\libc.a(lib_a-memset.o)
 .debug_pubnames
                0x000004b1       0x44 c:/altera/13.0sp1/nios2eds/bin/gnu/h-i686-mingw32/bin/../lib/gcc/nios2-elf/4.1.2/../../../../nios2-elf/lib/mno-hw-mul\libc.a(lib_a-stdio.o)
 .debug_pubnames
                0x000004f5       0x1f c:/altera/13.0sp1/nios2eds/bin/gnu/h-i686-mingw32/bin/../lib/gcc/nios2-elf/4.1.2/../../../../nios2-elf/lib/mno-hw-mul\libc.a(lib_a-writer.o)
 .debug_pubnames
                0x00000514       0x1f c:/altera/13.0sp1/nios2eds/bin/gnu/h-i686-mingw32/bin/../lib/gcc/nios2-elf/4.1.2/../../../../nios2-elf/lib/mno-hw-mul\libc.a(lib_a-closer.o)
 .debug_pubnames
                0x00000533       0x2b c:/altera/13.0sp1/nios2eds/bin/gnu/h-i686-mingw32/bin/../lib/gcc/nios2-elf/4.1.2/../../../../nios2-elf/lib/mno-hw-mul\libc.a(lib_a-fclose.o)
 .debug_pubnames
                0x0000055e       0x1f c:/altera/13.0sp1/nios2eds/bin/gnu/h-i686-mingw32/bin/../lib/gcc/nios2-elf/4.1.2/../../../../nios2-elf/lib/mno-hw-mul\libc.a(lib_a-fstatr.o)
 .debug_pubnames
                0x0000057d       0x20 c:/altera/13.0sp1/nios2eds/bin/gnu/h-i686-mingw32/bin/../lib/gcc/nios2-elf/4.1.2/../../../../nios2-elf/lib/mno-hw-mul\libc.a(lib_a-isattyr.o)
 .debug_pubnames
                0x0000059d       0x1f c:/altera/13.0sp1/nios2eds/bin/gnu/h-i686-mingw32/bin/../lib/gcc/nios2-elf/4.1.2/../../../../nios2-elf/lib/mno-hw-mul\libc.a(lib_a-lseekr.o)
 .debug_pubnames
                0x000005bc       0x1e c:/altera/13.0sp1/nios2eds/bin/gnu/h-i686-mingw32/bin/../lib/gcc/nios2-elf/4.1.2/../../../../nios2-elf/lib/mno-hw-mul\libc.a(lib_a-readr.o)
 .debug_pubnames
                0x000005da       0x1f c:/altera/13.0sp1/nios2eds/bin/gnu/h-i686-mingw32/bin/../lib/gcc/nios2-elf/4.1.2/mno-hw-mul\libgcc.a(_muldi3.o)
 .debug_pubnames
                0x000005f9       0x1f c:/altera/13.0sp1/nios2eds/bin/gnu/h-i686-mingw32/bin/../lib/gcc/nios2-elf/4.1.2/mno-hw-mul\libgcc.a(lib2-mul.o)
 .debug_pubnames
                0x00000618       0x1c ../exercise_5_bsp/\libhal_bsp.a(alt_close.o)
 .debug_pubnames
                0x00000634       0x63 ../exercise_5_bsp/\libhal_bsp.a(alt_dev.o)
 .debug_pubnames
                0x00000697       0x20 ../exercise_5_bsp/\libhal_bsp.a(alt_errno.o)
 .debug_pubnames
                0x000006b7       0x1c ../exercise_5_bsp/\libhal_bsp.a(alt_fstat.o)
 .debug_pubnames
                0x000006d3       0x46 ../exercise_5_bsp/\libhal_bsp.a(alt_gettod.o)
 .debug_pubnames
                0x00000719       0x1d ../exercise_5_bsp/\libhal_bsp.a(alt_isatty.o)
 .debug_pubnames
                0x00000736       0x1f ../exercise_5_bsp/\libhal_bsp.a(alt_load.o)
 .debug_pubnames
                0x00000755       0x1c ../exercise_5_bsp/\libhal_bsp.a(alt_lseek.o)
 .debug_pubnames
                0x00000771       0x46 ../exercise_5_bsp/\libhal_bsp.a(alt_main.o)
 .debug_pubnames
                0x000007b7       0x38 ../exercise_5_bsp/\libhal_bsp.a(alt_malloc_lock.o)
 .debug_pubnames
                0x000007ef       0x1b ../exercise_5_bsp/\libhal_bsp.a(alt_read.o)
 .debug_pubnames
                0x0000080a       0x25 ../exercise_5_bsp/\libhal_bsp.a(alt_release_fd.o)
 .debug_pubnames
                0x0000082f       0x1b ../exercise_5_bsp/\libhal_bsp.a(alt_sbrk.o)
 .debug_pubnames
                0x0000084a       0x68 ../exercise_5_bsp/\libhal_bsp.a(alt_tick.o)
 .debug_pubnames
                0x000008b2       0x1c ../exercise_5_bsp/\libhal_bsp.a(alt_write.o)
 .debug_pubnames
                0x000008ce       0x34 ../exercise_5_bsp/\libhal_bsp.a(alt_sys_init.o)
 .debug_pubnames
                0x00000902       0xa5 ../exercise_5_bsp/\libhal_bsp.a(altera_avalon_jtag_uart_fd.o)
 .debug_pubnames
                0x000009a7       0x55 ../exercise_5_bsp/\libhal_bsp.a(altera_avalon_jtag_uart_init.o)
 .debug_pubnames
                0x000009fc       0x34 ../exercise_5_bsp/\libhal_bsp.a(altera_avalon_jtag_uart_ioctl.o)
 .debug_pubnames
                0x00000a30       0x33 ../exercise_5_bsp/\libhal_bsp.a(altera_avalon_jtag_uart_read.o)
 .debug_pubnames
                0x00000a63       0x34 ../exercise_5_bsp/\libhal_bsp.a(altera_avalon_jtag_uart_write.o)
 .debug_pubnames
                0x00000a97       0x2f ../exercise_5_bsp/\libhal_bsp.a(altera_avalon_timer_sc.o)
 .debug_pubnames
                0x00000ac6      0x1cd ../exercise_5_bsp/\libhal_bsp.a(altera_up_avalon_character_lcd.o)
 .debug_pubnames
                0x00000c93       0xa5 ../exercise_5_bsp/\libhal_bsp.a(altera_up_avalon_video_character_buffer_with_dma.o)
 .debug_pubnames
                0x00000d38      0x1f1 ../exercise_5_bsp/\libhal_bsp.a(altera_up_avalon_video_pixel_buffer_dma.o)
 .debug_pubnames
                0x00000f29       0x26 ../exercise_5_bsp/\libhal_bsp.a(alt_alarm_start.o)
 .debug_pubnames
                0x00000f4f       0x2b ../exercise_5_bsp/\libhal_bsp.a(alt_dcache_flush_all.o)
 .debug_pubnames
                0x00000f7a       0x2b ../exercise_5_bsp/\libhal_bsp.a(alt_dev_llist_insert.o)
 .debug_pubnames
                0x00000fa5       0x20 ../exercise_5_bsp/\libhal_bsp.a(alt_do_ctors.o)
 .debug_pubnames
                0x00000fc5       0x20 ../exercise_5_bsp/\libhal_bsp.a(alt_do_dtors.o)
 .debug_pubnames
                0x00000fe5       0x23 ../exercise_5_bsp/\libhal_bsp.a(alt_find_dev.o)
 .debug_pubnames
                0x00001008       0x2b ../exercise_5_bsp/\libhal_bsp.a(alt_icache_flush_all.o)
 .debug_pubnames
                0x00001033       0x6e ../exercise_5_bsp/\libhal_bsp.a(alt_iic.o)
 .debug_pubnames
                0x000010a1       0x2b ../exercise_5_bsp/\libhal_bsp.a(alt_iic_isr_register.o)
 .debug_pubnames
                0x000010cc       0x26 ../exercise_5_bsp/\libhal_bsp.a(alt_io_redirect.o)
 .debug_pubnames
                0x000010f2       0x32 ../exercise_5_bsp/\libhal_bsp.a(alt_irq_handler.o)
 .debug_pubnames
                0x00001124       0x3b ../exercise_5_bsp/\libhal_bsp.a(alt_irq_vars.o)
 .debug_pubnames
                0x0000115f       0x1b ../exercise_5_bsp/\libhal_bsp.a(alt_open.o)
 .debug_pubnames
                0x0000117a       0x31 ../exercise_5_bsp/\libhal_bsp.a(altera_nios2_qsys_irq.o)
 .debug_pubnames
                0x000011ab       0x24 ../exercise_5_bsp/\libhal_bsp.a(alt_find_file.o)
 .debug_pubnames
                0x000011cf       0x21 ../exercise_5_bsp/\libhal_bsp.a(alt_get_fd.o)
 .debug_pubnames
                0x000011f0       0x2a c:/altera/13.0sp1/nios2eds/bin/gnu/h-i686-mingw32/bin/../lib/gcc/nios2-elf/4.1.2/../../../../nios2-elf/lib/mno-hw-mul\libc.a(lib_a-atexit.o)
 .debug_pubnames
                0x0000121a       0x1b c:/altera/13.0sp1/nios2eds/bin/gnu/h-i686-mingw32/bin/../lib/gcc/nios2-elf/4.1.2/../../../../nios2-elf/lib/mno-hw-mul\libc.a(lib_a-exit.o)
 .debug_pubnames
                0x00001235       0x1d c:/altera/13.0sp1/nios2eds/bin/gnu/h-i686-mingw32/bin/../lib/gcc/nios2-elf/4.1.2/../../../../nios2-elf/lib/mno-hw-mul\libc.a(lib_a-memcmp.o)
 .debug_pubnames
                0x00001252       0x1d c:/altera/13.0sp1/nios2eds/bin/gnu/h-i686-mingw32/bin/../lib/gcc/nios2-elf/4.1.2/../../../../nios2-elf/lib/mno-hw-mul\libc.a(lib_a-strcmp.o)
 .debug_pubnames
                0x0000126f       0x2a c:/altera/13.0sp1/nios2eds/bin/gnu/h-i686-mingw32/bin/../lib/gcc/nios2-elf/4.1.2/../../../../nios2-elf/lib/mno-hw-mul\libc.a(lib_a-__atexit.o)
 .debug_pubnames
                0x00001299       0x27 c:/altera/13.0sp1/nios2eds/bin/gnu/h-i686-mingw32/bin/../lib/gcc/nios2-elf/4.1.2/../../../../nios2-elf/lib/mno-hw-mul\libc.a(lib_a-__call_atexit.o)
 .debug_pubnames
                0x000012c0       0x20 c:/altera/13.0sp1/nios2eds/bin/gnu/h-i686-mingw32/bin/../lib/gcc/nios2-elf/4.1.2/mno-hw-mul\libgcc.a(_umoddi3.o)
 .debug_pubnames
                0x000012e0       0x20 c:/altera/13.0sp1/nios2eds/bin/gnu/h-i686-mingw32/bin/../lib/gcc/nios2-elf/4.1.2/mno-hw-mul\libgcc.a(_clz.o)
 .debug_pubnames
                0x00001300       0x1c ../exercise_5_bsp/\libhal_bsp.a(alt_exit.o)

.debug_info     0x00000000    0x1e984
 *(.debug_info .gnu.linkonce.wi.*)
 .debug_info    0x00000000       0x7b ../exercise_5_bsp//obj/HAL/src/crt0.o
 .debug_info    0x0000007b      0x561 obj/default/hello_world.o
 .debug_info    0x000005dc      0x21c c:/altera/13.0sp1/nios2eds/bin/gnu/h-i686-mingw32/bin/../lib/gcc/nios2-elf/4.1.2/mno-hw-mul\libgcc.a(lib2-divmod.o)
 .debug_info    0x000007f8      0xa25 c:/altera/13.0sp1/nios2eds/bin/gnu/h-i686-mingw32/bin/../lib/gcc/nios2-elf/4.1.2/../../../../nios2-elf/lib/mno-hw-mul\libc.a(lib_a-puts.o)
 .debug_info    0x0000121d      0x951 c:/altera/13.0sp1/nios2eds/bin/gnu/h-i686-mingw32/bin/../lib/gcc/nios2-elf/4.1.2/../../../../nios2-elf/lib/mno-hw-mul\libc.a(lib_a-rand.o)
 .debug_info    0x00001b6e       0xdb c:/altera/13.0sp1/nios2eds/bin/gnu/h-i686-mingw32/bin/../lib/gcc/nios2-elf/4.1.2/../../../../nios2-elf/lib/mno-hw-mul\libc.a(lib_a-strlen.o)
 .debug_info    0x00001c49      0x98f c:/altera/13.0sp1/nios2eds/bin/gnu/h-i686-mingw32/bin/../lib/gcc/nios2-elf/4.1.2/../../../../nios2-elf/lib/mno-hw-mul\libc.a(lib_a-time.o)
 .debug_info    0x000025d8      0xa88 c:/altera/13.0sp1/nios2eds/bin/gnu/h-i686-mingw32/bin/../lib/gcc/nios2-elf/4.1.2/../../../../nios2-elf/lib/mno-hw-mul\libc.a(lib_a-fvwrite.o)
 .debug_info    0x00003060      0x9ad c:/altera/13.0sp1/nios2eds/bin/gnu/h-i686-mingw32/bin/../lib/gcc/nios2-elf/4.1.2/../../../../nios2-elf/lib/mno-hw-mul\libc.a(lib_a-gettimeofdayr.o)
 .debug_info    0x00003a0d      0x93d c:/altera/13.0sp1/nios2eds/bin/gnu/h-i686-mingw32/bin/../lib/gcc/nios2-elf/4.1.2/../../../../nios2-elf/lib/mno-hw-mul\libc.a(lib_a-impure.o)
 .debug_info    0x0000434a       0x8c c:/altera/13.0sp1/nios2eds/bin/gnu/h-i686-mingw32/bin/../lib/gcc/nios2-elf/4.1.2/../../../../nios2-elf/lib/mno-hw-mul\libc.a(lib_a-int_errno.o)
 .debug_info    0x000043d6      0xcd0 c:/altera/13.0sp1/nios2eds/bin/gnu/h-i686-mingw32/bin/../lib/gcc/nios2-elf/4.1.2/../../../../nios2-elf/lib/mno-hw-mul\libc.a(lib_a-mallocr.o)
 .debug_info    0x000050a6      0x138 c:/altera/13.0sp1/nios2eds/bin/gnu/h-i686-mingw32/bin/../lib/gcc/nios2-elf/4.1.2/../../../../nios2-elf/lib/mno-hw-mul\libc.a(lib_a-memchr.o)
 .debug_info    0x000051de      0x106 c:/altera/13.0sp1/nios2eds/bin/gnu/h-i686-mingw32/bin/../lib/gcc/nios2-elf/4.1.2/../../../../nios2-elf/lib/mno-hw-mul\libc.a(lib_a-memcpy.o)
 .debug_info    0x000052e4      0x13e c:/altera/13.0sp1/nios2eds/bin/gnu/h-i686-mingw32/bin/../lib/gcc/nios2-elf/4.1.2/../../../../nios2-elf/lib/mno-hw-mul\libc.a(lib_a-memmove.o)
 .debug_info    0x00005422      0xbd7 c:/altera/13.0sp1/nios2eds/bin/gnu/h-i686-mingw32/bin/../lib/gcc/nios2-elf/4.1.2/../../../../nios2-elf/lib/mno-hw-mul\libc.a(lib_a-reallocr.o)
 .debug_info    0x00005ff9      0x962 c:/altera/13.0sp1/nios2eds/bin/gnu/h-i686-mingw32/bin/../lib/gcc/nios2-elf/4.1.2/../../../../nios2-elf/lib/mno-hw-mul\libc.a(lib_a-sbrkr.o)
 .debug_info    0x0000695b      0x95d c:/altera/13.0sp1/nios2eds/bin/gnu/h-i686-mingw32/bin/../lib/gcc/nios2-elf/4.1.2/../../../../nios2-elf/lib/mno-hw-mul\libc.a(lib_a-wsetup.o)
 .debug_info    0x000072b8      0x9fe c:/altera/13.0sp1/nios2eds/bin/gnu/h-i686-mingw32/bin/../lib/gcc/nios2-elf/4.1.2/../../../../nios2-elf/lib/mno-hw-mul\libc.a(lib_a-fflush.o)
 .debug_info    0x00007cb6      0xb72 c:/altera/13.0sp1/nios2eds/bin/gnu/h-i686-mingw32/bin/../lib/gcc/nios2-elf/4.1.2/../../../../nios2-elf/lib/mno-hw-mul\libc.a(lib_a-findfp.o)